Archive member included to satisfy reference by file (symbol)

c:/program files (x86)/atmel/studio/7.0/toolchain/arm/arm-gnu-toolchain/bin/../lib/gcc/arm-none-eabi/6.3.1/thumb/v7e-m\libgcc.a(_arm_addsubdf3.o)
                              src/main.o (__aeabi_f2d)
c:/program files (x86)/atmel/studio/7.0/toolchain/arm/arm-gnu-toolchain/bin/../lib/gcc/arm-none-eabi/6.3.1/thumb/v7e-m\libgcc.a(_arm_muldivdf3.o)
                              src/main.o (__aeabi_dmul)
c:/program files (x86)/atmel/studio/7.0/toolchain/arm/arm-gnu-toolchain/bin/../lib/gcc/arm-none-eabi/6.3.1/thumb/v7e-m\libgcc.a(_arm_fixdfsi.o)
                              src/main.o (__aeabi_d2iz)
c:/program files (x86)/atmel/studio/7.0/toolchain/arm/arm-gnu-toolchain/bin/../lib/gcc/arm-none-eabi/6.3.1/../../../../arm-none-eabi/lib/thumb/v7e-m\libc.a(lib_a-exit.o)
                              c:/program files (x86)/atmel/studio/7.0/toolchain/arm/arm-gnu-toolchain/bin/../lib/gcc/arm-none-eabi/6.3.1/../../../../arm-none-eabi/lib/thumb/v7e-m/crt0.o (exit)
c:/program files (x86)/atmel/studio/7.0/toolchain/arm/arm-gnu-toolchain/bin/../lib/gcc/arm-none-eabi/6.3.1/../../../../arm-none-eabi/lib/thumb/v7e-m\libc.a(lib_a-impure.o)
                              c:/program files (x86)/atmel/studio/7.0/toolchain/arm/arm-gnu-toolchain/bin/../lib/gcc/arm-none-eabi/6.3.1/../../../../arm-none-eabi/lib/thumb/v7e-m\libc.a(lib_a-exit.o) (_global_impure_ptr)
c:/program files (x86)/atmel/studio/7.0/toolchain/arm/arm-gnu-toolchain/bin/../lib/gcc/arm-none-eabi/6.3.1/../../../../arm-none-eabi/lib/thumb/v7e-m\libc.a(lib_a-init.o)
                              c:/program files (x86)/atmel/studio/7.0/toolchain/arm/arm-gnu-toolchain/bin/../lib/gcc/arm-none-eabi/6.3.1/../../../../arm-none-eabi/lib/thumb/v7e-m/crt0.o (__libc_init_array)
c:/program files (x86)/atmel/studio/7.0/toolchain/arm/arm-gnu-toolchain/bin/../lib/gcc/arm-none-eabi/6.3.1/../../../../arm-none-eabi/lib/thumb/v7e-m\libc.a(lib_a-memcpy.o)
                              src/ping_pong_buffer.o (memcpy)
c:/program files (x86)/atmel/studio/7.0/toolchain/arm/arm-gnu-toolchain/bin/../lib/gcc/arm-none-eabi/6.3.1/../../../../arm-none-eabi/lib/thumb/v7e-m\libc.a(lib_a-memset.o)
                              c:/program files (x86)/atmel/studio/7.0/toolchain/arm/arm-gnu-toolchain/bin/../lib/gcc/arm-none-eabi/6.3.1/../../../../arm-none-eabi/lib/thumb/v7e-m/crt0.o (memset)
c:/program files (x86)/atmel/studio/7.0/toolchain/arm/arm-gnu-toolchain/bin/../lib/gcc/arm-none-eabi/6.3.1/../../../../arm-none-eabi/lib/thumb/v7e-m\libc.a(lib_a-puts.o)
                              src/main.o (puts)
c:/program files (x86)/atmel/studio/7.0/toolchain/arm/arm-gnu-toolchain/bin/../lib/gcc/arm-none-eabi/6.3.1/../../../../arm-none-eabi/lib/thumb/v7e-m\libc.a(lib_a-setbuf.o)
                              src/main.o (setbuf)
c:/program files (x86)/atmel/studio/7.0/toolchain/arm/arm-gnu-toolchain/bin/../lib/gcc/arm-none-eabi/6.3.1/../../../../arm-none-eabi/lib/thumb/v7e-m\libc.a(lib_a-setvbuf.o)
                              c:/program files (x86)/atmel/studio/7.0/toolchain/arm/arm-gnu-toolchain/bin/../lib/gcc/arm-none-eabi/6.3.1/../../../../arm-none-eabi/lib/thumb/v7e-m\libc.a(lib_a-setbuf.o) (setvbuf)
c:/program files (x86)/atmel/studio/7.0/toolchain/arm/arm-gnu-toolchain/bin/../lib/gcc/arm-none-eabi/6.3.1/../../../../arm-none-eabi/lib/thumb/v7e-m\libc.a(lib_a-strlen.o)
                              c:/program files (x86)/atmel/studio/7.0/toolchain/arm/arm-gnu-toolchain/bin/../lib/gcc/arm-none-eabi/6.3.1/../../../../arm-none-eabi/lib/thumb/v7e-m\libc.a(lib_a-puts.o) (strlen)
c:/program files (x86)/atmel/studio/7.0/toolchain/arm/arm-gnu-toolchain/bin/../lib/gcc/arm-none-eabi/6.3.1/../../../../arm-none-eabi/lib/thumb/v7e-m\libc.a(lib_a-__call_atexit.o)
                              c:/program files (x86)/atmel/studio/7.0/toolchain/arm/arm-gnu-toolchain/bin/../lib/gcc/arm-none-eabi/6.3.1/../../../../arm-none-eabi/lib/thumb/v7e-m\libc.a(lib_a-exit.o) (__call_exitprocs)
c:/program files (x86)/atmel/studio/7.0/toolchain/arm/arm-gnu-toolchain/bin/../lib/gcc/arm-none-eabi/6.3.1/../../../../arm-none-eabi/lib/thumb/v7e-m\libc.a(lib_a-atexit.o)
                              c:/program files (x86)/atmel/studio/7.0/toolchain/arm/arm-gnu-toolchain/bin/../lib/gcc/arm-none-eabi/6.3.1/../../../../arm-none-eabi/lib/thumb/v7e-m\libc.a(lib_a-__call_atexit.o) (atexit)
c:/program files (x86)/atmel/studio/7.0/toolchain/arm/arm-gnu-toolchain/bin/../lib/gcc/arm-none-eabi/6.3.1/../../../../arm-none-eabi/lib/thumb/v7e-m\libc.a(lib_a-fflush.o)
                              c:/program files (x86)/atmel/studio/7.0/toolchain/arm/arm-gnu-toolchain/bin/../lib/gcc/arm-none-eabi/6.3.1/../../../../arm-none-eabi/lib/thumb/v7e-m\libc.a(lib_a-setvbuf.o) (_fflush_r)
c:/program files (x86)/atmel/studio/7.0/toolchain/arm/arm-gnu-toolchain/bin/../lib/gcc/arm-none-eabi/6.3.1/../../../../arm-none-eabi/lib/thumb/v7e-m\libc.a(lib_a-findfp.o)
[...]
Memory Configuration

Name             Origin             Length             Attributes
rom              0x00400000         0x00200000         xr
ram              0x20400000         0x00060000         xrw
*default*        0x00000000         0xffffffff

Linker script and memory map

LOAD c:/program files (x86)/atmel/studio/7.0/toolchain/arm/arm-gnu-toolchain/bin/../lib/gcc/arm-none-eabi/6.3.1/thumb/v7e-m/crti.o
LOAD c:/program files (x86)/atmel/studio/7.0/toolchain/arm/arm-gnu-toolchain/bin/../lib/gcc/arm-none-eabi/6.3.1/thumb/v7e-m/crtbegin.o
LOAD c:/program files (x86)/atmel/studio/7.0/toolchain/arm/arm-gnu-toolchain/bin/../lib/gcc/arm-none-eabi/6.3.1/../../../../arm-none-eabi/lib/thumb/v7e-m/crt0.o
LOAD src/ASF/sam/drivers/dacc/dacc.o
LOAD src/ping_pong_buffer.o
LOAD src/main.o
LOAD src/ASF/common/services/delay/sam/cycle_counter.o
LOAD src/ASF/sam/drivers/rtc/rtc.o
LOAD src/ASF/sam/drivers/tc/tc.o
LOAD src/ASF/common/services/clock/same70/sysclk.o
LOAD src/ASF/common/services/serial/usart_serial.o
LOAD src/ASF/common/services/sleepmgr/sam/sleepmgr.o
LOAD src/ASF/common/utils/interrupt/interrupt_sam_nvic.o
LOAD src/ASF/common/utils/stdio/read.o
LOAD src/ASF/common/utils/stdio/write.o
LOAD src/ASF/sam/boards/same70_xplained/init.o
LOAD src/ASF/sam/drivers/afec/afec.o
LOAD src/ASF/sam/drivers/mpu/mpu.o
LOAD src/ASF/sam/drivers/pio/pio.o
LOAD src/ASF/sam/drivers/pio/pio_handler.o
LOAD src/ASF/sam/drivers/pmc/pmc.o
LOAD src/ASF/sam/drivers/pmc/sleep.o
LOAD src/ASF/sam/drivers/uart/uart.o
LOAD src/ASF/sam/drivers/usart/usart.o
LOAD src/ASF/sam/utils/cmsis/same70/source/templates/gcc/startup_same70.o
LOAD src/ASF/sam/utils/cmsis/same70/source/templates/system_same70.o
LOAD src/ASF/sam/utils/syscalls/gcc/syscalls.o
START GROUP
LOAD ../src/ASF/thirdparty/CMSIS/Lib/GCC\libarm_cortexM7lfsp_math_softfp.a
LOAD c:/program files (x86)/atmel/studio/7.0/toolchain/arm/arm-gnu-toolchain/bin/../lib/gcc/arm-none-eabi/6.3.1/../../../../arm-none-eabi/lib/thumb/v7e-m\libm.a
END GROUP
START GROUP
LOAD c:/program files (x86)/atmel/studio/7.0/toolchain/arm/arm-gnu-toolchain/bin/../lib/gcc/arm-none-eabi/6.3.1/thumb/v7e-m\libgcc.a
LOAD c:/program files (x86)/atmel/studio/7.0/toolchain/arm/arm-gnu-toolchain/bin/../lib/gcc/arm-none-eabi/6.3.1/../../../../arm-none-eabi/lib/thumb/v7e-m\libc.a
END GROUP
LOAD c:/program files (x86)/atmel/studio/7.0/toolchain/arm/arm-gnu-toolchain/bin/../lib/gcc/arm-none-eabi/6.3.1/thumb/v7e-m/crtend.o
LOAD c:/program files (x86)/atmel/studio/7.0/toolchain/arm/arm-gnu-toolchain/bin/../lib/gcc/arm-none-eabi/6.3.1/thumb/v7e-m/crtn.o
                0x00002000                STACK_SIZE = DEFINED (STACK_SIZE)?STACK_SIZE:0x2000
                0x2045fffc                __ram_end__ = ((ORIGIN (ram) + LENGTH (ram)) - 0x4)
                0x00000200                HEAP_SIZE = DEFINED (HEAP_SIZE)?HEAP_SIZE:0x200

.text           0x00400000     0x4ac8
                0x00400000                . = ALIGN (0x4)
                0x00400000                _sfixed = .
 *(.vectors .vectors.*)
 .vectors       0x00400000      0x140 src/ASF/sam/utils/cmsis/same70/source/templates/gcc/startup_same70.o
                0x00400000                exception_table
 *(.text .text.* .gnu.linkonce.t.*)
 .text          0x00400140       0x6c c:/program files (x86)/atmel/studio/7.0/toolchain/arm/arm-gnu-toolchain/bin/../lib/gcc/arm-none-eabi/6.3.1/thumb/v7e-m/crtbegin.o
 .text.dacc_reset
                0x004001ac       0x1a src/ASF/sam/drivers/dacc/dacc.o
                0x004001ac                dacc_reset
 .text.dacc_get_interrupt_status
                0x004001c6       0x18 src/ASF/sam/drivers/dacc/dacc.o
                0x004001c6                dacc_get_interrupt_status
 .text.dacc_write_conversion_data
                0x004001de       0x26 src/ASF/sam/drivers/dacc/dacc.o
                0x004001de                dacc_write_conversion_data
 .text.dacc_enable_channel
                0x00400204       0x2c src/ASF/sam/drivers/dacc/dacc.o
                0x00400204                dacc_enable_channel
 .text.ppbuf_insert_active
                0x00400230       0xa4 src/ping_pong_buffer.o
                0x00400230                ppbuf_insert_active
 .text.ppbuf_remove_inactive
                0x004002d4       0x8c src/ping_pong_buffer.o
                0x004002d4                ppbuf_remove_inactive
 .text.ppbuf_get_full_signal
                0x00400360       0x84 src/ping_pong_buffer.o
                0x00400360                ppbuf_get_full_signal
 .text.afec_ch_sanity_check
                0x004003e4       0x18 src/main.o
 .text.afec_set_trigger
                0x004003fc       0x44 src/main.o
 .text.afec_channel_enable
                0x00400440       0x4c src/main.o
 .text.afec_channel_get_value
                0x0040048c       0x2c src/main.o
 .text.afec_channel_set_analog_offset
                0x004004b8       0x38 src/main.o
 .text.osc_get_rate
                0x004004f0       0x74 src/main.o
 .text.sysclk_get_main_hz
                0x00400564       0x20 src/main.o
 .text.sysclk_get_cpu_hz
                0x00400584       0x14 src/main.o
 .text.sysclk_get_peripheral_hz
                0x00400598       0x14 src/main.o
 .text.sysclk_enable_peripheral_clock
                0x004005ac       0x1c src/main.o
 .text.ioport_init
                0x004005c8       0x2c src/main.o
 .text.usart_serial_init
                0x004005f4      0x164 src/main.o
 .text.usart_serial_putchar
                0x00400758      0x10c src/main.o
 .text.usart_serial_getchar
                0x00400864      0x108 src/main.o
 .text.stdio_serial_init
                0x0040096c       0x68 src/main.o
 .text.TC0_Handler
                0x004009d4       0x24 src/main.o
                0x004009d4                TC0_Handler
 .text.AFEC_Temp_callback
                0x004009f8       0xe0 src/main.o
 .text.configure_console
                0x00400ad8       0x38 src/main.o
 .text.config_ADC_TEMP
                0x00400b10       0xc0 src/main.o
 .text.config_DAC
                0x00400bd0       0x2c src/main.o
 .text.TC_init  0x00400bfc       0xa8 src/main.o
                0x00400bfc                TC_init
 .text.BUT_init
                0x00400ca4       0x28 src/main.o
                0x00400ca4                BUT_init
 .text.main     0x00400ccc       0x64 src/main.o
                0x00400ccc                main
 .text.tc_init  0x00400d30       0x3a src/ASF/sam/drivers/tc/tc.o
                0x00400d30                tc_init
 .text.tc_start
                0x00400d6a       0x22 src/ASF/sam/drivers/tc/tc.o
                0x00400d6a                tc_start
 .text.tc_write_ra
                0x00400d8c       0x26 src/ASF/sam/drivers/tc/tc.o
                0x00400d8c                tc_write_ra
 .text.tc_write_rc
                0x00400db2       0x26 src/ASF/sam/drivers/tc/tc.o
                0x00400db2                tc_write_rc
 .text.tc_get_status
                0x00400dd8       0x24 src/ASF/sam/drivers/tc/tc.o
                0x00400dd8                tc_get_status
 .text.tc_find_mck_divisor
                0x00400dfc       0xa6 src/ASF/sam/drivers/tc/tc.o
                0x00400dfc                tc_find_mck_divisor
 *fill*         0x00400ea2        0x2 
 .text.osc_enable
                0x00400ea4       0x88 src/ASF/common/services/clock/same70/sysclk.o
 .text.osc_is_ready
                0x00400f2c       0x70 src/ASF/common/services/clock/same70/sysclk.o
 .text.osc_get_rate
                0x00400f9c       0x74 src/ASF/common/services/clock/same70/sysclk.o
 .text.osc_wait_ready
                0x00401010       0x2c src/ASF/common/services/clock/same70/sysclk.o
 .text.pll_config_init
                0x0040103c       0x6c src/ASF/common/services/clock/same70/sysclk.o
 .text.pll_enable
                0x004010a8       0x40 src/ASF/common/services/clock/same70/sysclk.o
 .text.pll_is_locked
                0x004010e8       0x2c src/ASF/common/services/clock/same70/sysclk.o
 .text.pll_enable_source
                0x00401114       0x38 src/ASF/common/services/clock/same70/sysclk.o
 .text.pll_wait_for_lock
                0x0040114c       0x24 src/ASF/common/services/clock/same70/sysclk.o
 .text.sysclk_get_main_hz
                0x00401170       0x20 src/ASF/common/services/clock/same70/sysclk.o
 .text.sysclk_get_cpu_hz
                0x00401190       0x14 src/ASF/common/services/clock/same70/sysclk.o
 .text.sysclk_init
                0x004011a4       0x7c src/ASF/common/services/clock/same70/sysclk.o
                0x004011a4                sysclk_init
 .text._read    0x00401220       0x54 src/ASF/common/utils/stdio/read.o
                0x00401220                _read
 .text._write   0x00401274       0x6c src/ASF/common/utils/stdio/write.o
                0x00401274                _write
 .text.SCB_EnableICache
                0x004012e0       0x38 src/ASF/sam/boards/same70_xplained/init.o
 .text.SCB_EnableDCache
                0x00401318       0xa4 src/ASF/sam/boards/same70_xplained/init.o
 .text.sysclk_enable_peripheral_clock
                0x004013bc       0x1c src/ASF/sam/boards/same70_xplained/init.o
 .text.ioport_init
                0x004013d8       0x2c src/ASF/sam/boards/same70_xplained/init.o
 .text.ioport_disable_pin
                0x00401404       0x4c src/ASF/sam/boards/same70_xplained/init.o
 .text.ioport_set_pin_mode
                0x00401450      0x11c src/ASF/sam/boards/same70_xplained/init.o
 .text.ioport_set_pin_dir
                0x0040156c       0x88 src/ASF/sam/boards/same70_xplained/init.o
 .text.ioport_set_pin_level
                0x004015f4       0x6c src/ASF/sam/boards/same70_xplained/init.o
 .text.ioport_set_pin_sense_mode
                0x00401660       0xd0 src/ASF/sam/boards/same70_xplained/init.o
 .text.tcm_disable
                0x00401730       0x44 src/ASF/sam/boards/same70_xplained/init.o
 .text.board_init
                0x00401774       0xb8 src/ASF/sam/boards/same70_xplained/init.o
                0x00401774                board_init
 .text.NVIC_EnableIRQ
                0x0040182c       0x34 src/ASF/sam/drivers/afec/afec.o
 .text.NVIC_ClearPendingIRQ
                0x00401860       0x34 src/ASF/sam/drivers/afec/afec.o
 .text.NVIC_SetPriority
                0x00401894       0x54 src/ASF/sam/drivers/afec/afec.o
 .text.cpu_irq_save
                0x004018e8       0x38 src/ASF/sam/drivers/afec/afec.o
 .text.cpu_irq_is_enabled_flags
                0x00401920       0x20 src/ASF/sam/drivers/afec/afec.o
 .text.cpu_irq_restore
                0x00401940       0x30 src/ASF/sam/drivers/afec/afec.o
 .text.afec_ch_sanity_check
                0x00401970       0x18 src/ASF/sam/drivers/afec/afec.o
 .text.afec_get_interrupt_status
                0x00401988       0x18 src/ASF/sam/drivers/afec/afec.o
 .text.afec_get_interrupt_mask
                0x004019a0       0x18 src/ASF/sam/drivers/afec/afec.o
 .text.sleepmgr_lock_mode
                0x004019b8       0x44 src/ASF/sam/drivers/afec/afec.o
 .text.osc_get_rate
                0x004019fc       0x74 src/ASF/sam/drivers/afec/afec.o
 .text.sysclk_get_main_hz
                0x00401a70       0x20 src/ASF/sam/drivers/afec/afec.o
 .text.sysclk_get_cpu_hz
                0x00401a90       0x14 src/ASF/sam/drivers/afec/afec.o
 .text.afec_find_inst_num
                0x00401aa4       0x38 src/ASF/sam/drivers/afec/afec.o
 .text.afec_find_pid
                0x00401adc       0x38 src/ASF/sam/drivers/afec/afec.o
 .text.afec_set_config
                0x00401b14       0xa8 src/ASF/sam/drivers/afec/afec.o
 .text.afec_ch_set_config
                0x00401bbc       0x94 src/ASF/sam/drivers/afec/afec.o
                0x00401bbc                afec_ch_set_config
 .text.afec_temp_sensor_set_config
                0x00401c50       0x48 src/ASF/sam/drivers/afec/afec.o
                0x00401c50                afec_temp_sensor_set_config
 .text.afec_get_config_defaults
                0x00401c98       0x60 src/ASF/sam/drivers/afec/afec.o
                0x00401c98                afec_get_config_defaults
 .text.afec_ch_get_config_defaults
                0x00401cf8       0x20 src/ASF/sam/drivers/afec/afec.o
                0x00401cf8                afec_ch_get_config_defaults
 .text.afec_temp_sensor_get_config_defaults
                0x00401d18       0x2e src/ASF/sam/drivers/afec/afec.o
                0x00401d18                afec_temp_sensor_get_config_defaults
 *fill*         0x00401d46        0x2 
 .text.afec_init
                0x00401d48       0x98 src/ASF/sam/drivers/afec/afec.o
                0x00401d48                afec_init
 .text.afec_set_callback
                0x00401de0       0x88 src/ASF/sam/drivers/afec/afec.o
                0x00401de0                afec_set_callback
 .text.afec_enable_interrupt
                0x00401e68       0x78 src/ASF/sam/drivers/afec/afec.o
                0x00401e68                afec_enable_interrupt
 .text.afec_interrupt
                0x00401ee0       0x3c src/ASF/sam/drivers/afec/afec.o
 .text.afec_process_callback
                0x00401f1c       0xbc src/ASF/sam/drivers/afec/afec.o
 .text.AFEC0_Handler
                0x00401fd8       0x18 src/ASF/sam/drivers/afec/afec.o
                0x00401fd8                AFEC0_Handler
 .text.AFEC1_Handler
                0x00401ff0       0x18 src/ASF/sam/drivers/afec/afec.o
                0x00401ff0                AFEC1_Handler
 .text.afec_enable
                0x00402008       0x30 src/ASF/sam/drivers/afec/afec.o
                0x00402008                afec_enable
 .text.pio_pull_up
                0x00402038       0x2c src/ASF/sam/drivers/pio/pio.o
                0x00402038                pio_pull_up
 .text.pio_get  0x00402064       0x46 src/ASF/sam/drivers/pio/pio.o
                0x00402064                pio_get
 *fill*         0x004020aa        0x2 
 .text.pio_set_input
                0x004020ac       0x80 src/ASF/sam/drivers/pio/pio.o
                0x004020ac                pio_set_input
 .text.pio_disable_interrupt
                0x0040212c       0x1c src/ASF/sam/drivers/pio/pio.o
                0x0040212c                pio_disable_interrupt
 .text.pio_get_interrupt_status
                0x00402148       0x18 src/ASF/sam/drivers/pio/pio.o
                0x00402148                pio_get_interrupt_status
 .text.pio_get_interrupt_mask
                0x00402160       0x18 src/ASF/sam/drivers/pio/pio.o
                0x00402160                pio_get_interrupt_mask
 .text.pio_handler_process
                0x00402178       0xb4 src/ASF/sam/drivers/pio/pio_handler.o
                0x00402178                pio_handler_process
 .text.PIOA_Handler
                0x0040222c       0x18 src/ASF/sam/drivers/pio/pio_handler.o
                0x0040222c                PIOA_Handler
 .text.PIOB_Handler
                0x00402244       0x18 src/ASF/sam/drivers/pio/pio_handler.o
                0x00402244                PIOB_Handler
 .text.PIOC_Handler
                0x0040225c       0x18 src/ASF/sam/drivers/pio/pio_handler.o
                0x0040225c                PIOC_Handler
 .text.PIOD_Handler
                0x00402274       0x18 src/ASF/sam/drivers/pio/pio_handler.o
                0x00402274                PIOD_Handler
 .text.PIOE_Handler
                0x0040228c       0x18 src/ASF/sam/drivers/pio/pio_handler.o
                0x0040228c                PIOE_Handler
 .text.pmc_mck_set_division
                0x004022a4       0x7c src/ASF/sam/drivers/pmc/pmc.o
                0x004022a4                pmc_mck_set_division
 .text.pmc_switch_mck_to_pllack
                0x00402320       0x84 src/ASF/sam/drivers/pmc/pmc.o
                0x00402320                pmc_switch_mck_to_pllack
 .text.pmc_switch_sclk_to_32kxtal
                0x004023a4       0x38 src/ASF/sam/drivers/pmc/pmc.o
                0x004023a4                pmc_switch_sclk_to_32kxtal
 .text.pmc_osc_is_ready_32kxtal
                0x004023dc       0x34 src/ASF/sam/drivers/pmc/pmc.o
                0x004023dc                pmc_osc_is_ready_32kxtal
 .text.pmc_switch_mainck_to_fastrc
                0x00402410       0x70 src/ASF/sam/drivers/pmc/pmc.o
                0x00402410                pmc_switch_mainck_to_fastrc
 .text.pmc_switch_mainck_to_xtal
                0x00402480       0x78 src/ASF/sam/drivers/pmc/pmc.o
                0x00402480                pmc_switch_mainck_to_xtal
 .text.pmc_osc_is_ready_mainck
                0x004024f8       0x1c src/ASF/sam/drivers/pmc/pmc.o
                0x004024f8                pmc_osc_is_ready_mainck
 .text.pmc_disable_pllack
                0x00402514       0x1c src/ASF/sam/drivers/pmc/pmc.o
                0x00402514                pmc_disable_pllack
 .text.pmc_is_locked_pllack
                0x00402530       0x1c src/ASF/sam/drivers/pmc/pmc.o
                0x00402530                pmc_is_locked_pllack
 .text.pmc_is_locked_upll
                0x0040254c       0x1c src/ASF/sam/drivers/pmc/pmc.o
                0x0040254c                pmc_is_locked_upll
 .text.pmc_enable_periph_clk
                0x00402568       0x84 src/ASF/sam/drivers/pmc/pmc.o
                0x00402568                pmc_enable_periph_clk
 .text.uart_init
                0x004025ec       0x58 src/ASF/sam/drivers/uart/uart.o
                0x004025ec                uart_init
 .text.uart_write
                0x00402644       0x30 src/ASF/sam/drivers/uart/uart.o
                0x00402644                uart_write
 .text.uart_read
                0x00402674       0x32 src/ASF/sam/drivers/uart/uart.o
                0x00402674                uart_read
 .text.usart_set_async_baudrate
                0x004026a6       0x8a src/ASF/sam/drivers/usart/usart.o
                0x004026a6                usart_set_async_baudrate
 .text.usart_reset
                0x00402730       0x54 src/ASF/sam/drivers/usart/usart.o
                0x00402730                usart_reset
 .text.usart_init_rs232
                0x00402784       0x84 src/ASF/sam/drivers/usart/usart.o
                0x00402784                usart_init_rs232
 .text.usart_enable_tx
                0x00402808       0x1a src/ASF/sam/drivers/usart/usart.o
                0x00402808                usart_enable_tx
 .text.usart_reset_tx
                0x00402822       0x1a src/ASF/sam/drivers/usart/usart.o
                0x00402822                usart_reset_tx
 .text.usart_enable_rx
                0x0040283c       0x1a src/ASF/sam/drivers/usart/usart.o
                0x0040283c                usart_enable_rx
 .text.usart_reset_rx
                0x00402856       0x1a src/ASF/sam/drivers/usart/usart.o
                0x00402856                usart_reset_rx
 .text.usart_reset_status
                0x00402870       0x1c src/ASF/sam/drivers/usart/usart.o
                0x00402870                usart_reset_status
 .text.usart_drive_RTS_pin_high
                0x0040288c       0x1c src/ASF/sam/drivers/usart/usart.o
                0x0040288c                usart_drive_RTS_pin_high
 .text.usart_write
                0x004028a8       0x32 src/ASF/sam/drivers/usart/usart.o
                0x004028a8                usart_write
 .text.usart_read
                0x004028da       0x34 src/ASF/sam/drivers/usart/usart.o
                0x004028da                usart_read
 *fill*         0x0040290e        0x2 
 .text.usart_disable_writeprotect
                0x00402910       0x20 src/ASF/sam/drivers/usart/usart.o
                0x00402910                usart_disable_writeprotect
 .text.cpu_irq_save
                0x00402930       0x38 src/ASF/sam/utils/cmsis/same70/source/templates/gcc/startup_same70.o
 .text.cpu_irq_is_enabled_flags
                0x00402968       0x20 src/ASF/sam/utils/cmsis/same70/source/templates/gcc/startup_same70.o
 .text.cpu_irq_restore
                0x00402988       0x30 src/ASF/sam/utils/cmsis/same70/source/templates/gcc/startup_same70.o
 .text.Reset_Handler
                0x004029b8       0xb0 src/ASF/sam/utils/cmsis/same70/source/templates/gcc/startup_same70.o
                0x004029b8                Reset_Handler
 .text.Dummy_Handler
                0x00402a68        0x6 src/ASF/sam/utils/cmsis/same70/source/templates/gcc/startup_same70.o
                0x00402a68                DACC_Handler
                0x00402a68                DebugMon_Handler
                0x00402a68                UART3_Handler
                0x00402a68                UART2_Handler
                0x00402a68                TRNG_Handler
                0x00402a68                HardFault_Handler
                0x00402a68                TC2_Handler
                0x00402a68                SysTick_Handler
                0x00402a68                PendSV_Handler
                0x00402a68                NMI_Handler
                0x00402a68                TC7_Handler
                0x00402a68                QSPI_Handler
                0x00402a68                ISI_Handler
                0x00402a68                TC9_Handler
                0x00402a68                RSWDT_Handler
                0x00402a68                MCAN1_Handler
                0x00402a68                USART0_Handler
                0x00402a68                RTT_Handler
                0x00402a68                USBHS_Handler
                0x00402a68                RTC_Handler
                0x00402a68                UsageFault_Handler
                0x00402a68                TC6_Handler
                0x00402a68                WDT_Handler
                0x00402a68                TC4_Handler
                0x00402a68                TC1_Handler
                0x00402a68                HSMCI_Handler
                0x00402a68                UART1_Handler
                0x00402a68                TC3_Handler
                0x00402a68                Dummy_Handler
                0x00402a68                TWIHS1_Handler
                0x00402a68                XDMAC_Handler
                0x00402a68                UART4_Handler
                0x00402a68                PWM1_Handler
                0x00402a68                USART1_Handler
                0x00402a68                PWM0_Handler
                0x00402a68                TC11_Handler
                0x00402a68                SSC_Handler
                0x00402a68                ACC_Handler
                0x00402a68                PMC_Handler
                0x00402a68                GMAC_Handler
                0x00402a68                MemManage_Handler
                0x00402a68                SUPC_Handler
                0x00402a68                SVC_Handler
                0x00402a68                TC8_Handler
                0x00402a68                EFC_Handler
                0x00402a68                USART2_Handler
                0x00402a68                SDRAMC_Handler
                0x00402a68                SPI1_Handler
                0x00402a68                MCAN0_Handler
                0x00402a68                TC10_Handler
                0x00402a68                TWIHS2_Handler
                0x00402a68                UART0_Handler
                0x00402a68                BusFault_Handler
                0x00402a68                RSTC_Handler
                0x00402a68                TC5_Handler
                0x00402a68                AES_Handler
                0x00402a68                ICM_Handler
                0x00402a68                TWIHS0_Handler
                0x00402a68                SPI0_Handler
 *fill*         0x00402a6e        0x2 
 .text.SystemCoreClockUpdate
                0x00402a70      0x168 src/ASF/sam/utils/cmsis/same70/source/templates/system_same70.o
                0x00402a70                SystemCoreClockUpdate
 .text.system_init_flash
                0x00402bd8       0xb0 src/ASF/sam/utils/cmsis/same70/source/templates/system_same70.o
                0x00402bd8                system_init_flash
 .text._sbrk    0x00402c88       0x58 src/ASF/sam/utils/syscalls/gcc/syscalls.o
                0x00402c88                _sbrk
 .text._close   0x00402ce0       0x18 src/ASF/sam/utils/syscalls/gcc/syscalls.o
                0x00402ce0                _close
 .text._fstat   0x00402cf8       0x20 src/ASF/sam/utils/syscalls/gcc/syscalls.o
                0x00402cf8                _fstat
 .text._isatty  0x00402d18       0x16 src/ASF/sam/utils/syscalls/gcc/syscalls.o
                0x00402d18                _isatty
 .text._lseek   0x00402d2e       0x1a src/ASF/sam/utils/syscalls/gcc/syscalls.o
                0x00402d2e                _lseek
 .text.__libc_init_array
                0x00402d48       0x50 c:/program files (x86)/atmel/studio/7.0/toolchain/arm/arm-gnu-toolchain/bin/../lib/gcc/arm-none-eabi/6.3.1/../../../../arm-none-eabi/lib/thumb/v7e-m\libc.a(lib_a-init.o)
                0x00402d48                __libc_init_array
 .text          0x00402d98      0x134 c:/program files (x86)/atmel/studio/7.0/toolchain/arm/arm-gnu-toolchain/bin/../lib/gcc/arm-none-eabi/6.3.1/../../../../arm-none-eabi/lib/thumb/v7e-m\libc.a(lib_a-memcpy.o)
                0x00402d98                memcpy
 .text.memset   0x00402ecc       0x9c c:/program files (x86)/atmel/studio/7.0/toolchain/arm/arm-gnu-toolchain/bin/../lib/gcc/arm-none-eabi/6.3.1/../../../../arm-none-eabi/lib/thumb/v7e-m\libc.a(lib_a-memset.o)
                0x00402ecc                memset
 .text._puts_r  0x00402f68       0x9c c:/program files (x86)/atmel/studio/7.0/toolchain/arm/arm-gnu-toolchain/bin/../lib/gcc/arm-none-eabi/6.3.1/../../../../arm-none-eabi/lib/thumb/v7e-m\libc.a(lib_a-puts.o)
                0x00402f68                _puts_r
 .text.puts     0x00403004       0x10 c:/program files (x86)/atmel/studio/7.0/toolchain/arm/arm-gnu-toolchain/bin/../lib/gcc/arm-none-eabi/6.3.1/../../../../arm-none-eabi/lib/thumb/v7e-m\libc.a(lib_a-puts.o)
                0x00403004                puts
 .text.setbuf   0x00403014       0x10 c:/program files (x86)/atmel/studio/7.0/toolchain/arm/arm-gnu-toolchain/bin/../lib/gcc/arm-none-eabi/6.3.1/../../../../arm-none-eabi/lib/thumb/v7e-m\libc.a(lib_a-setbuf.o)
                0x00403014                setbuf
 .text.setvbuf  0x00403024      0x190 c:/program files (x86)/atmel/studio/7.0/toolchain/arm/arm-gnu-toolchain/bin/../lib/gcc/arm-none-eabi/6.3.1/../../../../arm-none-eabi/lib/thumb/v7e-m\libc.a(lib_a-setvbuf.o)
                0x00403024                setvbuf
 *fill*         0x004031b4        0xc 
 .text          0x004031c0       0xdc c:/program files (x86)/atmel/studio/7.0/toolchain/arm/arm-gnu-toolchain/bin/../lib/gcc/arm-none-eabi/6.3.1/../../../../arm-none-eabi/lib/thumb/v7e-m\libc.a(lib_a-strlen.o)
                0x004031c0                strlen
 .text.startup.register_fini
                0x0040329c       0x14 c:/program files (x86)/atmel/studio/7.0/toolchain/arm/arm-gnu-toolchain/bin/../lib/gcc/arm-none-eabi/6.3.1/../../../../arm-none-eabi/lib/thumb/v7e-m\libc.a(lib_a-__call_atexit.o)
 .text.atexit   0x004032b0        0xc c:/program files (x86)/atmel/studio/7.0/toolchain/arm/arm-gnu-toolchain/bin/../lib/gcc/arm-none-eabi/6.3.1/../../../../arm-none-eabi/lib/thumb/v7e-m\libc.a(lib_a-atexit.o)
                0x004032b0                atexit
 .text.__sflush_r
                0x004032bc      0x140 c:/program files (x86)/atmel/studio/7.0/toolchain/arm/arm-gnu-toolchain/bin/../lib/gcc/arm-none-eabi/6.3.1/../../../../arm-none-eabi/lib/thumb/v7e-m\libc.a(lib_a-fflush.o)
                0x004032bc                __sflush_r
 .text._fflush_r
                0x004033fc       0x54 c:/program files (x86)/atmel/studio/7.0/toolchain/arm/arm-gnu-toolchain/bin/../lib/gcc/arm-none-eabi/6.3.1/../../../../arm-none-eabi/lib/thumb/v7e-m\libc.a(lib_a-fflush.o)
                0x004033fc                _fflush_r
 .text._cleanup_r
                0x00403450        0xc c:/program files (x86)/atmel/studio/7.0/toolchain/arm/arm-gnu-toolchain/bin/../lib/gcc/arm-none-eabi/6.3.1/../../../../arm-none-eabi/lib/thumb/v7e-m\libc.a(lib_a-findfp.o)
                0x00403450                _cleanup_r
 .text.std.isra.0
                0x0040345c       0x50 c:/program files (x86)/atmel/studio/7.0/toolchain/arm/arm-gnu-toolchain/bin/../lib/gcc/arm-none-eabi/6.3.1/../../../../arm-none-eabi/lib/thumb/v7e-m\libc.a(lib_a-findfp.o)
 .text.__sinit  0x004034ac       0x58 c:/program files (x86)/atmel/studio/7.0/toolchain/arm/arm-gnu-toolchain/bin/../lib/gcc/arm-none-eabi/6.3.1/../../../../arm-none-eabi/lib/thumb/v7e-m\libc.a(lib_a-findfp.o)
                0x004034ac                __sinit
 .text.__sfp_lock_acquire
                0x00403504        0xc c:/program files (x86)/atmel/studio/7.0/toolchain/arm/arm-gnu-toolchain/bin/../lib/gcc/arm-none-eabi/6.3.1/../../../../arm-none-eabi/lib/thumb/v7e-m\libc.a(lib_a-findfp.o)
                0x00403504                __sfp_lock_acquire
 .text.__sfp_lock_release
                0x00403510        0xc c:/program files (x86)/atmel/studio/7.0/toolchain/arm/arm-gnu-toolchain/bin/../lib/gcc/arm-none-eabi/6.3.1/../../../../arm-none-eabi/lib/thumb/v7e-m\libc.a(lib_a-findfp.o)
                0x00403510                __sfp_lock_release
 .text.__libc_fini_array
                0x0040351c       0x34 c:/program files (x86)/atmel/studio/7.0/toolchain/arm/arm-gnu-toolchain/bin/../lib/gcc/arm-none-eabi/6.3.1/../../../../arm-none-eabi/lib/thumb/v7e-m\libc.a(lib_a-fini.o)
                0x0040351c                __libc_fini_array
 .text._malloc_trim_r
                0x00403550       0xa0 c:/program files (x86)/atmel/studio/7.0/toolchain/arm/arm-gnu-toolchain/bin/../lib/gcc/arm-none-eabi/6.3.1/../../../../arm-none-eabi/lib/thumb/v7e-m\libc.a(lib_a-freer.o)
                0x00403550                _malloc_trim_r
 .text._free_r  0x004035f0      0x1cc c:/program files (x86)/atmel/studio/7.0/toolchain/arm/arm-gnu-toolchain/bin/../lib/gcc/arm-none-eabi/6.3.1/../../../../arm-none-eabi/lib/thumb/v7e-m\libc.a(lib_a-freer.o)
                0x004035f0                _free_r
 .text.__sfvwrite_r
                0x004037bc      0x2f0 c:/program files (x86)/atmel/studio/7.0/toolchain/arm/arm-gnu-toolchain/bin/../lib/gcc/arm-none-eabi/6.3.1/../../../../arm-none-eabi/lib/thumb/v7e-m\libc.a(lib_a-fvwrite.o)
                0x004037bc                __sfvwrite_r
 .text._fwalk_reent
                0x00403aac       0x54 c:/program files (x86)/atmel/studio/7.0/toolchain/arm/arm-gnu-toolchain/bin/../lib/gcc/arm-none-eabi/6.3.1/../../../../arm-none-eabi/lib/thumb/v7e-m\libc.a(lib_a-fwalk.o)
                0x00403aac                _fwalk_reent
 .text.__retarget_lock_init_recursive
                0x00403b00        0x4 c:/program files (x86)/atmel/studio/7.0/toolchain/arm/arm-gnu-toolchain/bin/../lib/gcc/arm-none-eabi/6.3.1/../../../../arm-none-eabi/lib/thumb/v7e-m\libc.a(lib_a-lock.o)
                0x00403b00                __retarget_lock_init_recursive
 .text.__retarget_lock_close_recursive
                0x00403b04        0x4 c:/program files (x86)/atmel/studio/7.0/toolchain/arm/arm-gnu-toolchain/bin/../lib/gcc/arm-none-eabi/6.3.1/../../../../arm-none-eabi/lib/thumb/v7e-m\libc.a(lib_a-lock.o)
                0x00403b04                __retarget_lock_close_recursive
 .text.__retarget_lock_acquire_recursive
                0x00403b08        0x4 c:/program files (x86)/atmel/studio/7.0/toolchain/arm/arm-gnu-toolchain/bin/../lib/gcc/arm-none-eabi/6.3.1/../../../../arm-none-eabi/lib/thumb/v7e-m\libc.a(lib_a-lock.o)
                0x00403b08                __retarget_lock_acquire_recursive
 .text.__retarget_lock_release_recursive
                0x00403b0c        0x4 c:/program files (x86)/atmel/studio/7.0/toolchain/arm/arm-gnu-toolchain/bin/../lib/gcc/arm-none-eabi/6.3.1/../../../../arm-none-eabi/lib/thumb/v7e-m\libc.a(lib_a-lock.o)
                0x00403b0c                __retarget_lock_release_recursive
 .text.__swhatbuf_r
                0x00403b10       0x5c c:/program files (x86)/atmel/studio/7.0/toolchain/arm/arm-gnu-toolchain/bin/../lib/gcc/arm-none-eabi/6.3.1/../../../../arm-none-eabi/lib/thumb/v7e-m\libc.a(lib_a-makebuf.o)
                0x00403b10                __swhatbuf_r
 .text.__smakebuf_r
                0x00403b6c       0x94 c:/program files (x86)/atmel/studio/7.0/toolchain/arm/arm-gnu-toolchain/bin/../lib/gcc/arm-none-eabi/6.3.1/../../../../arm-none-eabi/lib/thumb/v7e-m\libc.a(lib_a-makebuf.o)
                0x00403b6c                __smakebuf_r
 .text.malloc   0x00403c00       0x10 c:/program files (x86)/atmel/studio/7.0/toolchain/arm/arm-gnu-toolchain/bin/../lib/gcc/arm-none-eabi/6.3.1/../../../../arm-none-eabi/lib/thumb/v7e-m\libc.a(lib_a-malloc.o)
                0x00403c00                malloc
 .text._malloc_r
                0x00403c10      0x560 c:/program files (x86)/atmel/studio/7.0/toolchain/arm/arm-gnu-toolchain/bin/../lib/gcc/arm-none-eabi/6.3.1/../../../../arm-none-eabi/lib/thumb/v7e-m\libc.a(lib_a-mallocr.o)
                0x00403c10                _malloc_r
 .text          0x00404170       0xa0 c:/program files (x86)/atmel/studio/7.0/toolchain/arm/arm-gnu-toolchain/bin/../lib/gcc/arm-none-eabi/6.3.1/../../../../arm-none-eabi/lib/thumb/v7e-m\libc.a(lib_a-memchr.o)
                0x00404170                memchr
 .text.memmove  0x00404210       0xc8 c:/program files (x86)/atmel/studio/7.0/toolchain/arm/arm-gnu-toolchain/bin/../lib/gcc/arm-none-eabi/6.3.1/../../../../arm-none-eabi/lib/thumb/v7e-m\libc.a(lib_a-memmove.o)
                0x00404210                memmove
 .text.__malloc_lock
                0x004042d8        0xc c:/program files (x86)/atmel/studio/7.0/toolchain/arm/arm-gnu-toolchain/bin/../lib/gcc/arm-none-eabi/6.3.1/../../../../arm-none-eabi/lib/thumb/v7e-m\libc.a(lib_a-mlock.o)
                0x004042d8                __malloc_lock
 .text.__malloc_unlock
                0x004042e4        0xc c:/program files (x86)/atmel/studio/7.0/toolchain/arm/arm-gnu-toolchain/bin/../lib/gcc/arm-none-eabi/6.3.1/../../../../arm-none-eabi/lib/thumb/v7e-m\libc.a(lib_a-mlock.o)
                0x004042e4                __malloc_unlock
 .text._realloc_r
                0x004042f0      0x34c c:/program files (x86)/atmel/studio/7.0/toolchain/arm/arm-gnu-toolchain/bin/../lib/gcc/arm-none-eabi/6.3.1/../../../../arm-none-eabi/lib/thumb/v7e-m\libc.a(lib_a-reallocr.o)
                0x004042f0                _realloc_r
 .text._sbrk_r  0x0040463c       0x24 c:/program files (x86)/atmel/studio/7.0/toolchain/arm/arm-gnu-toolchain/bin/../lib/gcc/arm-none-eabi/6.3.1/../../../../arm-none-eabi/lib/thumb/v7e-m\libc.a(lib_a-sbrkr.o)
                0x0040463c                _sbrk_r
 .text.__sread  0x00404660       0x24 c:/program files (x86)/atmel/studio/7.0/toolchain/arm/arm-gnu-toolchain/bin/../lib/gcc/arm-none-eabi/6.3.1/../../../../arm-none-eabi/lib/thumb/v7e-m\libc.a(lib_a-stdio.o)
                0x00404660                __sread
 .text.__swrite
                0x00404684       0x3c c:/program files (x86)/atmel/studio/7.0/toolchain/arm/arm-gnu-toolchain/bin/../lib/gcc/arm-none-eabi/6.3.1/../../../../arm-none-eabi/lib/thumb/v7e-m\libc.a(lib_a-stdio.o)
                0x00404684                __swrite
 .text.__sseek  0x004046c0       0x20 c:/program files (x86)/atmel/studio/7.0/toolchain/arm/arm-gnu-toolchain/bin/../lib/gcc/arm-none-eabi/6.3.1/../../../../arm-none-eabi/lib/thumb/v7e-m\libc.a(lib_a-stdio.o)
                0x004046c0                __sseek
 .text.__sclose
                0x004046e0        0x8 c:/program files (x86)/atmel/studio/7.0/toolchain/arm/arm-gnu-toolchain/bin/../lib/gcc/arm-none-eabi/6.3.1/../../../../arm-none-eabi/lib/thumb/v7e-m\libc.a(lib_a-stdio.o)
                0x004046e0                __sclose
 .text._write_r
                0x004046e8       0x2c c:/program files (x86)/atmel/studio/7.0/toolchain/arm/arm-gnu-toolchain/bin/../lib/gcc/arm-none-eabi/6.3.1/../../../../arm-none-eabi/lib/thumb/v7e-m\libc.a(lib_a-writer.o)
                0x004046e8                _write_r
 .text.__swsetup_r
                0x00404714       0xc8 c:/program files (x86)/atmel/studio/7.0/toolchain/arm/arm-gnu-toolchain/bin/../lib/gcc/arm-none-eabi/6.3.1/../../../../arm-none-eabi/lib/thumb/v7e-m\libc.a(lib_a-wsetup.o)
                0x00404714                __swsetup_r
 .text.__register_exitproc
                0x004047dc       0xc4 c:/program files (x86)/atmel/studio/7.0/toolchain/arm/arm-gnu-toolchain/bin/../lib/gcc/arm-none-eabi/6.3.1/../../../../arm-none-eabi/lib/thumb/v7e-m\libc.a(lib_a-__atexit.o)
                0x004047dc                __register_exitproc
 .text._close_r
                0x004048a0       0x24 c:/program files (x86)/atmel/studio/7.0/toolchain/arm/arm-gnu-toolchain/bin/../lib/gcc/arm-none-eabi/6.3.1/../../../../arm-none-eabi/lib/thumb/v7e-m\libc.a(lib_a-closer.o)
                0x004048a0                _close_r
 .text._fclose_r
                0x004048c4       0xc4 c:/program files (x86)/atmel/studio/7.0/toolchain/arm/arm-gnu-toolchain/bin/../lib/gcc/arm-none-eabi/6.3.1/../../../../arm-none-eabi/lib/thumb/v7e-m\libc.a(lib_a-fclose.o)
                0x004048c4                _fclose_r
 .text._fstat_r
                0x00404988       0x28 c:/program files (x86)/atmel/studio/7.0/toolchain/arm/arm-gnu-toolchain/bin/../lib/gcc/arm-none-eabi/6.3.1/../../../../arm-none-eabi/lib/thumb/v7e-m\libc.a(lib_a-fstatr.o)
                0x00404988                _fstat_r
 .text._isatty_r
                0x004049b0       0x24 c:/program files (x86)/atmel/studio/7.0/toolchain/arm/arm-gnu-toolchain/bin/../lib/gcc/arm-none-eabi/6.3.1/../../../../arm-none-eabi/lib/thumb/v7e-m\libc.a(lib_a-isattyr.o)
                0x004049b0                _isatty_r
 .text._lseek_r
                0x004049d4       0x2c c:/program files (x86)/atmel/studio/7.0/toolchain/arm/arm-gnu-toolchain/bin/../lib/gcc/arm-none-eabi/6.3.1/../../../../arm-none-eabi/lib/thumb/v7e-m\libc.a(lib_a-lseekr.o)
                0x004049d4                _lseek_r
 .text._read_r  0x00404a00       0x2c c:/program files (x86)/atmel/studio/7.0/toolchain/arm/arm-gnu-toolchain/bin/../lib/gcc/arm-none-eabi/6.3.1/../../../../arm-none-eabi/lib/thumb/v7e-m\libc.a(lib_a-readr.o)
                0x00404a00                _read_r
 *(.glue_7t)
 .glue_7t       0x00404a2c        0x0 linker stubs
 *(.glue_7)
 .glue_7        0x00404a2c        0x0 linker stubs
 *(.rodata .rodata* .gnu.linkonce.r.*)
 .rodata        0x00404a2c       0x70 src/main.o
 .rodata._global_impure_ptr
                0x00404a9c        0x4 c:/program files (x86)/atmel/studio/7.0/toolchain/arm/arm-gnu-toolchain/bin/../lib/gcc/arm-none-eabi/6.3.1/../../../../arm-none-eabi/lib/thumb/v7e-m\libc.a(lib_a-impure.o)
                0x00404a9c                _global_impure_ptr
 .rodata._puts_r.str1.4
                0x00404aa0        0x4 c:/program files (x86)/atmel/studio/7.0/toolchain/arm/arm-gnu-toolchain/bin/../lib/gcc/arm-none-eabi/6.3.1/../../../../arm-none-eabi/lib/thumb/v7e-m\libc.a(lib_a-puts.o)
                                  0x2 (size before relaxing)
 *(.ARM.extab* .gnu.linkonce.armextab.*)
                0x00404aa4                . = ALIGN (0x4)
 *(.init)
 .init          0x00404aa4        0x4 c:/program files (x86)/atmel/studio/7.0/toolchain/arm/arm-gnu-toolchain/bin/../lib/gcc/arm-none-eabi/6.3.1/thumb/v7e-m/crti.o
                0x00404aa4                _init
 .init          0x00404aa8        0x8 c:/program files (x86)/atmel/studio/7.0/toolchain/arm/arm-gnu-toolchain/bin/../lib/gcc/arm-none-eabi/6.3.1/thumb/v7e-m/crtn.o
                0x00404ab0                . = ALIGN (0x4)
                0x00404ab0                __preinit_array_start = .
 *(.preinit_array)
                0x00404ab0                __preinit_array_end = .
                0x00404ab0                . = ALIGN (0x4)
                0x00404ab0                __init_array_start = .
 *(SORT(.init_array.*))
 .init_array.00000
                0x00404ab0        0x4 c:/program files (x86)/atmel/studio/7.0/toolchain/arm/arm-gnu-toolchain/bin/../lib/gcc/arm-none-eabi/6.3.1/../../../../arm-none-eabi/lib/thumb/v7e-m\libc.a(lib_a-__call_atexit.o)
 *(.init_array)
 .init_array    0x00404ab4        0x4 c:/program files (x86)/atmel/studio/7.0/toolchain/arm/arm-gnu-toolchain/bin/../lib/gcc/arm-none-eabi/6.3.1/thumb/v7e-m/crtbegin.o
                0x00404ab8                __init_array_end = .
                0x00404ab8                . = ALIGN (0x4)
 *crtbegin.o(.ctors)
 *(EXCLUDE_FILE(*crtend.o) .ctors)
 *(SORT(.ctors.*))
 *crtend.o(.ctors)
                0x00404ab8                . = ALIGN (0x4)
 *(.fini)
 .fini          0x00404ab8        0x4 c:/program files (x86)/atmel/studio/7.0/toolchain/arm/arm-gnu-toolchain/bin/../lib/gcc/arm-none-eabi/6.3.1/thumb/v7e-m/crti.o
                0x00404ab8                _fini
 .fini          0x00404abc        0x8 c:/program files (x86)/atmel/studio/7.0/toolchain/arm/arm-gnu-toolchain/bin/../lib/gcc/arm-none-eabi/6.3.1/thumb/v7e-m/crtn.o
                0x00404ac4                . = ALIGN (0x4)
                0x00404ac4                __fini_array_start = .
 *(.fini_array)
 .fini_array    0x00404ac4        0x4 c:/program files (x86)/atmel/studio/7.0/toolchain/arm/arm-gnu-toolchain/bin/../lib/gcc/arm-none-eabi/6.3.1/thumb/v7e-m/crtbegin.o
 *(SORT(.fini_array.*))
                0x00404ac8                __fini_array_end = .
 *crtbegin.o(.dtors)
 *(EXCLUDE_FILE(*crtend.o) .dtors)
 *(SORT(.dtors.*))
 *crtend.o(.dtors)
                0x00404ac8                . = ALIGN (0x4)
                0x00404ac8                _efixed = .
                [!provide]                PROVIDE (__exidx_start, .)

.vfp11_veneer   0x00404ac8        0x0
 .vfp11_veneer  0x00404ac8        0x0 linker stubs

.v4_bx          0x00404ac8        0x0
 .v4_bx         0x00404ac8        0x0 linker stubs

.iplt           0x00404ac8        0x0
 .iplt          0x00404ac8        0x0 c:/program files (x86)/atmel/studio/7.0/toolchain/arm/arm-gnu-toolchain/bin/../lib/gcc/arm-none-eabi/6.3.1/thumb/v7e-m/crtbegin.o

.eh_frame       0x00404ac8        0x0
 .eh_frame      0x00404ac8        0x0 c:/program files (x86)/atmel/studio/7.0/toolchain/arm/arm-gnu-toolchain/bin/../lib/gcc/arm-none-eabi/6.3.1/thumb/v7e-m/crtbegin.o

.rel.dyn        0x00404ac8        0x0
 .rel.iplt      0x00404ac8        0x0 c:/program files (x86)/atmel/studio/7.0/toolchain/arm/arm-gnu-toolchain/bin/../lib/gcc/arm-none-eabi/6.3.1/thumb/v7e-m/crtbegin.o

.jcr            0x00404ac8        0x0
 .jcr           0x00404ac8        0x0 c:/program files (x86)/atmel/studio/7.0/toolchain/arm/arm-gnu-toolchain/bin/../lib/gcc/arm-none-eabi/6.3.1/thumb/v7e-m/crtbegin.o

.igot.plt       0x00404ac8        0x0
 .igot.plt      0x00404ac8        0x0 c:/program files (x86)/atmel/studio/7.0/toolchain/arm/arm-gnu-toolchain/bin/../lib/gcc/arm-none-eabi/6.3.1/thumb/v7e-m/crtbegin.o

.ARM.exidx
 *(.ARM.exidx* .gnu.linkonce.armexidx.*)
                [!provide]                PROVIDE (__exidx_end, .)
                0x00404ac8                . = ALIGN (0x4)
                0x00404ac8                _etext = .

.relocate       0x20400000      0x864 load address 0x00404ac8
                0x20400000                . = ALIGN (0x4)
                0x20400000                _srelocate = .
 *(.ramfunc .ramfunc.*)
 *(.data .data.*)
 .data.buffer   0x20400000       0x18 src/main.o
                0x20400000                buffer
 .data.volume   0x20400018        0x4 src/main.o
                0x20400018                volume
 .data.g_interrupt_enabled
                0x2040001c        0x1 src/ASF/common/utils/interrupt/interrupt_sam_nvic.o
                0x2040001c                g_interrupt_enabled
 *fill*         0x2040001d        0x3 
 .data.SystemCoreClock
                0x20400020        0x4 src/ASF/sam/utils/cmsis/same70/source/templates/system_same70.o
                0x20400020                SystemCoreClock
 .data._impure_ptr
                0x20400024        0x4 c:/program files (x86)/atmel/studio/7.0/toolchain/arm/arm-gnu-toolchain/bin/../lib/gcc/arm-none-eabi/6.3.1/../../../../arm-none-eabi/lib/thumb/v7e-m\libc.a(lib_a-impure.o)
                0x20400024                _impure_ptr
 .data.impure_data
                0x20400028      0x428 c:/program files (x86)/atmel/studio/7.0/toolchain/arm/arm-gnu-toolchain/bin/../lib/gcc/arm-none-eabi/6.3.1/../../../../arm-none-eabi/lib/thumb/v7e-m\libc.a(lib_a-impure.o)
 .data.__atexit_recursive_mutex
                0x20400450        0x4 c:/program files (x86)/atmel/studio/7.0/toolchain/arm/arm-gnu-toolchain/bin/../lib/gcc/arm-none-eabi/6.3.1/../../../../arm-none-eabi/lib/thumb/v7e-m\libc.a(lib_a-__call_atexit.o)
                0x20400450                __atexit_recursive_mutex
 .data.__malloc_av_
                0x20400454      0x408 c:/program files (x86)/atmel/studio/7.0/toolchain/arm/arm-gnu-toolchain/bin/../lib/gcc/arm-none-eabi/6.3.1/../../../../arm-none-eabi/lib/thumb/v7e-m\libc.a(lib_a-mallocr.o)
                0x20400454                __malloc_av_
 .data.__malloc_sbrk_base
                0x2040085c        0x4 c:/program files (x86)/atmel/studio/7.0/toolchain/arm/arm-gnu-toolchain/bin/../lib/gcc/arm-none-eabi/6.3.1/../../../../arm-none-eabi/lib/thumb/v7e-m\libc.a(lib_a-mallocr.o)
                0x2040085c                __malloc_sbrk_base
 .data.__malloc_trim_threshold
                0x20400860        0x4 c:/program files (x86)/atmel/studio/7.0/toolchain/arm/arm-gnu-toolchain/bin/../lib/gcc/arm-none-eabi/6.3.1/../../../../arm-none-eabi/lib/thumb/v7e-m\libc.a(lib_a-mallocr.o)
                0x20400860                __malloc_trim_threshold
                0x20400864                . = ALIGN (0x4)
                0x20400864                _erelocate = .

.bss            0x20400864     0x5f4c load address 0x0040532c
                0x20400864                . = ALIGN (0x4)
                0x20400864                _sbss = .
                0x20400864                _szero = .
 *(.bss .bss.*)
 .bss           0x20400864       0x1c c:/program files (x86)/atmel/studio/7.0/toolchain/arm/arm-gnu-toolchain/bin/../lib/gcc/arm-none-eabi/6.3.1/thumb/v7e-m/crtbegin.o
 .bss.ppbuf_mem_buffer
                0x20400880     0x5dc0 src/main.o
                0x20400880                ppbuf_mem_buffer
 .bss.buf       0x20406640        0x4 src/main.o
                0x20406640                buf
 .bss.g_ul_value
                0x20406644        0x4 src/main.o
                0x20406644                g_ul_value
 .bss.gs_interrupt_sources
                0x20406648       0x70 src/ASF/sam/drivers/pio/pio_handler.o
 .bss.ul_reg_val.9325
                0x204066b8        0x4 src/ASF/sam/drivers/usart/usart.o
 .bss.heap.6420
                0x204066bc        0x4 src/ASF/sam/utils/syscalls/gcc/syscalls.o
 .bss.__malloc_current_mallinfo
                0x204066c0       0x28 c:/program files (x86)/atmel/studio/7.0/toolchain/arm/arm-gnu-toolchain/bin/../lib/gcc/arm-none-eabi/6.3.1/../../../../arm-none-eabi/lib/thumb/v7e-m\libc.a(lib_a-mallocr.o)
                0x204066c0                __malloc_current_mallinfo
 .bss.__malloc_max_sbrked_mem
                0x204066e8        0x4 c:/program files (x86)/atmel/studio/7.0/toolchain/arm/arm-gnu-toolchain/bin/../lib/gcc/arm-none-eabi/6.3.1/../../../../arm-none-eabi/lib/thumb/v7e-m\libc.a(lib_a-mallocr.o)
                0x204066e8                __malloc_max_sbrked_mem
 .bss.__malloc_max_total_mem
                0x204066ec        0x4 c:/program files (x86)/atmel/studio/7.0/toolchain/arm/arm-gnu-toolchain/bin/../lib/gcc/arm-none-eabi/6.3.1/../../../../arm-none-eabi/lib/thumb/v7e-m\libc.a(lib_a-mallocr.o)
                0x204066ec                __malloc_max_total_mem
 .bss.__malloc_top_pad
                0x204066f0        0x4 c:/program files (x86)/atmel/studio/7.0/toolchain/arm/arm-gnu-toolchain/bin/../lib/gcc/arm-none-eabi/6.3.1/../../../../arm-none-eabi/lib/thumb/v7e-m\libc.a(lib_a-mallocr.o)
                0x204066f0                __malloc_top_pad
 *(COMMON)
 COMMON         0x204066f4        0x6 src/ASF/common/services/sleepmgr/sam/sleepmgr.o
                0x204066f4                sleepmgr_locks
 *fill*         0x204066fa        0x2 
 COMMON         0x204066fc        0x4 src/ASF/common/utils/stdio/read.o
                0x204066fc                ptr_get
 COMMON         0x20406700        0x8 src/ASF/common/utils/stdio/write.o
                0x20406700                ptr_put
                0x20406704                stdio_base
 COMMON         0x20406708       0x80 src/ASF/sam/drivers/afec/afec.o
                0x20406708                afec_callback_pointer
 COMMON         0x20406788       0x21 c:/program files (x86)/atmel/studio/7.0/toolchain/arm/arm-gnu-toolchain/bin/../lib/gcc/arm-none-eabi/6.3.1/../../../../arm-none-eabi/lib/thumb/v7e-m\libc.a(lib_a-lock.o)
                0x20406788                __lock___atexit_recursive_mutex
                0x2040678c                __lock___arc4random_mutex
                0x20406790                __lock___env_recursive_mutex
                0x20406794                __lock___sinit_recursive_mutex
                0x20406798                __lock___malloc_recursive_mutex
                0x2040679c                __lock___at_quick_exit_mutex
                0x204067a0                __lock___dd_hash_mutex
                0x204067a4                __lock___tz_mutex
                0x204067a8                __lock___sfp_recursive_mutex
 *fill*         0x204067a9        0x3 
 COMMON         0x204067ac        0x4 c:/program files (x86)/atmel/studio/7.0/toolchain/arm/arm-gnu-toolchain/bin/../lib/gcc/arm-none-eabi/6.3.1/../../../../arm-none-eabi/lib/thumb/v7e-m\libc.a(lib_a-reent.o)
                0x204067ac                errno
                0x204067b0                . = ALIGN (0x4)
                0x204067b0                _ebss = .
                0x204067b0                _ezero = .

.stack          0x204067b0     0x2000 load address 0x0040b278
                0x204067b0                . = ALIGN (0x8)
                0x204067b0                _sstack = .
                0x204087b0                . = (. + STACK_SIZE)
 *fill*         0x204067b0     0x2000 
                0x204087b0                . = ALIGN (0x8)
                0x204087b0                _estack = .

.heap           0x204087b0      0x200 load address 0x0040d278
                0x204087b0                . = ALIGN (0x8)
                0x204087b0                _sheap = .
                0x204089b0                . = (. + HEAP_SIZE)
 *fill*         0x204087b0      0x200 
                0x204089b0                . = ALIGN (0x8)
                0x204089b0                _eheap = .
                0x204089b0                . = ALIGN (0x4)
                0x204089b0                _end = .
                0x2045ffff                _ram_end_ = ((ORIGIN (ram) + LENGTH (ram)) - 0x1)
OUTPUT(ADC.elf elf32-littlearm)

.ARM.attributes
                0x00000000       0x2e
 .ARM.attributes
                0x00000000       0x1e c:/program files (x86)/atmel/studio/7.0/toolchain/arm/arm-gnu-toolchain/bin/../lib/gcc/arm-none-eabi/6.3.1/thumb/v7e-m/crti.o
 .ARM.attributes
                0x0000001e       0x2e c:/program files (x86)/atmel/studio/7.0/toolchain/arm/arm-gnu-toolchain/bin/../lib/gcc/arm-none-eabi/6.3.1/thumb/v7e-m/crtbegin.o
 .ARM.attributes
                0x0000004c       0x37 src/ASF/sam/drivers/dacc/dacc.o
 .ARM.attributes
                0x00000083       0x37 src/ping_pong_buffer.o
 .ARM.attributes
                0x000000ba       0x37 src/main.o
 .ARM.attributes
                0x000000f1       0x37 src/ASF/sam/drivers/tc/tc.o
 .ARM.attributes
                0x00000128       0x37 src/ASF/common/services/clock/same70/sysclk.o
 .ARM.attributes
                0x0000015f       0x37 src/ASF/common/services/sleepmgr/sam/sleepmgr.o
 .ARM.attributes
                0x00000196       0x37 src/ASF/common/utils/interrupt/interrupt_sam_nvic.o
 .ARM.attributes
                0x000001cd       0x37 src/ASF/common/utils/stdio/read.o
 .ARM.attributes
                0x00000204       0x37 src/ASF/common/utils/stdio/write.o
 .ARM.attributes
                0x0000023b       0x37 src/ASF/sam/boards/same70_xplained/init.o
 .ARM.attributes
                0x00000272       0x37 src/ASF/sam/drivers/afec/afec.o
 .ARM.attributes
                0x000002a9       0x37 src/ASF/sam/drivers/pio/pio.o
 .ARM.attributes
                0x000002e0       0x37 src/ASF/sam/drivers/pio/pio_handler.o
 .ARM.attributes
                0x00000317       0x37 src/ASF/sam/drivers/pmc/pmc.o
 .ARM.attributes
                0x0000034e       0x37 src/ASF/sam/drivers/uart/uart.o
 .ARM.attributes
                0x00000385       0x37 src/ASF/sam/drivers/usart/usart.o
 .ARM.attributes
                0x000003bc       0x37 src/ASF/sam/utils/cmsis/same70/source/templates/gcc/startup_same70.o
 .ARM.attributes
                0x000003f3       0x37 src/ASF/sam/utils/cmsis/same70/source/templates/system_same70.o
 .ARM.attributes
                0x0000042a       0x37 src/ASF/sam/utils/syscalls/gcc/syscalls.o
 .ARM.attributes
                0x00000461       0x2e c:/program files (x86)/atmel/studio/7.0/toolchain/arm/arm-gnu-toolchain/bin/../lib/gcc/arm-none-eabi/6.3.1/../../../../arm-none-eabi/lib/thumb/v7e-m\libc.a(lib_a-impure.o)
 .ARM.attributes
                0x0000048f       0x2e c:/program files (x86)/atmel/studio/7.0/toolchain/arm/arm-gnu-toolchain/bin/../lib/gcc/arm-none-eabi/6.3.1/../../../../arm-none-eabi/lib/thumb/v7e-m\libc.a(lib_a-init.o)
 .ARM.attributes
                0x000004bd       0x1c c:/program files (x86)/atmel/studio/7.0/toolchain/arm/arm-gnu-toolchain/bin/../lib/gcc/arm-none-eabi/6.3.1/../../../../arm-none-eabi/lib/thumb/v7e-m\libc.a(lib_a-memcpy.o)
 .ARM.attributes
                0x000004d9       0x2e c:/program files (x86)/atmel/studio/7.0/toolchain/arm/arm-gnu-toolchain/bin/../lib/gcc/arm-none-eabi/6.3.1/../../../../arm-none-eabi/lib/thumb/v7e-m\libc.a(lib_a-memset.o)
 .ARM.attributes
                0x00000507       0x2e c:/program files (x86)/atmel/studio/7.0/toolchain/arm/arm-gnu-toolchain/bin/../lib/gcc/arm-none-eabi/6.3.1/../../../../arm-none-eabi/lib/thumb/v7e-m\libc.a(lib_a-puts.o)
 .ARM.attributes
                0x00000535       0x2e c:/program files (x86)/atmel/studio/7.0/toolchain/arm/arm-gnu-toolchain/bin/../lib/gcc/arm-none-eabi/6.3.1/../../../../arm-none-eabi/lib/thumb/v7e-m\libc.a(lib_a-setbuf.o)
 .ARM.attributes
                0x00000563       0x2e c:/program files (x86)/atmel/studio/7.0/toolchain/arm/arm-gnu-toolchain/bin/../lib/gcc/arm-none-eabi/6.3.1/../../../../arm-none-eabi/lib/thumb/v7e-m\libc.a(lib_a-setvbuf.o)
 .ARM.attributes
                0x00000591       0x1c c:/program files (x86)/atmel/studio/7.0/toolchain/arm/arm-gnu-toolchain/bin/../lib/gcc/arm-none-eabi/6.3.1/../../../../arm-none-eabi/lib/thumb/v7e-m\libc.a(lib_a-strlen.o)
 .ARM.attributes
                0x000005ad       0x2e c:/program files (x86)/atmel/studio/7.0/toolchain/arm/arm-gnu-toolchain/bin/../lib/gcc/arm-none-eabi/6.3.1/../../../../arm-none-eabi/lib/thumb/v7e-m\libc.a(lib_a-__call_atexit.o)
 .ARM.attributes
                0x000005db       0x2e c:/program files (x86)/atmel/studio/7.0/toolchain/arm/arm-gnu-toolchain/bin/../lib/gcc/arm-none-eabi/6.3.1/../../../../arm-none-eabi/lib/thumb/v7e-m\libc.a(lib_a-atexit.o)
 .ARM.attributes
                0x00000609       0x2e c:/program files (x86)/atmel/studio/7.0/toolchain/arm/arm-gnu-toolchain/bin/../lib/gcc/arm-none-eabi/6.3.1/../../../../arm-none-eabi/lib/thumb/v7e-m\libc.a(lib_a-fflush.o)
 .ARM.attributes
                0x00000637       0x2e c:/program files (x86)/atmel/studio/7.0/toolchain/arm/arm-gnu-toolchain/bin/../lib/gcc/arm-none-eabi/6.3.1/../../../../arm-none-eabi/lib/thumb/v7e-m\libc.a(lib_a-findfp.o)
 .ARM.attributes
                0x00000665       0x2e c:/program files (x86)/atmel/studio/7.0/toolchain/arm/arm-gnu-toolchain/bin/../lib/gcc/arm-none-eabi/6.3.1/../../../../arm-none-eabi/lib/thumb/v7e-m\libc.a(lib_a-fini.o)
 .ARM.attributes
                0x00000693       0x2e c:/program files (x86)/atmel/studio/7.0/toolchain/arm/arm-gnu-toolchain/bin/../lib/gcc/arm-none-eabi/6.3.1/../../../../arm-none-eabi/lib/thumb/v7e-m\libc.a(lib_a-freer.o)
 .ARM.attributes
                0x000006c1       0x2e c:/program files (x86)/atmel/studio/7.0/toolchain/arm/arm-gnu-toolchain/bin/../lib/gcc/arm-none-eabi/6.3.1/../../../../arm-none-eabi/lib/thumb/v7e-m\libc.a(lib_a-fvwrite.o)
 .ARM.attributes
                0x000006ef       0x2e c:/program files (x86)/atmel/studio/7.0/toolchain/arm/arm-gnu-toolchain/bin/../lib/gcc/arm-none-eabi/6.3.1/../../../../arm-none-eabi/lib/thumb/v7e-m\libc.a(lib_a-fwalk.o)
 .ARM.attributes
                0x0000071d       0x2e c:/program files (x86)/atmel/studio/7.0/toolchain/arm/arm-gnu-toolchain/bin/../lib/gcc/arm-none-eabi/6.3.1/../../../../arm-none-eabi/lib/thumb/v7e-m\libc.a(lib_a-lock.o)
 .ARM.attributes
                0x0000074b       0x2e c:/program files (x86)/atmel/studio/7.0/toolchain/arm/arm-gnu-toolchain/bin/../lib/gcc/arm-none-eabi/6.3.1/../../../../arm-none-eabi/lib/thumb/v7e-m\libc.a(lib_a-makebuf.o)
 .ARM.attributes
                0x00000779       0x2e c:/program files (x86)/atmel/studio/7.0/toolchain/arm/arm-gnu-toolchain/bin/../lib/gcc/arm-none-eabi/6.3.1/../../../../arm-none-eabi/lib/thumb/v7e-m\libc.a(lib_a-malloc.o)
 .ARM.attributes
                0x000007a7       0x2e c:/program files (x86)/atmel/studio/7.0/toolchain/arm/arm-gnu-toolchain/bin/../lib/gcc/arm-none-eabi/6.3.1/../../../../arm-none-eabi/lib/thumb/v7e-m\libc.a(lib_a-mallocr.o)
 .ARM.attributes
                0x000007d5       0x1c c:/program files (x86)/atmel/studio/7.0/toolchain/arm/arm-gnu-toolchain/bin/../lib/gcc/arm-none-eabi/6.3.1/../../../../arm-none-eabi/lib/thumb/v7e-m\libc.a(lib_a-memchr.o)
 .ARM.attributes
                0x000007f1       0x2e c:/program files (x86)/atmel/studio/7.0/toolchain/arm/arm-gnu-toolchain/bin/../lib/gcc/arm-none-eabi/6.3.1/../../../../arm-none-eabi/lib/thumb/v7e-m\libc.a(lib_a-memmove.o)
 .ARM.attributes
                0x0000081f       0x2e c:/program files (x86)/atmel/studio/7.0/toolchain/arm/arm-gnu-toolchain/bin/../lib/gcc/arm-none-eabi/6.3.1/../../../../arm-none-eabi/lib/thumb/v7e-m\libc.a(lib_a-mlock.o)
 .ARM.attributes
                0x0000084d       0x2e c:/program files (x86)/atmel/studio/7.0/toolchain/arm/arm-gnu-toolchain/bin/../lib/gcc/arm-none-eabi/6.3.1/../../../../arm-none-eabi/lib/thumb/v7e-m\libc.a(lib_a-reallocr.o)
 .ARM.attributes
                0x0000087b       0x2e c:/program files (x86)/atmel/studio/7.0/toolchain/arm/arm-gnu-toolchain/bin/../lib/gcc/arm-none-eabi/6.3.1/../../../../arm-none-eabi/lib/thumb/v7e-m\libc.a(lib_a-sbrkr.o)
 .ARM.attributes
                0x000008a9       0x2e c:/program files (x86)/atmel/studio/7.0/toolchain/arm/arm-gnu-toolchain/bin/../lib/gcc/arm-none-eabi/6.3.1/../../../../arm-none-eabi/lib/thumb/v7e-m\libc.a(lib_a-stdio.o)
 .ARM.attributes
                0x000008d7       0x2e c:/program files (x86)/atmel/studio/7.0/toolchain/arm/arm-gnu-toolchain/bin/../lib/gcc/arm-none-eabi/6.3.1/../../../../arm-none-eabi/lib/thumb/v7e-m\libc.a(lib_a-writer.o)
 .ARM.attributes
                0x00000905       0x2e c:/program files (x86)/atmel/studio/7.0/toolchain/arm/arm-gnu-toolchain/bin/../lib/gcc/arm-none-eabi/6.3.1/../../../../arm-none-eabi/lib/thumb/v7e-m\libc.a(lib_a-wsetup.o)
 .ARM.attributes
                0x00000933       0x2e c:/program files (x86)/atmel/studio/7.0/toolchain/arm/arm-gnu-toolchain/bin/../lib/gcc/arm-none-eabi/6.3.1/../../../../arm-none-eabi/lib/thumb/v7e-m\libc.a(lib_a-__atexit.o)
 .ARM.attributes
                0x00000961       0x2e c:/program files (x86)/atmel/studio/7.0/toolchain/arm/arm-gnu-toolchain/bin/../lib/gcc/arm-none-eabi/6.3.1/../../../../arm-none-eabi/lib/thumb/v7e-m\libc.a(lib_a-closer.o)
 .ARM.attributes
                0x0000098f       0x2e c:/program files (x86)/atmel/studio/7.0/toolchain/arm/arm-gnu-toolchain/bin/../lib/gcc/arm-none-eabi/6.3.1/../../../../arm-none-eabi/lib/thumb/v7e-m\libc.a(lib_a-fclose.o)
 .ARM.attributes
                0x000009bd       0x2e c:/program files (x86)/atmel/studio/7.0/toolchain/arm/arm-gnu-toolchain/bin/../lib/gcc/arm-none-eabi/6.3.1/../../../../arm-none-eabi/lib/thumb/v7e-m\libc.a(lib_a-fstatr.o)
 .ARM.attributes
                0x000009eb       0x2e c:/program files (x86)/atmel/studio/7.0/toolchain/arm/arm-gnu-toolchain/bin/../lib/gcc/arm-none-eabi/6.3.1/../../../../arm-none-eabi/lib/thumb/v7e-m\libc.a(lib_a-isattyr.o)
 .ARM.attributes
                0x00000a19       0x2e c:/program files (x86)/atmel/studio/7.0/toolchain/arm/arm-gnu-toolchain/bin/../lib/gcc/arm-none-eabi/6.3.1/../../../../arm-none-eabi/lib/thumb/v7e-m\libc.a(lib_a-lseekr.o)
 .ARM.attributes
                0x00000a47       0x2e c:/program files (x86)/atmel/studio/7.0/toolchain/arm/arm-gnu-toolchain/bin/../lib/gcc/arm-none-eabi/6.3.1/../../../../arm-none-eabi/lib/thumb/v7e-m\libc.a(lib_a-readr.o)
 .ARM.attributes
                0x00000a75       0x2e c:/program files (x86)/atmel/studio/7.0/toolchain/arm/arm-gnu-toolchain/bin/../lib/gcc/arm-none-eabi/6.3.1/../../../../arm-none-eabi/lib/thumb/v7e-m\libc.a(lib_a-reent.o)
 .ARM.attributes
                0x00000aa3       0x1e c:/program files (x86)/atmel/studio/7.0/toolchain/arm/arm-gnu-toolchain/bin/../lib/gcc/arm-none-eabi/6.3.1/thumb/v7e-m/crtn.o

.comment        0x00000000       0x59
 .comment       0x00000000       0x59 src/ASF/sam/drivers/dacc/dacc.o
                                 0x5a (size before relaxing)
 .comment       0x00000059       0x5a src/ping_pong_buffer.o
 .comment       0x00000059       0x5a src/main.o
 .comment       0x00000059       0x5a src/ASF/sam/drivers/tc/tc.o
 .comment       0x00000059       0x5a src/ASF/common/services/clock/same70/sysclk.o
 .comment       0x00000059       0x5a src/ASF/common/services/sleepmgr/sam/sleepmgr.o
 .comment       0x00000059       0x5a src/ASF/common/utils/interrupt/interrupt_sam_nvic.o
 .comment       0x00000059       0x5a src/ASF/common/utils/stdio/read.o
 .comment       0x00000059       0x5a src/ASF/common/utils/stdio/write.o
 .comment       0x00000059       0x5a src/ASF/sam/boards/same70_xplained/init.o
 .comment       0x00000059       0x5a src/ASF/sam/drivers/afec/afec.o
 .comment       0x00000059       0x5a src/ASF/sam/drivers/pio/pio.o
 .comment       0x00000059       0x5a src/ASF/sam/drivers/pio/pio_handler.o
 .comment       0x00000059       0x5a src/ASF/sam/drivers/pmc/pmc.o
 .comment       0x00000059       0x5a src/ASF/sam/drivers/uart/uart.o
 .comment       0x00000059       0x5a src/ASF/sam/drivers/usart/usart.o
 .comment       0x00000059       0x5a src/ASF/sam/utils/cmsis/same70/source/templates/gcc/startup_same70.o
 .comment       0x00000059       0x5a src/ASF/sam/utils/cmsis/same70/source/templates/system_same70.o
 .comment       0x00000059       0x5a src/ASF/sam/utils/syscalls/gcc/syscalls.o

.debug_info     0x00000000    0x186a2
 .debug_info    0x00000000     0x1004 src/ASF/sam/drivers/dacc/dacc.o
 .debug_info    0x00001004      0xc11 src/ping_pong_buffer.o
 .debug_info    0x00001c15     0x2863 src/main.o
 .debug_info    0x00004478     0x1249 src/ASF/sam/drivers/tc/tc.o
 .debug_info    0x000056c1     0x12d4 src/ASF/common/services/clock/same70/sysclk.o
 .debug_info    0x00006995      0xa8e src/ASF/common/services/sleepmgr/sam/sleepmgr.o
 .debug_info    0x00007423      0xb06 src/ASF/common/utils/interrupt/interrupt_sam_nvic.o
 .debug_info    0x00007f29      0xab9 src/ASF/common/utils/stdio/read.o
 .debug_info    0x000089e2      0xac2 src/ASF/common/utils/stdio/write.o
 .debug_info    0x000094a4     0x1fde src/ASF/sam/boards/same70_xplained/init.o
 .debug_info    0x0000b482     0x236a src/ASF/sam/drivers/afec/afec.o
 .debug_info    0x0000d7ec     0x1cbf src/ASF/sam/drivers/pio/pio.o
 .debug_info    0x0000f4ab     0x1a18 src/ASF/sam/drivers/pio/pio_handler.o
 .debug_info    0x00010ec3     0x1df9 src/ASF/sam/drivers/pmc/pmc.o
 .debug_info    0x00012cbc     0x105a src/ASF/sam/drivers/uart/uart.o
 .debug_info    0x00013d16     0x20f5 src/ASF/sam/drivers/usart/usart.o
 .debug_info    0x00015e0b     0x157c src/ASF/sam/utils/cmsis/same70/source/templates/gcc/startup_same70.o
 .debug_info    0x00017387      0x55f src/ASF/sam/utils/cmsis/same70/source/templates/system_same70.o
 .debug_info    0x000178e6      0xdbc src/ASF/sam/utils/syscalls/gcc/syscalls.o

.debug_abbrev   0x00000000     0x2f08
 .debug_abbrev  0x00000000      0x27a src/ASF/sam/drivers/dacc/dacc.o
 .debug_abbrev  0x0000027a      0x1e6 src/ping_pong_buffer.o
 .debug_abbrev  0x00000460      0x3b0 src/main.o
 .debug_abbrev  0x00000810      0x24a src/ASF/sam/drivers/tc/tc.o
 .debug_abbrev  0x00000a5a      0x296 src/ASF/common/services/clock/same70/sysclk.o
 .debug_abbrev  0x00000cf0      0x1b2 src/ASF/common/services/sleepmgr/sam/sleepmgr.o
 .debug_abbrev  0x00000ea2      0x214 src/ASF/common/utils/interrupt/interrupt_sam_nvic.o
 .debug_abbrev  0x000010b6      0x1da src/ASF/common/utils/stdio/read.o
 .debug_abbrev  0x00001290      0x1da src/ASF/common/utils/stdio/write.o
 .debug_abbrev  0x0000146a      0x3eb src/ASF/sam/boards/same70_xplained/init.o
 .debug_abbrev  0x00001855      0x3c0 src/ASF/sam/drivers/afec/afec.o
 .debug_abbrev  0x00001c15      0x296 src/ASF/sam/drivers/pio/pio.o
 .debug_abbrev  0x00001eab      0x2c9 src/ASF/sam/drivers/pio/pio_handler.o
 .debug_abbrev  0x00002174      0x2c5 src/ASF/sam/drivers/pmc/pmc.o
 .debug_abbrev  0x00002439      0x234 src/ASF/sam/drivers/uart/uart.o
 .debug_abbrev  0x0000266d      0x287 src/ASF/sam/drivers/usart/usart.o
 .debug_abbrev  0x000028f4      0x2e8 src/ASF/sam/utils/cmsis/same70/source/templates/gcc/startup_same70.o
 .debug_abbrev  0x00002bdc      0x102 src/ASF/sam/utils/cmsis/same70/source/templates/system_same70.o
 .debug_abbrev  0x00002cde      0x22a src/ASF/sam/utils/syscalls/gcc/syscalls.o

.debug_loc      0x00000000     0x8588
 .debug_loc     0x00000000      0x678 src/ASF/sam/drivers/dacc/dacc.o
 .debug_loc     0x00000678      0x210 src/ping_pong_buffer.o
 .debug_loc     0x00000888      0x6e8 src/main.o
 .debug_loc     0x00000f70      0x844 src/ASF/sam/drivers/tc/tc.o
 .debug_loc     0x000017b4      0x4a0 src/ASF/common/services/clock/same70/sysclk.o
 .debug_loc     0x00001c54       0xa0 src/ASF/common/utils/interrupt/interrupt_sam_nvic.o
 .debug_loc     0x00001cf4       0x50 src/ASF/common/utils/stdio/read.o
 .debug_loc     0x00001d44       0x50 src/ASF/common/utils/stdio/write.o
 .debug_loc     0x00001d94      0x358 src/ASF/sam/boards/same70_xplained/init.o
 .debug_loc     0x000020ec      0xc34 src/ASF/sam/drivers/afec/afec.o
 .debug_loc     0x00002d20     0x1174 src/ASF/sam/drivers/pio/pio.o
 .debug_loc     0x00003e94      0x38c src/ASF/sam/drivers/pio/pio_handler.o
 .debug_loc     0x00004220     0x172c src/ASF/sam/drivers/pmc/pmc.o
 .debug_loc     0x0000594c      0x8a0 src/ASF/sam/drivers/uart/uart.o
 .debug_loc     0x000061ec     0x1e4c src/ASF/sam/drivers/usart/usart.o
 .debug_loc     0x00008038      0x16c src/ASF/sam/utils/cmsis/same70/source/templates/gcc/startup_same70.o
 .debug_loc     0x000081a4       0xe4 src/ASF/sam/utils/cmsis/same70/source/templates/system_same70.o
 .debug_loc     0x00008288      0x300 src/ASF/sam/utils/syscalls/gcc/syscalls.o

.debug_aranges  0x00000000      0xe60
 .debug_aranges
                0x00000000       0xa8 src/ASF/sam/drivers/dacc/dacc.o
 .debug_aranges
                0x000000a8       0x48 src/ping_pong_buffer.o
 .debug_aranges
                0x000000f0       0xe8 src/main.o
 .debug_aranges
                0x000001d8       0xd0 src/ASF/sam/drivers/tc/tc.o
 .debug_aranges
                0x000002a8       0x98 src/ASF/common/services/clock/same70/sysclk.o
 .debug_aranges
                0x00000340       0x18 src/ASF/common/services/sleepmgr/sam/sleepmgr.o
 .debug_aranges
                0x00000358       0x28 src/ASF/common/utils/interrupt/interrupt_sam_nvic.o
 .debug_aranges
                0x00000380       0x20 src/ASF/common/utils/stdio/read.o
 .debug_aranges
                0x000003a0       0x20 src/ASF/common/utils/stdio/write.o
 .debug_aranges
                0x000003c0       0x70 src/ASF/sam/boards/same70_xplained/init.o
 .debug_aranges
                0x00000430      0x148 src/ASF/sam/drivers/afec/afec.o
 .debug_aranges
                0x00000578      0x1a8 src/ASF/sam/drivers/pio/pio.o
 .debug_aranges
                0x00000720       0x80 src/ASF/sam/drivers/pio/pio_handler.o
 .debug_aranges
                0x000007a0      0x250 src/ASF/sam/drivers/pmc/pmc.o
 .debug_aranges
                0x000009f0       0xd8 src/ASF/sam/drivers/uart/uart.o
 .debug_aranges
                0x00000ac8      0x2c8 src/ASF/sam/drivers/usart/usart.o
 .debug_aranges
                0x00000d90       0x40 src/ASF/sam/utils/cmsis/same70/source/templates/gcc/startup_same70.o
 .debug_aranges
                0x00000dd0       0x30 src/ASF/sam/utils/cmsis/same70/source/templates/system_same70.o
 .debug_aranges
                0x00000e00       0x60 src/ASF/sam/utils/syscalls/gcc/syscalls.o

.debug_ranges   0x00000000      0xda0
 .debug_ranges  0x00000000       0x98 src/ASF/sam/drivers/dacc/dacc.o
 .debug_ranges  0x00000098       0x38 src/ping_pong_buffer.o
 .debug_ranges  0x000000d0       0xd8 src/main.o
 .debug_ranges  0x000001a8       0xc0 src/ASF/sam/drivers/tc/tc.o
 .debug_ranges  0x00000268       0x88 src/ASF/common/services/clock/same70/sysclk.o
 .debug_ranges  0x000002f0       0x18 src/ASF/common/utils/interrupt/interrupt_sam_nvic.o
 .debug_ranges  0x00000308       0x10 src/ASF/common/utils/stdio/read.o
 .debug_ranges  0x00000318       0x10 src/ASF/common/utils/stdio/write.o
 .debug_ranges  0x00000328       0xd8 src/ASF/sam/boards/same70_xplained/init.o
 .debug_ranges  0x00000400      0x138 src/ASF/sam/drivers/afec/afec.o
 .debug_ranges  0x00000538      0x198 src/ASF/sam/drivers/pio/pio.o
 .debug_ranges  0x000006d0       0x70 src/ASF/sam/drivers/pio/pio_handler.o
 .debug_ranges  0x00000740      0x240 src/ASF/sam/drivers/pmc/pmc.o
 .debug_ranges  0x00000980       0xc8 src/ASF/sam/drivers/uart/uart.o
 .debug_ranges  0x00000a48      0x2b8 src/ASF/sam/drivers/usart/usart.o
 .debug_ranges  0x00000d00       0x30 src/ASF/sam/utils/cmsis/same70/source/templates/gcc/startup_same70.o
 .debug_ranges  0x00000d30       0x20 src/ASF/sam/utils/cmsis/same70/source/templates/system_same70.o
 .debug_ranges  0x00000d50       0x50 src/ASF/sam/utils/syscalls/gcc/syscalls.o

.debug_macro    0x00000000    0x20355
 .debug_macro   0x00000000      0x671 src/ASF/sam/drivers/dacc/dacc.o
 .debug_macro   0x00000671      0x8ce src/ASF/sam/drivers/dacc/dacc.o
 .debug_macro   0x00000f3f      0x16d src/ASF/sam/drivers/dacc/dacc.o
 .debug_macro   0x000010ac      0x64b src/ASF/sam/drivers/dacc/dacc.o
 .debug_macro   0x000016f7       0x76 src/ASF/sam/drivers/dacc/dacc.o
 .debug_macro   0x0000176d       0x16 src/ASF/sam/drivers/dacc/dacc.o
 .debug_macro   0x00001783      0x6e4 src/ASF/sam/drivers/dacc/dacc.o
 .debug_macro   0x00001e67       0x22 src/ASF/sam/drivers/dacc/dacc.o
 .debug_macro   0x00001e89       0x87 src/ASF/sam/drivers/dacc/dacc.o
 .debug_macro   0x00001f10       0x51 src/ASF/sam/drivers/dacc/dacc.o
 .debug_macro   0x00001f61       0xef src/ASF/sam/drivers/dacc/dacc.o
 .debug_macro   0x00002050       0x6a src/ASF/sam/drivers/dacc/dacc.o
 .debug_macro   0x000020ba      0x1df src/ASF/sam/drivers/dacc/dacc.o
 .debug_macro   0x00002299       0x4a src/ASF/sam/drivers/dacc/dacc.o
 .debug_macro   0x000022e3       0x3b src/ASF/sam/drivers/dacc/dacc.o
 .debug_macro   0x0000231e       0x2d src/ASF/sam/drivers/dacc/dacc.o
 .debug_macro   0x0000234b       0x26 src/ASF/sam/drivers/dacc/dacc.o
 .debug_macro   0x00002371      0xf9a src/ASF/sam/drivers/dacc/dacc.o
 .debug_macro   0x0000330b      0x175 src/ASF/sam/drivers/dacc/dacc.o
 .debug_macro   0x00003480      0x257 src/ASF/sam/drivers/dacc/dacc.o
 .debug_macro   0x000036d7      0xa0f src/ASF/sam/drivers/dacc/dacc.o
 .debug_macro   0x000040e6      0x1b9 src/ASF/sam/drivers/dacc/dacc.o
 .debug_macro   0x0000429f      0x336 src/ASF/sam/drivers/dacc/dacc.o
 .debug_macro   0x000045d5      0x15b src/ASF/sam/drivers/dacc/dacc.o
 .debug_macro   0x00004730     0x1851 src/ASF/sam/drivers/dacc/dacc.o
 .debug_macro   0x00005f81       0x1c src/ASF/sam/drivers/dacc/dacc.o
 .debug_macro   0x00005f9d      0x68d src/ASF/sam/drivers/dacc/dacc.o
 .debug_macro   0x0000662a      0x31e src/ASF/sam/drivers/dacc/dacc.o
 .debug_macro   0x00006948      0x4d4 src/ASF/sam/drivers/dacc/dacc.o
 .debug_macro   0x00006e1c      0x56e src/ASF/sam/drivers/dacc/dacc.o
 .debug_macro   0x0000738a     0x1332 src/ASF/sam/drivers/dacc/dacc.o
 .debug_macro   0x000086bc     0x278d src/ASF/sam/drivers/dacc/dacc.o
 .debug_macro   0x0000ae49     0x102b src/ASF/sam/drivers/dacc/dacc.o
 .debug_macro   0x0000be74      0xe01 src/ASF/sam/drivers/dacc/dacc.o
 .debug_macro   0x0000cc75      0x3b1 src/ASF/sam/drivers/dacc/dacc.o
 .debug_macro   0x0000d026       0xa0 src/ASF/sam/drivers/dacc/dacc.o
 .debug_macro   0x0000d0c6       0x76 src/ASF/sam/drivers/dacc/dacc.o
 .debug_macro   0x0000d13c      0x409 src/ASF/sam/drivers/dacc/dacc.o
 .debug_macro   0x0000d545       0x64 src/ASF/sam/drivers/dacc/dacc.o
 .debug_macro   0x0000d5a9      0x284 src/ASF/sam/drivers/dacc/dacc.o
 .debug_macro   0x0000d82d      0x1d0 src/ASF/sam/drivers/dacc/dacc.o
 .debug_macro   0x0000d9fd      0x248 src/ASF/sam/drivers/dacc/dacc.o
 .debug_macro   0x0000dc45      0x524 src/ASF/sam/drivers/dacc/dacc.o
 .debug_macro   0x0000e169      0x63b src/ASF/sam/drivers/dacc/dacc.o
 .debug_macro   0x0000e7a4      0x6b8 src/ASF/sam/drivers/dacc/dacc.o
 .debug_macro   0x0000ee5c       0x4c src/ASF/sam/drivers/dacc/dacc.o
 .debug_macro   0x0000eea8      0x468 src/ASF/sam/drivers/dacc/dacc.o
 .debug_macro   0x0000f310      0x207 src/ASF/sam/drivers/dacc/dacc.o
 .debug_macro   0x0000f517      0x866 src/ASF/sam/drivers/dacc/dacc.o
 .debug_macro   0x0000fd7d     0x1547 src/ASF/sam/drivers/dacc/dacc.o
 .debug_macro   0x000112c4       0x40 src/ASF/sam/drivers/dacc/dacc.o
 .debug_macro   0x00011304       0x76 src/ASF/sam/drivers/dacc/dacc.o
 .debug_macro   0x0001137a      0xdaf src/ASF/sam/drivers/dacc/dacc.o
 .debug_macro   0x00012129       0x82 src/ASF/sam/drivers/dacc/dacc.o
 .debug_macro   0x000121ab       0x76 src/ASF/sam/drivers/dacc/dacc.o
 .debug_macro   0x00012221       0x4c src/ASF/sam/drivers/dacc/dacc.o
 .debug_macro   0x0001226d      0x135 src/ASF/sam/drivers/dacc/dacc.o
 .debug_macro   0x000123a2      0x135 src/ASF/sam/drivers/dacc/dacc.o
 .debug_macro   0x000124d7      0x135 src/ASF/sam/drivers/dacc/dacc.o
 .debug_macro   0x0001260c       0x6a src/ASF/sam/drivers/dacc/dacc.o
 .debug_macro   0x00012676       0x6a src/ASF/sam/drivers/dacc/dacc.o
 .debug_macro   0x000126e0      0x313 src/ASF/sam/drivers/dacc/dacc.o
 .debug_macro   0x000129f3       0xb2 src/ASF/sam/drivers/dacc/dacc.o
 .debug_macro   0x00012aa5       0xb2 src/ASF/sam/drivers/dacc/dacc.o
 .debug_macro   0x00012b57       0xb2 src/ASF/sam/drivers/dacc/dacc.o
 .debug_macro   0x00012c09      0x11d src/ASF/sam/drivers/dacc/dacc.o
 .debug_macro   0x00012d26      0x11d src/ASF/sam/drivers/dacc/dacc.o
 .debug_macro   0x00012e43      0x2cd src/ASF/sam/drivers/dacc/dacc.o
 .debug_macro   0x00013110       0xb8 src/ASF/sam/drivers/dacc/dacc.o
 .debug_macro   0x000131c8       0x5e src/ASF/sam/drivers/dacc/dacc.o
 .debug_macro   0x00013226       0x40 src/ASF/sam/drivers/dacc/dacc.o
 .debug_macro   0x00013266       0x4c src/ASF/sam/drivers/dacc/dacc.o
 .debug_macro   0x000132b2       0xa0 src/ASF/sam/drivers/dacc/dacc.o
 .debug_macro   0x00013352      0x494 src/ASF/sam/drivers/dacc/dacc.o
 .debug_macro   0x000137e6      0x135 src/ASF/sam/drivers/dacc/dacc.o
 .debug_macro   0x0001391b       0x4c src/ASF/sam/drivers/dacc/dacc.o
 .debug_macro   0x00013967      0x313 src/ASF/sam/drivers/dacc/dacc.o
 .debug_macro   0x00013c7a       0x6a src/ASF/sam/drivers/dacc/dacc.o
 .debug_macro   0x00013ce4       0xb8 src/ASF/sam/drivers/dacc/dacc.o
 .debug_macro   0x00013d9c       0x6a src/ASF/sam/drivers/dacc/dacc.o
 .debug_macro   0x00013e06       0x2e src/ASF/sam/drivers/dacc/dacc.o
 .debug_macro   0x00013e34      0x9b1 src/ASF/sam/drivers/dacc/dacc.o
 .debug_macro   0x000147e5       0x6a src/ASF/sam/drivers/dacc/dacc.o
 .debug_macro   0x0001484f       0x88 src/ASF/sam/drivers/dacc/dacc.o
 .debug_macro   0x000148d7       0x58 src/ASF/sam/drivers/dacc/dacc.o
 .debug_macro   0x0001492f       0xe2 src/ASF/sam/drivers/dacc/dacc.o
 .debug_macro   0x00014a11       0x16 src/ASF/sam/drivers/dacc/dacc.o
 .debug_macro   0x00014a27       0xe2 src/ASF/sam/drivers/dacc/dacc.o
 .debug_macro   0x00014b09       0x4c src/ASF/sam/drivers/dacc/dacc.o
 .debug_macro   0x00014b55       0x16 src/ASF/sam/drivers/dacc/dacc.o
 .debug_macro   0x00014b6b       0x4c src/ASF/sam/drivers/dacc/dacc.o
 .debug_macro   0x00014bb7       0x2e src/ASF/sam/drivers/dacc/dacc.o
 .debug_macro   0x00014be5      0x1b5 src/ASF/sam/drivers/dacc/dacc.o
 .debug_macro   0x00014d9a      0x1b5 src/ASF/sam/drivers/dacc/dacc.o
 .debug_macro   0x00014f4f      0x1b5 src/ASF/sam/drivers/dacc/dacc.o
 .debug_macro   0x00015104      0x1b5 src/ASF/sam/drivers/dacc/dacc.o
 .debug_macro   0x000152b9      0x1b5 src/ASF/sam/drivers/dacc/dacc.o
 .debug_macro   0x0001546e       0x1c src/ASF/sam/drivers/dacc/dacc.o
 .debug_macro   0x0001548a       0x2e src/ASF/sam/drivers/dacc/dacc.o
 .debug_macro   0x000154b8       0x22 src/ASF/sam/drivers/dacc/dacc.o
 .debug_macro   0x000154da       0x1c src/ASF/sam/drivers/dacc/dacc.o
 .debug_macro   0x000154f6       0x52 src/ASF/sam/drivers/dacc/dacc.o
 .debug_macro   0x00015548       0x10 src/ASF/sam/drivers/dacc/dacc.o
 .debug_macro   0x00015558       0x1c src/ASF/sam/drivers/dacc/dacc.o
 .debug_macro   0x00015574       0x4c src/ASF/sam/drivers/dacc/dacc.o
 .debug_macro   0x000155c0       0x4c src/ASF/sam/drivers/dacc/dacc.o
 .debug_macro   0x0001560c       0x4c src/ASF/sam/drivers/dacc/dacc.o
 .debug_macro   0x00015658      0x31b src/ASF/sam/drivers/dacc/dacc.o
 .debug_macro   0x00015973     0x1022 src/ASF/sam/drivers/dacc/dacc.o
 .debug_macro   0x00016995      0x107 src/ASF/sam/drivers/dacc/dacc.o
 .debug_macro   0x00016a9c       0x58 src/ASF/sam/drivers/dacc/dacc.o
 .debug_macro   0x00016af4       0x35 src/ASF/sam/drivers/dacc/dacc.o
 .debug_macro   0x00016b29       0x9c src/ASF/sam/drivers/dacc/dacc.o
 .debug_macro   0x00016bc5       0x16 src/ASF/sam/drivers/dacc/dacc.o
 .debug_macro   0x00016bdb       0x35 src/ASF/sam/drivers/dacc/dacc.o
 .debug_macro   0x00016c10      0x353 src/ASF/sam/drivers/dacc/dacc.o
 .debug_macro   0x00016f63       0x10 src/ASF/sam/drivers/dacc/dacc.o
 .debug_macro   0x00016f73       0x58 src/ASF/sam/drivers/dacc/dacc.o
 .debug_macro   0x00016fcb       0x1f src/ASF/sam/drivers/dacc/dacc.o
 .debug_macro   0x00016fea       0x43 src/ASF/sam/drivers/dacc/dacc.o
 .debug_macro   0x0001702d       0x20 src/ASF/sam/drivers/dacc/dacc.o
 .debug_macro   0x0001704d      0x187 src/ASF/sam/drivers/dacc/dacc.o
 .debug_macro   0x000171d4       0x10 src/ASF/sam/drivers/dacc/dacc.o
 .debug_macro   0x000171e4       0x1c src/ASF/sam/drivers/dacc/dacc.o
 .debug_macro   0x00017200       0x52 src/ASF/sam/drivers/dacc/dacc.o
 .debug_macro   0x00017252       0x40 src/ASF/sam/drivers/dacc/dacc.o
 .debug_macro   0x00017292       0x10 src/ASF/sam/drivers/dacc/dacc.o
 .debug_macro   0x000172a2       0x40 src/ASF/sam/drivers/dacc/dacc.o
 .debug_macro   0x000172e2       0xd7 src/ASF/sam/drivers/dacc/dacc.o
 .debug_macro   0x000173b9       0x16 src/ASF/sam/drivers/dacc/dacc.o
 .debug_macro   0x000173cf      0x18b src/ASF/sam/drivers/dacc/dacc.o
 .debug_macro   0x0001755a       0x22 src/ASF/sam/drivers/dacc/dacc.o
 .debug_macro   0x0001757c       0x16 src/ASF/sam/drivers/dacc/dacc.o
 .debug_macro   0x00017592       0x16 src/ASF/sam/drivers/dacc/dacc.o
 .debug_macro   0x000175a8       0x29 src/ASF/sam/drivers/dacc/dacc.o
 .debug_macro   0x000175d1       0x75 src/ASF/sam/drivers/dacc/dacc.o
 .debug_macro   0x00017646       0x3f src/ASF/sam/drivers/dacc/dacc.o
 .debug_macro   0x00017685      0x3ca src/ASF/sam/drivers/dacc/dacc.o
 .debug_macro   0x00017a4f       0x10 src/ASF/sam/drivers/dacc/dacc.o
 .debug_macro   0x00017a5f      0x103 src/ping_pong_buffer.o
 .debug_macro   0x00017b62       0x52 src/ping_pong_buffer.o
 .debug_macro   0x00017bb4       0x8d src/ping_pong_buffer.o
 .debug_macro   0x00017c41       0x57 src/ping_pong_buffer.o
 .debug_macro   0x00017c98       0x10 src/ping_pong_buffer.o
 .debug_macro   0x00017ca8      0x86f src/main.o
 .debug_macro   0x00018517       0x97 src/main.o
 .debug_macro   0x000185ae       0xf6 src/main.o
 .debug_macro   0x000186a4       0x16 src/main.o
 .debug_macro   0x000186ba       0x16 src/main.o
 .debug_macro   0x000186d0       0x12 src/main.o
 .debug_macro   0x000186e2       0x16 src/main.o
 .debug_macro   0x000186f8       0x3a src/main.o
 .debug_macro   0x00018732      0x2c6 src/main.o
 .debug_macro   0x000189f8      0xa96 src/main.o
 .debug_macro   0x0001948e       0x70 src/main.o
 .debug_macro   0x000194fe       0x64 src/main.o
 .debug_macro   0x00019562       0x5f src/main.o
 .debug_macro   0x000195c1       0xac src/main.o
 .debug_macro   0x0001966d       0x28 src/main.o
 .debug_macro   0x00019695       0x23 src/main.o
 .debug_macro   0x000196b8       0x94 src/main.o
 .debug_macro   0x0001974c       0x40 src/main.o
 .debug_macro   0x0001978c       0x88 src/main.o
 .debug_macro   0x00019814      0x1ce src/main.o
 .debug_macro   0x000199e2       0x34 src/main.o
 .debug_macro   0x00019a16       0x16 src/main.o
 .debug_macro   0x00019a2c       0x1c src/main.o
 .debug_macro   0x00019a48       0x10 src/main.o
 .debug_macro   0x00019a58       0x1c src/main.o
 .debug_macro   0x00019a74       0x3a src/main.o
 .debug_macro   0x00019aae       0x28 src/main.o
 .debug_macro   0x00019ad6       0x10 src/main.o
 .debug_macro   0x00019ae6      0x66d src/ASF/sam/drivers/tc/tc.o
 .debug_macro   0x0001a153       0x1c src/ASF/sam/drivers/tc/tc.o
 .debug_macro   0x0001a16f      0x6d1 src/ASF/common/services/clock/same70/sysclk.o
 .debug_macro   0x0001a840      0x2c0 src/ASF/common/services/clock/same70/sysclk.o
 .debug_macro   0x0001ab00      0x67f src/ASF/common/services/sleepmgr/sam/sleepmgr.o
 .debug_macro   0x0001b17f      0x655 src/ASF/common/utils/interrupt/interrupt_sam_nvic.o
 .debug_macro   0x0001b7d4      0x655 src/ASF/common/utils/stdio/read.o
 .debug_macro   0x0001be29      0x655 src/ASF/common/utils/stdio/write.o
 .debug_macro   0x0001c47e      0x70b src/ASF/sam/boards/same70_xplained/init.o
 .debug_macro   0x0001cb89       0x16 src/ASF/sam/boards/same70_xplained/init.o
 .debug_macro   0x0001cb9f       0x82 src/ASF/sam/boards/same70_xplained/init.o
 .debug_macro   0x0001cc21      0x72e src/ASF/sam/drivers/afec/afec.o
 .debug_macro   0x0001d34f      0x66b src/ASF/sam/drivers/pio/pio.o
 .debug_macro   0x0001d9ba       0x8e src/ASF/sam/drivers/pio/pio.o
 .debug_macro   0x0001da48      0x676 src/ASF/sam/drivers/pio/pio_handler.o
 .debug_macro   0x0001e0be      0x66b src/ASF/sam/drivers/pmc/pmc.o
 .debug_macro   0x0001e729       0x6a src/ASF/sam/drivers/pmc/pmc.o
 .debug_macro   0x0001e793      0x665 src/ASF/sam/drivers/uart/uart.o
 .debug_macro   0x0001edf8       0x16 src/ASF/sam/drivers/uart/uart.o
 .debug_macro   0x0001ee0e      0x69b src/ASF/sam/drivers/usart/usart.o
 .debug_macro   0x0001f4a9       0x34 src/ASF/sam/drivers/usart/usart.o
 .debug_macro   0x0001f4dd      0x664 src/ASF/sam/utils/cmsis/same70/source/templates/gcc/startup_same70.o
 .debug_macro   0x0001fb41       0x10 src/ASF/sam/utils/cmsis/same70/source/templates/gcc/startup_same70.o
 .debug_macro   0x0001fb51      0x455 src/ASF/sam/utils/cmsis/same70/source/templates/system_same70.o
 .debug_macro   0x0001ffa6      0x1d6 src/ASF/sam/utils/syscalls/gcc/syscalls.o
 .debug_macro   0x0002017c       0x4c src/ASF/sam/utils/syscalls/gcc/syscalls.o
 .debug_macro   0x000201c8       0x16 src/ASF/sam/utils/syscalls/gcc/syscalls.o
 .debug_macro   0x000201de       0x10 src/ASF/sam/utils/syscalls/gcc/syscalls.o
 .debug_macro   0x000201ee       0x10 src/ASF/sam/utils/syscalls/gcc/syscalls.o
 .debug_macro   0x000201fe       0x35 src/ASF/sam/utils/syscalls/gcc/syscalls.o
 .debug_macro   0x00020233      0x122 src/ASF/sam/utils/syscalls/gcc/syscalls.o

.debug_line     0x00000000     0xdcbf
 .debug_line    0x00000000      0xb29 src/ASF/sam/drivers/dacc/dacc.o
 .debug_line    0x00000b29      0x3a3 src/ping_pong_buffer.o
 .debug_line    0x00000ecc     0x1239 src/main.o
 .debug_line    0x00002105      0xb8c src/ASF/sam/drivers/tc/tc.o
 .debug_line    0x00002c91      0xc67 src/ASF/common/services/clock/same70/sysclk.o
 .debug_line    0x000038f8      0xa4f src/ASF/common/services/sleepmgr/sam/sleepmgr.o
 .debug_line    0x00004347      0xa09 src/ASF/common/utils/interrupt/interrupt_sam_nvic.o
 .debug_line    0x00004d50      0x9ea src/ASF/common/utils/stdio/read.o
 .debug_line    0x0000573a      0x9e7 src/ASF/common/utils/stdio/write.o
 .debug_line    0x00006121      0xd8c src/ASF/sam/boards/same70_xplained/init.o
 .debug_line    0x00006ead     0x10b2 src/ASF/sam/drivers/afec/afec.o
 .debug_line    0x00007f5f      0xe17 src/ASF/sam/drivers/pio/pio.o
 .debug_line    0x00008d76      0xb18 src/ASF/sam/drivers/pio/pio_handler.o
 .debug_line    0x0000988e     0x10dc src/ASF/sam/drivers/pmc/pmc.o
 .debug_line    0x0000a96a      0xb91 src/ASF/sam/drivers/uart/uart.o
 .debug_line    0x0000b4fb     0x10cd src/ASF/sam/drivers/usart/usart.o
 .debug_line    0x0000c5c8      0xac0 src/ASF/sam/utils/cmsis/same70/source/templates/gcc/startup_same70.o
 .debug_line    0x0000d088      0x820 src/ASF/sam/utils/cmsis/same70/source/templates/system_same70.o
 .debug_line    0x0000d8a8      0x417 src/ASF/sam/utils/syscalls/gcc/syscalls.o

.debug_str      0x00000000    0x8cb37
 .debug_str     0x00000000    0x81a39 src/ASF/sam/drivers/dacc/dacc.o
                              0x820cc (size before relaxing)
 .debug_str     0x00081a39      0x20c src/ping_pong_buffer.o
                               0x5bd6 (size before relaxing)
 .debug_str     0x00081c45     0x7117 src/main.o
                              0x892b9 (size before relaxing)
 .debug_str     0x00088d5c      0x1fe src/ASF/sam/drivers/tc/tc.o
                              0x82119 (size before relaxing)
 .debug_str     0x00088f5a      0x441 src/ASF/common/services/clock/same70/sysclk.o
                              0x864b7 (size before relaxing)
 .debug_str     0x0008939b       0xbd src/ASF/common/services/sleepmgr/sam/sleepmgr.o
                              0x81f42 (size before relaxing)
 .debug_str     0x00089458       0x94 src/ASF/common/utils/interrupt/interrupt_sam_nvic.o
                              0x81e06 (size before relaxing)
 .debug_str     0x000894ec       0x2c src/ASF/common/utils/stdio/read.o
                              0x81daf (size before relaxing)
 .debug_str     0x00089518       0x26 src/ASF/common/utils/stdio/write.o
                              0x81db0 (size before relaxing)
 .debug_str     0x0008953e      0x79a src/ASF/sam/boards/same70_xplained/init.o
                              0x87052 (size before relaxing)
 .debug_str     0x00089cd8      0x845 src/ASF/sam/drivers/afec/afec.o
                              0x8746c (size before relaxing)
 .debug_str     0x0008a51d      0x551 src/ASF/sam/drivers/pio/pio.o
                              0x8295c (size before relaxing)
 .debug_str     0x0008aa6e      0x111 src/ASF/sam/drivers/pio/pio_handler.o
                              0x82a7e (size before relaxing)
 .debug_str     0x0008ab7f      0x622 src/ASF/sam/drivers/pmc/pmc.o
                              0x82ac0 (size before relaxing)
 .debug_str     0x0008b1a1      0x1e7 src/ASF/sam/drivers/uart/uart.o
                              0x820b6 (size before relaxing)
 .debug_str     0x0008b388      0x90a src/ASF/sam/drivers/usart/usart.o
                              0x8294e (size before relaxing)
 .debug_str     0x0008bc92      0x606 src/ASF/sam/utils/cmsis/same70/source/templates/gcc/startup_same70.o
                              0x825d3 (size before relaxing)
 .debug_str     0x0008c298      0x137 src/ASF/sam/utils/cmsis/same70/source/templates/system_same70.o
                              0x7281a (size before relaxing)
 .debug_str     0x0008c3cf      0x768 src/ASF/sam/utils/syscalls/gcc/syscalls.o
                               0x744b (size before relaxing)

.debug_frame    0x00000000     0x4690
 .debug_frame   0x00000000      0x2e0 src/ASF/sam/drivers/dacc/dacc.o
 .debug_frame   0x000002e0       0xf8 src/ping_pong_buffer.o
 .debug_frame   0x000003d8      0x388 src/main.o
 .debug_frame   0x00000760      0x3a8 src/ASF/sam/drivers/tc/tc.o
 .debug_frame   0x00000b08      0x240 src/ASF/common/services/clock/same70/sysclk.o
 .debug_frame   0x00000d48       0x58 src/ASF/common/utils/interrupt/interrupt_sam_nvic.o
 .debug_frame   0x00000da0       0x34 src/ASF/common/utils/stdio/read.o
 .debug_frame   0x00000dd4       0x34 src/ASF/common/utils/stdio/write.o
 .debug_frame   0x00000e08      0x19c src/ASF/sam/boards/same70_xplained/init.o
 .debug_frame   0x00000fa4      0x598 src/ASF/sam/drivers/afec/afec.o
 .debug_frame   0x0000153c      0x7c0 src/ASF/sam/drivers/pio/pio.o
 .debug_frame   0x00001cfc      0x1d0 src/ASF/sam/drivers/pio/pio_handler.o
 .debug_frame   0x00001ecc      0xa60 src/ASF/sam/drivers/pmc/pmc.o
 .debug_frame   0x0000292c      0x3d0 src/ASF/sam/drivers/uart/uart.o
 .debug_frame   0x00002cfc      0xd4c src/ASF/sam/drivers/usart/usart.o
 .debug_frame   0x00003a48       0xbc src/ASF/sam/utils/cmsis/same70/source/templates/gcc/startup_same70.o
 .debug_frame   0x00003b04       0x78 src/ASF/sam/utils/cmsis/same70/source/templates/system_same70.o
 .debug_frame   0x00003b7c      0x164 src/ASF/sam/utils/syscalls/gcc/syscalls.o
 .debug_frame   0x00003ce0       0x2c c:/program files (x86)/atmel/studio/7.0/toolchain/arm/arm-gnu-toolchain/bin/../lib/gcc/arm-none-eabi/6.3.1/../../../../arm-none-eabi/lib/thumb/v7e-m\libc.a(lib_a-init.o)
 .debug_frame   0x00003d0c       0x34 c:/program files (x86)/atmel/studio/7.0/toolchain/arm/arm-gnu-toolchain/bin/../lib/gcc/arm-none-eabi/6.3.1/../../../../arm-none-eabi/lib/thumb/v7e-m\libc.a(lib_a-memset.o)
 .debug_frame   0x00003d40       0x4c c:/program files (x86)/atmel/studio/7.0/toolchain/arm/arm-gnu-toolchain/bin/../lib/gcc/arm-none-eabi/6.3.1/../../../../arm-none-eabi/lib/thumb/v7e-m\libc.a(lib_a-puts.o)
 .debug_frame   0x00003d8c       0x20 c:/program files (x86)/atmel/studio/7.0/toolchain/arm/arm-gnu-toolchain/bin/../lib/gcc/arm-none-eabi/6.3.1/../../../../arm-none-eabi/lib/thumb/v7e-m\libc.a(lib_a-setbuf.o)
 .debug_frame   0x00003dac       0x48 c:/program files (x86)/atmel/studio/7.0/toolchain/arm/arm-gnu-toolchain/bin/../lib/gcc/arm-none-eabi/6.3.1/../../../../arm-none-eabi/lib/thumb/v7e-m\libc.a(lib_a-setvbuf.o)
 .debug_frame   0x00003df4       0x5c c:/program files (x86)/atmel/studio/7.0/toolchain/arm/arm-gnu-toolchain/bin/../lib/gcc/arm-none-eabi/6.3.1/../../../../arm-none-eabi/lib/thumb/v7e-m\libc.a(lib_a-__call_atexit.o)
 .debug_frame   0x00003e50       0x20 c:/program files (x86)/atmel/studio/7.0/toolchain/arm/arm-gnu-toolchain/bin/../lib/gcc/arm-none-eabi/6.3.1/../../../../arm-none-eabi/lib/thumb/v7e-m\libc.a(lib_a-atexit.o)
 .debug_frame   0x00003e70       0x5c c:/program files (x86)/atmel/studio/7.0/toolchain/arm/arm-gnu-toolchain/bin/../lib/gcc/arm-none-eabi/6.3.1/../../../../arm-none-eabi/lib/thumb/v7e-m\libc.a(lib_a-fflush.o)
 .debug_frame   0x00003ecc      0x148 c:/program files (x86)/atmel/studio/7.0/toolchain/arm/arm-gnu-toolchain/bin/../lib/gcc/arm-none-eabi/6.3.1/../../../../arm-none-eabi/lib/thumb/v7e-m\libc.a(lib_a-findfp.o)
 .debug_frame   0x00004014       0x34 c:/program files (x86)/atmel/studio/7.0/toolchain/arm/arm-gnu-toolchain/bin/../lib/gcc/arm-none-eabi/6.3.1/../../../../arm-none-eabi/lib/thumb/v7e-m\libc.a(lib_a-fini.o)
 .debug_frame   0x00004048       0x74 c:/program files (x86)/atmel/studio/7.0/toolchain/arm/arm-gnu-toolchain/bin/../lib/gcc/arm-none-eabi/6.3.1/../../../../arm-none-eabi/lib/thumb/v7e-m\libc.a(lib_a-freer.o)
 .debug_frame   0x000040bc       0x68 c:/program files (x86)/atmel/studio/7.0/toolchain/arm/arm-gnu-toolchain/bin/../lib/gcc/arm-none-eabi/6.3.1/../../../../arm-none-eabi/lib/thumb/v7e-m\libc.a(lib_a-fvwrite.o)
 .debug_frame   0x00004124       0x54 c:/program files (x86)/atmel/studio/7.0/toolchain/arm/arm-gnu-toolchain/bin/../lib/gcc/arm-none-eabi/6.3.1/../../../../arm-none-eabi/lib/thumb/v7e-m\libc.a(lib_a-fwalk.o)
 .debug_frame   0x00004178       0xb0 c:/program files (x86)/atmel/studio/7.0/toolchain/arm/arm-gnu-toolchain/bin/../lib/gcc/arm-none-eabi/6.3.1/../../../../arm-none-eabi/lib/thumb/v7e-m\libc.a(lib_a-lock.o)
 .debug_frame   0x00004228       0x68 c:/program files (x86)/atmel/studio/7.0/toolchain/arm/arm-gnu-toolchain/bin/../lib/gcc/arm-none-eabi/6.3.1/../../../../arm-none-eabi/lib/thumb/v7e-m\libc.a(lib_a-makebuf.o)
 .debug_frame   0x00004290       0x30 c:/program files (x86)/atmel/studio/7.0/toolchain/arm/arm-gnu-toolchain/bin/../lib/gcc/arm-none-eabi/6.3.1/../../../../arm-none-eabi/lib/thumb/v7e-m\libc.a(lib_a-malloc.o)
 .debug_frame   0x000042c0       0x58 c:/program files (x86)/atmel/studio/7.0/toolchain/arm/arm-gnu-toolchain/bin/../lib/gcc/arm-none-eabi/6.3.1/../../../../arm-none-eabi/lib/thumb/v7e-m\libc.a(lib_a-mallocr.o)
 .debug_frame   0x00004318       0x30 c:/program files (x86)/atmel/studio/7.0/toolchain/arm/arm-gnu-toolchain/bin/../lib/gcc/arm-none-eabi/6.3.1/../../../../arm-none-eabi/lib/thumb/v7e-m\libc.a(lib_a-memmove.o)
 .debug_frame   0x00004348       0x30 c:/program files (x86)/atmel/studio/7.0/toolchain/arm/arm-gnu-toolchain/bin/../lib/gcc/arm-none-eabi/6.3.1/../../../../arm-none-eabi/lib/thumb/v7e-m\libc.a(lib_a-mlock.o)
 .debug_frame   0x00004378       0x68 c:/program files (x86)/atmel/studio/7.0/toolchain/arm/arm-gnu-toolchain/bin/../lib/gcc/arm-none-eabi/6.3.1/../../../../arm-none-eabi/lib/thumb/v7e-m\libc.a(lib_a-reallocr.o)
 .debug_frame   0x000043e0       0x2c c:/program files (x86)/atmel/studio/7.0/toolchain/arm/arm-gnu-toolchain/bin/../lib/gcc/arm-none-eabi/6.3.1/../../../../arm-none-eabi/lib/thumb/v7e-m\libc.a(lib_a-sbrkr.o)
 .debug_frame   0x0000440c       0x88 c:/program files (x86)/atmel/studio/7.0/toolchain/arm/arm-gnu-toolchain/bin/../lib/gcc/arm-none-eabi/6.3.1/../../../../arm-none-eabi/lib/thumb/v7e-m\libc.a(lib_a-stdio.o)
 .debug_frame   0x00004494       0x2c c:/program files (x86)/atmel/studio/7.0/toolchain/arm/arm-gnu-toolchain/bin/../lib/gcc/arm-none-eabi/6.3.1/../../../../arm-none-eabi/lib/thumb/v7e-m\libc.a(lib_a-writer.o)
 .debug_frame   0x000044c0       0x2c c:/program files (x86)/atmel/studio/7.0/toolchain/arm/arm-gnu-toolchain/bin/../lib/gcc/arm-none-eabi/6.3.1/../../../../arm-none-eabi/lib/thumb/v7e-m\libc.a(lib_a-wsetup.o)