Archive member included to satisfy reference by file (symbol)

c:/program files (x86)/atmel/studio/7.0/toolchain/arm/arm-gnu-toolchain/bin/../lib/gcc/arm-none-eabi/6.3.1/../../../../arm-none-eabi/lib/thumb/v7e-m\libc.a(lib_a-exit.o)
                              c:/program files (x86)/atmel/studio/7.0/toolchain/arm/arm-gnu-toolchain/bin/../lib/gcc/arm-none-eabi/6.3.1/../../../../arm-none-eabi/lib/thumb/v7e-m/crt0.o (exit)
c:/program files (x86)/atmel/studio/7.0/toolchain/arm/arm-gnu-toolchain/bin/../lib/gcc/arm-none-eabi/6.3.1/../../../../arm-none-eabi/lib/thumb/v7e-m\libc.a(lib_a-impure.o)
                              c:/program files (x86)/atmel/studio/7.0/toolchain/arm/arm-gnu-toolchain/bin/../lib/gcc/arm-none-eabi/6.3.1/../../../../arm-none-eabi/lib/thumb/v7e-m\libc.a(lib_a-exit.o) (_global_impure_ptr)
c:/program files (x86)/atmel/studio/7.0/toolchain/arm/arm-gnu-toolchain/bin/../lib/gcc/arm-none-eabi/6.3.1/../../../../arm-none-eabi/lib/thumb/v7e-m\libc.a(lib_a-init.o)
                              c:/program files (x86)/atmel/studio/7.0/toolchain/arm/arm-gnu-toolchain/bin/../lib/gcc/arm-none-eabi/6.3.1/../../../../arm-none-eabi/lib/thumb/v7e-m/crt0.o (__libc_init_array)
c:/program files (x86)/atmel/studio/7.0/toolchain/arm/arm-gnu-toolchain/bin/../lib/gcc/arm-none-eabi/6.3.1/../../../../arm-none-eabi/lib/thumb/v7e-m\libc.a(lib_a-iprintf.o)
                              src/trng_example.o (iprintf)
c:/program files (x86)/atmel/studio/7.0/toolchain/arm/arm-gnu-toolchain/bin/../lib/gcc/arm-none-eabi/6.3.1/../../../../arm-none-eabi/lib/thumb/v7e-m\libc.a(lib_a-memset.o)
                              c:/program files (x86)/atmel/studio/7.0/toolchain/arm/arm-gnu-toolchain/bin/../lib/gcc/arm-none-eabi/6.3.1/../../../../arm-none-eabi/lib/thumb/v7e-m/crt0.o (memset)
c:/program files (x86)/atmel/studio/7.0/toolchain/arm/arm-gnu-toolchain/bin/../lib/gcc/arm-none-eabi/6.3.1/../../../../arm-none-eabi/lib/thumb/v7e-m\libc.a(lib_a-rand.o)
                              src/trng_example.o (rand)
c:/program files (x86)/atmel/studio/7.0/toolchain/arm/arm-gnu-toolchain/bin/../lib/gcc/arm-none-eabi/6.3.1/../../../../arm-none-eabi/lib/thumb/v7e-m\libc.a(lib_a-setbuf.o)
                              src/trng_example.o (setbuf)
c:/program files (x86)/atmel/studio/7.0/toolchain/arm/arm-gnu-toolchain/bin/../lib/gcc/arm-none-eabi/6.3.1/../../../../arm-none-eabi/lib/thumb/v7e-m\libc.a(lib_a-setvbuf.o)
                              c:/program files (x86)/atmel/studio/7.0/toolchain/arm/arm-gnu-toolchain/bin/../lib/gcc/arm-none-eabi/6.3.1/../../../../arm-none-eabi/lib/thumb/v7e-m\libc.a(lib_a-setbuf.o) (setvbuf)
c:/program files (x86)/atmel/studio/7.0/toolchain/arm/arm-gnu-toolchain/bin/../lib/gcc/arm-none-eabi/6.3.1/../../../../arm-none-eabi/lib/thumb/v7e-m\libc.a(lib_a-vfiprintf.o)
                              c:/program files (x86)/atmel/studio/7.0/toolchain/arm/arm-gnu-toolchain/bin/../lib/gcc/arm-none-eabi/6.3.1/../../../../arm-none-eabi/lib/thumb/v7e-m\libc.a(lib_a-iprintf.o) (_vfiprintf_r)
c:/program files (x86)/atmel/studio/7.0/toolchain/arm/arm-gnu-toolchain/bin/../lib/gcc/arm-none-eabi/6.3.1/../../../../arm-none-eabi/lib/thumb/v7e-m\libc.a(lib_a-wsetup.o)
                              c:/program files (x86)/atmel/studio/7.0/toolchain/arm/arm-gnu-toolchain/bin/../lib/gcc/arm-none-eabi/6.3.1/../../../../arm-none-eabi/lib/thumb/v7e-m\libc.a(lib_a-vfiprintf.o) (__swsetup_r)
c:/program files (x86)/atmel/studio/7.0/toolchain/arm/arm-gnu-toolchain/bin/../lib/gcc/arm-none-eabi/6.3.1/../../../../arm-none-eabi/lib/thumb/v7e-m\libc.a(lib_a-__call_atexit.o)
                              c:/program files (x86)/atmel/studio/7.0/toolchain/arm/arm-gnu-toolchain/bin/../lib/gcc/arm-none-eabi/6.3.1/../../../../arm-none-eabi/lib/thumb/v7e-m\libc.a(lib_a-exit.o) (__call_exitprocs)
c:/program files (x86)/atmel/studio/7.0/toolchain/arm/arm-gnu-toolchain/bin/../lib/gcc/arm-none-eabi/6.3.1/../../../../arm-none-eabi/lib/thumb/v7e-m\libc.a(lib_a-atexit.o)
                              c:/program files (x86)/atmel/studio/7.0/toolchain/arm/arm-gnu-toolchain/bin/../lib/gcc/arm-none-eabi/6.3.1/../../../../arm-none-eabi/lib/thumb/v7e-m\libc.a(lib_a-__call_atexit.o) (atexit)
c:/program files (x86)/atmel/studio/7.0/toolchain/arm/arm-gnu-toolchain/bin/../lib/gcc/arm-none-eabi/6.3.1/../../../../arm-none-eabi/lib/thumb/v7e-m\libc.a(lib_a-fflush.o)
                              c:/program files (x86)/atmel/studio/7.0/toolchain/arm/arm-gnu-toolchain/bin/../lib/gcc/arm-none-eabi/6.3.1/../../../../arm-none-eabi/lib/thumb/v7e-m\libc.a(lib_a-setvbuf.o) (_fflush_r)
c:/program files (x86)/atmel/studio/7.0/toolchain/arm/arm-gnu-toolchain/bin/../lib/gcc/arm-none-eabi/6.3.1/../../../../arm-none-eabi/lib/thumb/v7e-m\libc.a(lib_a-findfp.o)
                              c:/program files (x86)/atmel/studio/7.0/toolchain/arm/arm-gnu-toolchain/bin/../lib/gcc/arm-none-eabi/6.3.1/../../../../arm-none-eabi/lib/thumb/v7e-m\libc.a(lib_a-setvbuf.o) (__sinit)
[...]
Memory Configuration

Name             Origin             Length             Attributes
rom              0x00400000         0x00200000         xr
ram              0x20400000         0x00060000         xrw
*default*        0x00000000         0xffffffff

Linker script and memory map

LOAD c:/program files (x86)/atmel/studio/7.0/toolchain/arm/arm-gnu-toolchain/bin/../lib/gcc/arm-none-eabi/6.3.1/thumb/v7e-m/crti.o
LOAD c:/program files (x86)/atmel/studio/7.0/toolchain/arm/arm-gnu-toolchain/bin/../lib/gcc/arm-none-eabi/6.3.1/thumb/v7e-m/crtbegin.o
LOAD c:/program files (x86)/atmel/studio/7.0/toolchain/arm/arm-gnu-toolchain/bin/../lib/gcc/arm-none-eabi/6.3.1/../../../../arm-none-eabi/lib/thumb/v7e-m/crt0.o
LOAD src/ASF/common/services/clock/same70/sysclk.o
LOAD src/ASF/common/services/serial/usart_serial.o
LOAD src/ASF/common/utils/interrupt/interrupt_sam_nvic.o
LOAD src/ASF/common/utils/stdio/read.o
LOAD src/ASF/common/utils/stdio/write.o
LOAD src/ASF/sam/boards/same70_xplained/init.o
LOAD src/ASF/sam/drivers/mpu/mpu.o
LOAD src/ASF/sam/drivers/pio/pio.o
LOAD src/ASF/sam/drivers/pio/pio_handler.o
LOAD src/ASF/sam/drivers/pmc/pmc.o
LOAD src/ASF/sam/drivers/pmc/sleep.o
LOAD src/ASF/sam/drivers/trng/trng.o
LOAD src/ASF/sam/drivers/uart/uart.o
LOAD src/ASF/sam/drivers/usart/usart.o
LOAD src/ASF/sam/utils/cmsis/same70/source/templates/gcc/startup_same70.o
LOAD src/ASF/sam/utils/cmsis/same70/source/templates/system_same70.o
LOAD src/ASF/sam/utils/syscalls/gcc/syscalls.o
LOAD src/trng_example.o
START GROUP
LOAD ../src/ASF/thirdparty/CMSIS/Lib/GCC\libarm_cortexM7lfsp_math_softfp.a
LOAD c:/program files (x86)/atmel/studio/7.0/toolchain/arm/arm-gnu-toolchain/bin/../lib/gcc/arm-none-eabi/6.3.1/../../../../arm-none-eabi/lib/thumb/v7e-m\libm.a
END GROUP
START GROUP
LOAD c:/program files (x86)/atmel/studio/7.0/toolchain/arm/arm-gnu-toolchain/bin/../lib/gcc/arm-none-eabi/6.3.1/thumb/v7e-m\libgcc.a
LOAD c:/program files (x86)/atmel/studio/7.0/toolchain/arm/arm-gnu-toolchain/bin/../lib/gcc/arm-none-eabi/6.3.1/../../../../arm-none-eabi/lib/thumb/v7e-m\libc.a
END GROUP
LOAD c:/program files (x86)/atmel/studio/7.0/toolchain/arm/arm-gnu-toolchain/bin/../lib/gcc/arm-none-eabi/6.3.1/thumb/v7e-m/crtend.o
LOAD c:/program files (x86)/atmel/studio/7.0/toolchain/arm/arm-gnu-toolchain/bin/../lib/gcc/arm-none-eabi/6.3.1/thumb/v7e-m/crtn.o
                0x00002000                STACK_SIZE = DEFINED (STACK_SIZE)?STACK_SIZE:0x2000
                0x2045fffc                __ram_end__ = ((ORIGIN (ram) + LENGTH (ram)) - 0x4)
                0x00000200                HEAP_SIZE = DEFINED (HEAP_SIZE)?HEAP_SIZE:0x200

.text           0x00400000     0x3ef8
                0x00400000                . = ALIGN (0x4)
                0x00400000                _sfixed = .
 *(.vectors .vectors.*)
 .vectors       0x00400000      0x168 src/ASF/sam/utils/cmsis/same70/source/templates/gcc/startup_same70.o
                0x00400000                exception_table
 *(.text .text.* .gnu.linkonce.t.*)
 .text          0x00400168       0x6c c:/program files (x86)/atmel/studio/7.0/toolchain/arm/arm-gnu-toolchain/bin/../lib/gcc/arm-none-eabi/6.3.1/thumb/v7e-m/crtbegin.o
 .text.sysclk_init
                0x004001d4       0x70 src/ASF/common/services/clock/same70/sysclk.o
                0x004001d4                sysclk_init
 .text._read    0x00400244       0x3c src/ASF/common/utils/stdio/read.o
                0x00400244                _read
 .text._write   0x00400280       0x50 src/ASF/common/utils/stdio/write.o
                0x00400280                _write
 .text.board_init
                0x004002d0      0x194 src/ASF/sam/boards/same70_xplained/init.o
                0x004002d0                board_init
 .text.pio_get_interrupt_status
                0x00400464        0x4 src/ASF/sam/drivers/pio/pio.o
                0x00400464                pio_get_interrupt_status
 .text.pio_get_interrupt_mask
                0x00400468        0x4 src/ASF/sam/drivers/pio/pio.o
                0x00400468                pio_get_interrupt_mask
 .text.pio_handler_process
                0x0040046c       0x50 src/ASF/sam/drivers/pio/pio_handler.o
                0x0040046c                pio_handler_process
 .text.PIOA_Handler
                0x004004bc       0x14 src/ASF/sam/drivers/pio/pio_handler.o
                0x004004bc                PIOA_Handler
 .text.PIOB_Handler
                0x004004d0       0x14 src/ASF/sam/drivers/pio/pio_handler.o
                0x004004d0                PIOB_Handler
 .text.PIOC_Handler
                0x004004e4       0x14 src/ASF/sam/drivers/pio/pio_handler.o
                0x004004e4                PIOC_Handler
 .text.PIOD_Handler
                0x004004f8       0x14 src/ASF/sam/drivers/pio/pio_handler.o
                0x004004f8                PIOD_Handler
 .text.PIOE_Handler
                0x0040050c       0x14 src/ASF/sam/drivers/pio/pio_handler.o
                0x0040050c                PIOE_Handler
 .text.pmc_mck_set_division
                0x00400520       0x38 src/ASF/sam/drivers/pmc/pmc.o
                0x00400520                pmc_mck_set_division
 .text.pmc_switch_mck_to_pllack
                0x00400558       0x64 src/ASF/sam/drivers/pmc/pmc.o
                0x00400558                pmc_switch_mck_to_pllack
 .text.pmc_switch_mainck_to_xtal
                0x004005bc       0x54 src/ASF/sam/drivers/pmc/pmc.o
                0x004005bc                pmc_switch_mainck_to_xtal
 .text.pmc_osc_is_ready_mainck
                0x00400610       0x10 src/ASF/sam/drivers/pmc/pmc.o
                0x00400610                pmc_osc_is_ready_mainck
 .text.pmc_disable_pllack
                0x00400620       0x10 src/ASF/sam/drivers/pmc/pmc.o
                0x00400620                pmc_disable_pllack
 .text.pmc_is_locked_pllack
                0x00400630       0x10 src/ASF/sam/drivers/pmc/pmc.o
                0x00400630                pmc_is_locked_pllack
 .text.pmc_enable_periph_clk
                0x00400640       0x20 src/ASF/sam/drivers/pmc/pmc.o
                0x00400640                pmc_enable_periph_clk
 .text.trng_enable
                0x00400660        0xc src/ASF/sam/drivers/trng/trng.o
                0x00400660                trng_enable
 .text.trng_enable_interrupt
                0x0040066c        0x6 src/ASF/sam/drivers/trng/trng.o
                0x0040066c                trng_enable_interrupt
 .text.trng_get_interrupt_status
                0x00400672        0x4 src/ASF/sam/drivers/trng/trng.o
                0x00400672                trng_get_interrupt_status
 .text.uart_write
                0x00400676       0x12 src/ASF/sam/drivers/uart/uart.o
                0x00400676                uart_write
 .text.uart_read
                0x00400688       0x14 src/ASF/sam/drivers/uart/uart.o
                0x00400688                uart_read
 .text.usart_set_async_baudrate
                0x0040069c       0x5a src/ASF/sam/drivers/usart/usart.o
                0x0040069c                usart_set_async_baudrate
 *fill*         0x004006f6        0x2 
 .text.usart_reset
                0x004006f8       0x28 src/ASF/sam/drivers/usart/usart.o
                0x004006f8                usart_reset
 .text.usart_init_rs232
                0x00400720       0x54 src/ASF/sam/drivers/usart/usart.o
                0x00400720                usart_init_rs232
 .text.usart_enable_tx
                0x00400774        0x6 src/ASF/sam/drivers/usart/usart.o
                0x00400774                usart_enable_tx
 .text.usart_enable_rx
                0x0040077a        0x6 src/ASF/sam/drivers/usart/usart.o
                0x0040077a                usart_enable_rx
 .text.usart_write
                0x00400780       0x16 src/ASF/sam/drivers/usart/usart.o
                0x00400780                usart_write
 .text.usart_read
                0x00400796       0x18 src/ASF/sam/drivers/usart/usart.o
                0x00400796                usart_read
 .text.Dummy_Handler
                0x004007ae        0x2 src/ASF/sam/utils/cmsis/same70/source/templates/gcc/startup_same70.o
                0x004007ae                DACC_Handler
                0x004007ae                DebugMon_Handler
                0x004007ae                UART3_Handler
                0x004007ae                UART2_Handler
                0x004007ae                HardFault_Handler
                0x004007ae                TC2_Handler
                0x004007ae                SysTick_Handler
                0x004007ae                AFEC1_Handler
                0x004007ae                PendSV_Handler
                0x004007ae                NMI_Handler
                0x004007ae                TC7_Handler
                0x004007ae                QSPI_Handler
                0x004007ae                ISI_Handler
                0x004007ae                MCAN0_INT0_Handler
                0x004007ae                TC9_Handler
                0x004007ae                RSWDT_Handler
                0x004007ae                USART0_Handler
                0x004007ae                RTT_Handler
                0x004007ae                USBHS_Handler
                0x004007ae                IXC_Handler
                0x004007ae                CCF_Handler
                0x004007ae                RTC_Handler
                0x004007ae                UsageFault_Handler
                0x004007ae                TC6_Handler
                0x004007ae                WDT_Handler
                0x004007ae                MCAN1_INT1_Handler
                0x004007ae                TC4_Handler
                0x004007ae                TC1_Handler
                0x004007ae                HSMCI_Handler
                0x004007ae                UART1_Handler
                0x004007ae                TC3_Handler
                0x004007ae                Dummy_Handler
                0x004007ae                TWIHS1_Handler
                0x004007ae                XDMAC_Handler
                0x004007ae                UART4_Handler
                0x004007ae                PWM1_Handler
                0x004007ae                USART1_Handler
                0x004007ae                PWM0_Handler
                0x004007ae                AFEC0_Handler
                0x004007ae                CCW_Handler
                0x004007ae                SSC_Handler
                0x004007ae                TC11_Handler
                0x004007ae                ACC_Handler
                0x004007ae                PMC_Handler
                0x004007ae                GMAC_Handler
                0x004007ae                MCAN0_INT1_Handler
                0x004007ae                GMAC_Q5_Handler
                0x004007ae                MemManage_Handler
                0x004007ae                SUPC_Handler
                0x004007ae                SVC_Handler
                0x004007ae                TC8_Handler
                0x004007ae                MCAN1_INT0_Handler
                0x004007ae                EFC_Handler
                0x004007ae                GMAC_Q1_Handler
                0x004007ae                USART2_Handler
                0x004007ae                SDRAMC_Handler
                0x004007ae                GMAC_Q2_Handler
                0x004007ae                SPI1_Handler
                0x004007ae                TC10_Handler
                0x004007ae                GMAC_Q3_Handler
                0x004007ae                TWIHS2_Handler
                0x004007ae                I2SC0_Handler
                0x004007ae                UART0_Handler
                0x004007ae                I2SC1_Handler
                0x004007ae                GMAC_Q4_Handler
                0x004007ae                FPU_Handler
                0x004007ae                BusFault_Handler
                0x004007ae                RSTC_Handler
                0x004007ae                TC0_Handler
                0x004007ae                TC5_Handler
                0x004007ae                ICM_Handler
                0x004007ae                AES_Handler
                0x004007ae                TWIHS0_Handler
                0x004007ae                SPI0_Handler
 .text.Reset_Handler
                0x004007b0       0xc8 src/ASF/sam/utils/cmsis/same70/source/templates/gcc/startup_same70.o
                0x004007b0                Reset_Handler
 .text.SystemCoreClockUpdate
                0x00400878      0x10c src/ASF/sam/utils/cmsis/same70/source/templates/system_same70.o
                0x00400878                SystemCoreClockUpdate
 .text.system_init_flash
                0x00400984       0x8c src/ASF/sam/utils/cmsis/same70/source/templates/system_same70.o
                0x00400984                system_init_flash
 .text._sbrk    0x00400a10       0x38 src/ASF/sam/utils/syscalls/gcc/syscalls.o
                0x00400a10                _sbrk
 .text._close   0x00400a48        0x6 src/ASF/sam/utils/syscalls/gcc/syscalls.o
                0x00400a48                _close
 .text._fstat   0x00400a4e        0xa src/ASF/sam/utils/syscalls/gcc/syscalls.o
                0x00400a4e                _fstat
 .text._isatty  0x00400a58        0x4 src/ASF/sam/utils/syscalls/gcc/syscalls.o
                0x00400a58                _isatty
 .text._lseek   0x00400a5c        0x4 src/ASF/sam/utils/syscalls/gcc/syscalls.o
                0x00400a5c                _lseek
 .text.usart_serial_getchar
                0x00400a60       0xdc src/trng_example.o
 .text.usart_serial_putchar
                0x00400b3c       0xd4 src/trng_example.o
 .text.TRNG_Handler
                0x00400c10       0x14 src/trng_example.o
                0x00400c10                TRNG_Handler
 .text.main     0x00400c24      0x12c src/trng_example.o
                0x00400c24                main
 .text.__libc_init_array
                0x00400d50       0x50 c:/program files (x86)/atmel/studio/7.0/toolchain/arm/arm-gnu-toolchain/bin/../lib/gcc/arm-none-eabi/6.3.1/../../../../arm-none-eabi/lib/thumb/v7e-m\libc.a(lib_a-init.o)
                0x00400d50                __libc_init_array
 .text.iprintf  0x00400da0       0x28 c:/program files (x86)/atmel/studio/7.0/toolchain/arm/arm-gnu-toolchain/bin/../lib/gcc/arm-none-eabi/6.3.1/../../../../arm-none-eabi/lib/thumb/v7e-m\libc.a(lib_a-iprintf.o)
                0x00400da0                iprintf
 .text.memset   0x00400dc8       0x9c c:/program files (x86)/atmel/studio/7.0/toolchain/arm/arm-gnu-toolchain/bin/../lib/gcc/arm-none-eabi/6.3.1/../../../../arm-none-eabi/lib/thumb/v7e-m\libc.a(lib_a-memset.o)
                0x00400dc8                memset
 .text.rand     0x00400e64       0x40 c:/program files (x86)/atmel/studio/7.0/toolchain/arm/arm-gnu-toolchain/bin/../lib/gcc/arm-none-eabi/6.3.1/../../../../arm-none-eabi/lib/thumb/v7e-m\libc.a(lib_a-rand.o)
                0x00400e64                rand
 .text.setbuf   0x00400ea4       0x10 c:/program files (x86)/atmel/studio/7.0/toolchain/arm/arm-gnu-toolchain/bin/../lib/gcc/arm-none-eabi/6.3.1/../../../../arm-none-eabi/lib/thumb/v7e-m\libc.a(lib_a-setbuf.o)
                0x00400ea4                setbuf
 .text.setvbuf  0x00400eb4      0x190 c:/program files (x86)/atmel/studio/7.0/toolchain/arm/arm-gnu-toolchain/bin/../lib/gcc/arm-none-eabi/6.3.1/../../../../arm-none-eabi/lib/thumb/v7e-m\libc.a(lib_a-setvbuf.o)
                0x00400eb4                setvbuf
 .text.__sprint_r.part.0
                0x00401044       0x80 c:/program files (x86)/atmel/studio/7.0/toolchain/arm/arm-gnu-toolchain/bin/../lib/gcc/arm-none-eabi/6.3.1/../../../../arm-none-eabi/lib/thumb/v7e-m\libc.a(lib_a-vfiprintf.o)
 .text._vfiprintf_r
                0x004010c4      0xc90 c:/program files (x86)/atmel/studio/7.0/toolchain/arm/arm-gnu-toolchain/bin/../lib/gcc/arm-none-eabi/6.3.1/../../../../arm-none-eabi/lib/thumb/v7e-m\libc.a(lib_a-vfiprintf.o)
                0x004010c4                _vfiprintf_r
 .text.__sbprintf
                0x00401d54       0x84 c:/program files (x86)/atmel/studio/7.0/toolchain/arm/arm-gnu-toolchain/bin/../lib/gcc/arm-none-eabi/6.3.1/../../../../arm-none-eabi/lib/thumb/v7e-m\libc.a(lib_a-vfiprintf.o)
 .text.__swsetup_r
                0x00401dd8       0xc8 c:/program files (x86)/atmel/studio/7.0/toolchain/arm/arm-gnu-toolchain/bin/../lib/gcc/arm-none-eabi/6.3.1/../../../../arm-none-eabi/lib/thumb/v7e-m\libc.a(lib_a-wsetup.o)
                0x00401dd8                __swsetup_r
 .text.startup.register_fini
                0x00401ea0       0x14 c:/program files (x86)/atmel/studio/7.0/toolchain/arm/arm-gnu-toolchain/bin/../lib/gcc/arm-none-eabi/6.3.1/../../../../arm-none-eabi/lib/thumb/v7e-m\libc.a(lib_a-__call_atexit.o)
 .text.atexit   0x00401eb4        0xc c:/program files (x86)/atmel/studio/7.0/toolchain/arm/arm-gnu-toolchain/bin/../lib/gcc/arm-none-eabi/6.3.1/../../../../arm-none-eabi/lib/thumb/v7e-m\libc.a(lib_a-atexit.o)
                0x00401eb4                atexit
 .text.__sflush_r
                0x00401ec0      0x140 c:/program files (x86)/atmel/studio/7.0/toolchain/arm/arm-gnu-toolchain/bin/../lib/gcc/arm-none-eabi/6.3.1/../../../../arm-none-eabi/lib/thumb/v7e-m\libc.a(lib_a-fflush.o)
                0x00401ec0                __sflush_r
 .text._fflush_r
                0x00402000       0x54 c:/program files (x86)/atmel/studio/7.0/toolchain/arm/arm-gnu-toolchain/bin/../lib/gcc/arm-none-eabi/6.3.1/../../../../arm-none-eabi/lib/thumb/v7e-m\libc.a(lib_a-fflush.o)
                0x00402000                _fflush_r
 .text._cleanup_r
                0x00402054        0xc c:/program files (x86)/atmel/studio/7.0/toolchain/arm/arm-gnu-toolchain/bin/../lib/gcc/arm-none-eabi/6.3.1/../../../../arm-none-eabi/lib/thumb/v7e-m\libc.a(lib_a-findfp.o)
                0x00402054                _cleanup_r
 .text.std.isra.0
                0x00402060       0x50 c:/program files (x86)/atmel/studio/7.0/toolchain/arm/arm-gnu-toolchain/bin/../lib/gcc/arm-none-eabi/6.3.1/../../../../arm-none-eabi/lib/thumb/v7e-m\libc.a(lib_a-findfp.o)
 .text.__sinit  0x004020b0       0x58 c:/program files (x86)/atmel/studio/7.0/toolchain/arm/arm-gnu-toolchain/bin/../lib/gcc/arm-none-eabi/6.3.1/../../../../arm-none-eabi/lib/thumb/v7e-m\libc.a(lib_a-findfp.o)
                0x004020b0                __sinit
 .text.__sfp_lock_acquire
                0x00402108        0xc c:/program files (x86)/atmel/studio/7.0/toolchain/arm/arm-gnu-toolchain/bin/../lib/gcc/arm-none-eabi/6.3.1/../../../../arm-none-eabi/lib/thumb/v7e-m\libc.a(lib_a-findfp.o)
                0x00402108                __sfp_lock_acquire
 .text.__sfp_lock_release
                0x00402114        0xc c:/program files (x86)/atmel/studio/7.0/toolchain/arm/arm-gnu-toolchain/bin/../lib/gcc/arm-none-eabi/6.3.1/../../../../arm-none-eabi/lib/thumb/v7e-m\libc.a(lib_a-findfp.o)
                0x00402114                __sfp_lock_release
 .text.__libc_fini_array
                0x00402120       0x34 c:/program files (x86)/atmel/studio/7.0/toolchain/arm/arm-gnu-toolchain/bin/../lib/gcc/arm-none-eabi/6.3.1/../../../../arm-none-eabi/lib/thumb/v7e-m\libc.a(lib_a-fini.o)
                0x00402120                __libc_fini_array
 .text.__fputwc
                0x00402154       0xa0 c:/program files (x86)/atmel/studio/7.0/toolchain/arm/arm-gnu-toolchain/bin/../lib/gcc/arm-none-eabi/6.3.1/../../../../arm-none-eabi/lib/thumb/v7e-m\libc.a(lib_a-fputwc.o)
                0x00402154                __fputwc
 .text._fputwc_r
                0x004021f4       0x68 c:/program files (x86)/atmel/studio/7.0/toolchain/arm/arm-gnu-toolchain/bin/../lib/gcc/arm-none-eabi/6.3.1/../../../../arm-none-eabi/lib/thumb/v7e-m\libc.a(lib_a-fputwc.o)
                0x004021f4                _fputwc_r
 .text._malloc_trim_r
                0x0040225c       0xa0 c:/program files (x86)/atmel/studio/7.0/toolchain/arm/arm-gnu-toolchain/bin/../lib/gcc/arm-none-eabi/6.3.1/../../../../arm-none-eabi/lib/thumb/v7e-m\libc.a(lib_a-freer.o)
                0x0040225c                _malloc_trim_r
 .text._free_r  0x004022fc      0x1cc c:/program files (x86)/atmel/studio/7.0/toolchain/arm/arm-gnu-toolchain/bin/../lib/gcc/arm-none-eabi/6.3.1/../../../../arm-none-eabi/lib/thumb/v7e-m\libc.a(lib_a-freer.o)
                0x004022fc                _free_r
 .text.__sfvwrite_r
                0x004024c8      0x2f0 c:/program files (x86)/atmel/studio/7.0/toolchain/arm/arm-gnu-toolchain/bin/../lib/gcc/arm-none-eabi/6.3.1/../../../../arm-none-eabi/lib/thumb/v7e-m\libc.a(lib_a-fvwrite.o)
                0x004024c8                __sfvwrite_r
 .text._fwalk_reent
                0x004027b8       0x54 c:/program files (x86)/atmel/studio/7.0/toolchain/arm/arm-gnu-toolchain/bin/../lib/gcc/arm-none-eabi/6.3.1/../../../../arm-none-eabi/lib/thumb/v7e-m\libc.a(lib_a-fwalk.o)
                0x004027b8                _fwalk_reent
 .text.__locale_mb_cur_max
                0x0040280c       0x1c c:/program files (x86)/atmel/studio/7.0/toolchain/arm/arm-gnu-toolchain/bin/../lib/gcc/arm-none-eabi/6.3.1/../../../../arm-none-eabi/lib/thumb/v7e-m\libc.a(lib_a-locale.o)
                0x0040280c                __locale_mb_cur_max
 .text.__retarget_lock_init_recursive
                0x00402828        0x4 c:/program files (x86)/atmel/studio/7.0/toolchain/arm/arm-gnu-toolchain/bin/../lib/gcc/arm-none-eabi/6.3.1/../../../../arm-none-eabi/lib/thumb/v7e-m\libc.a(lib_a-lock.o)
                0x00402828                __retarget_lock_init_recursive
 .text.__retarget_lock_close_recursive
                0x0040282c        0x4 c:/program files (x86)/atmel/studio/7.0/toolchain/arm/arm-gnu-toolchain/bin/../lib/gcc/arm-none-eabi/6.3.1/../../../../arm-none-eabi/lib/thumb/v7e-m\libc.a(lib_a-lock.o)
                0x0040282c                __retarget_lock_close_recursive
 .text.__retarget_lock_acquire_recursive
                0x00402830        0x4 c:/program files (x86)/atmel/studio/7.0/toolchain/arm/arm-gnu-toolchain/bin/../lib/gcc/arm-none-eabi/6.3.1/../../../../arm-none-eabi/lib/thumb/v7e-m\libc.a(lib_a-lock.o)
                0x00402830                __retarget_lock_acquire_recursive
 .text.__retarget_lock_release_recursive
                0x00402834        0x4 c:/program files (x86)/atmel/studio/7.0/toolchain/arm/arm-gnu-toolchain/bin/../lib/gcc/arm-none-eabi/6.3.1/../../../../arm-none-eabi/lib/thumb/v7e-m\libc.a(lib_a-lock.o)
                0x00402834                __retarget_lock_release_recursive
 .text.__swhatbuf_r
                0x00402838       0x5c c:/program files (x86)/atmel/studio/7.0/toolchain/arm/arm-gnu-toolchain/bin/../lib/gcc/arm-none-eabi/6.3.1/../../../../arm-none-eabi/lib/thumb/v7e-m\libc.a(lib_a-makebuf.o)
                0x00402838                __swhatbuf_r
 .text.__smakebuf_r
                0x00402894       0x94 c:/program files (x86)/atmel/studio/7.0/toolchain/arm/arm-gnu-toolchain/bin/../lib/gcc/arm-none-eabi/6.3.1/../../../../arm-none-eabi/lib/thumb/v7e-m\libc.a(lib_a-makebuf.o)
                0x00402894                __smakebuf_r
 .text.malloc   0x00402928       0x10 c:/program files (x86)/atmel/studio/7.0/toolchain/arm/arm-gnu-toolchain/bin/../lib/gcc/arm-none-eabi/6.3.1/../../../../arm-none-eabi/lib/thumb/v7e-m\libc.a(lib_a-malloc.o)
                0x00402928                malloc
 .text._malloc_r
                0x00402938      0x560 c:/program files (x86)/atmel/studio/7.0/toolchain/arm/arm-gnu-toolchain/bin/../lib/gcc/arm-none-eabi/6.3.1/../../../../arm-none-eabi/lib/thumb/v7e-m\libc.a(lib_a-mallocr.o)
                0x00402938                _malloc_r
 .text.__ascii_mbtowc
                0x00402e98       0x2c c:/program files (x86)/atmel/studio/7.0/toolchain/arm/arm-gnu-toolchain/bin/../lib/gcc/arm-none-eabi/6.3.1/../../../../arm-none-eabi/lib/thumb/v7e-m\libc.a(lib_a-mbtowc_r.o)
                0x00402e98                __ascii_mbtowc
 *fill*         0x00402ec4        0xc 
 .text          0x00402ed0       0xa0 c:/program files (x86)/atmel/studio/7.0/toolchain/arm/arm-gnu-toolchain/bin/../lib/gcc/arm-none-eabi/6.3.1/../../../../arm-none-eabi/lib/thumb/v7e-m\libc.a(lib_a-memchr.o)
                0x00402ed0                memchr
 .text          0x00402f70      0x134 c:/program files (x86)/atmel/studio/7.0/toolchain/arm/arm-gnu-toolchain/bin/../lib/gcc/arm-none-eabi/6.3.1/../../../../arm-none-eabi/lib/thumb/v7e-m\libc.a(lib_a-memcpy.o)
                0x00402f70                memcpy
 .text.memmove  0x004030a4       0xc8 c:/program files (x86)/atmel/studio/7.0/toolchain/arm/arm-gnu-toolchain/bin/../lib/gcc/arm-none-eabi/6.3.1/../../../../arm-none-eabi/lib/thumb/v7e-m\libc.a(lib_a-memmove.o)
                0x004030a4                memmove
 .text.__malloc_lock
                0x0040316c        0xc c:/program files (x86)/atmel/studio/7.0/toolchain/arm/arm-gnu-toolchain/bin/../lib/gcc/arm-none-eabi/6.3.1/../../../../arm-none-eabi/lib/thumb/v7e-m\libc.a(lib_a-mlock.o)
                0x0040316c                __malloc_lock
 .text.__malloc_unlock
                0x00403178        0xc c:/program files (x86)/atmel/studio/7.0/toolchain/arm/arm-gnu-toolchain/bin/../lib/gcc/arm-none-eabi/6.3.1/../../../../arm-none-eabi/lib/thumb/v7e-m\libc.a(lib_a-mlock.o)
                0x00403178                __malloc_unlock
 .text._realloc_r
                0x00403184      0x34c c:/program files (x86)/atmel/studio/7.0/toolchain/arm/arm-gnu-toolchain/bin/../lib/gcc/arm-none-eabi/6.3.1/../../../../arm-none-eabi/lib/thumb/v7e-m\libc.a(lib_a-reallocr.o)
                0x00403184                _realloc_r
 .text._sbrk_r  0x004034d0       0x24 c:/program files (x86)/atmel/studio/7.0/toolchain/arm/arm-gnu-toolchain/bin/../lib/gcc/arm-none-eabi/6.3.1/../../../../arm-none-eabi/lib/thumb/v7e-m\libc.a(lib_a-sbrkr.o)
                0x004034d0                _sbrk_r
 .text.__sread  0x004034f4       0x24 c:/program files (x86)/atmel/studio/7.0/toolchain/arm/arm-gnu-toolchain/bin/../lib/gcc/arm-none-eabi/6.3.1/../../../../arm-none-eabi/lib/thumb/v7e-m\libc.a(lib_a-stdio.o)
                0x004034f4                __sread
 .text.__swrite
                0x00403518       0x3c c:/program files (x86)/atmel/studio/7.0/toolchain/arm/arm-gnu-toolchain/bin/../lib/gcc/arm-none-eabi/6.3.1/../../../../arm-none-eabi/lib/thumb/v7e-m\libc.a(lib_a-stdio.o)
                0x00403518                __swrite
 .text.__sseek  0x00403554       0x20 c:/program files (x86)/atmel/studio/7.0/toolchain/arm/arm-gnu-toolchain/bin/../lib/gcc/arm-none-eabi/6.3.1/../../../../arm-none-eabi/lib/thumb/v7e-m\libc.a(lib_a-stdio.o)
                0x00403554                __sseek
 .text.__sclose
                0x00403574        0x8 c:/program files (x86)/atmel/studio/7.0/toolchain/arm/arm-gnu-toolchain/bin/../lib/gcc/arm-none-eabi/6.3.1/../../../../arm-none-eabi/lib/thumb/v7e-m\libc.a(lib_a-stdio.o)
                0x00403574                __sclose
 *fill*         0x0040357c        0x4 
 .text          0x00403580       0xdc c:/program files (x86)/atmel/studio/7.0/toolchain/arm/arm-gnu-toolchain/bin/../lib/gcc/arm-none-eabi/6.3.1/../../../../arm-none-eabi/lib/thumb/v7e-m\libc.a(lib_a-strlen.o)
                0x00403580                strlen
 .text.__swbuf_r
                0x0040365c       0xb0 c:/program files (x86)/atmel/studio/7.0/toolchain/arm/arm-gnu-toolchain/bin/../lib/gcc/arm-none-eabi/6.3.1/../../../../arm-none-eabi/lib/thumb/v7e-m\libc.a(lib_a-wbuf.o)
                0x0040365c                __swbuf_r
 .text._wcrtomb_r
                0x0040370c       0x54 c:/program files (x86)/atmel/studio/7.0/toolchain/arm/arm-gnu-toolchain/bin/../lib/gcc/arm-none-eabi/6.3.1/../../../../arm-none-eabi/lib/thumb/v7e-m\libc.a(lib_a-wcrtomb.o)
                0x0040370c                _wcrtomb_r
 .text.__ascii_wctomb
                0x00403760       0x1c c:/program files (x86)/atmel/studio/7.0/toolchain/arm/arm-gnu-toolchain/bin/../lib/gcc/arm-none-eabi/6.3.1/../../../../arm-none-eabi/lib/thumb/v7e-m\libc.a(lib_a-wctomb_r.o)
                0x00403760                __ascii_wctomb
 .text._write_r
                0x0040377c       0x2c c:/program files (x86)/atmel/studio/7.0/toolchain/arm/arm-gnu-toolchain/bin/../lib/gcc/arm-none-eabi/6.3.1/../../../../arm-none-eabi/lib/thumb/v7e-m\libc.a(lib_a-writer.o)
                0x0040377c                _write_r
 .text.__register_exitproc
                0x004037a8       0xc4 c:/program files (x86)/atmel/studio/7.0/toolchain/arm/arm-gnu-toolchain/bin/../lib/gcc/arm-none-eabi/6.3.1/../../../../arm-none-eabi/lib/thumb/v7e-m\libc.a(lib_a-__atexit.o)
                0x004037a8                __register_exitproc
 .text._close_r
                0x0040386c       0x24 c:/program files (x86)/atmel/studio/7.0/toolchain/arm/arm-gnu-toolchain/bin/../lib/gcc/arm-none-eabi/6.3.1/../../../../arm-none-eabi/lib/thumb/v7e-m\libc.a(lib_a-closer.o)
                0x0040386c                _close_r
 .text._fclose_r
                0x00403890       0xc4 c:/program files (x86)/atmel/studio/7.0/toolchain/arm/arm-gnu-toolchain/bin/../lib/gcc/arm-none-eabi/6.3.1/../../../../arm-none-eabi/lib/thumb/v7e-m\libc.a(lib_a-fclose.o)
                0x00403890                _fclose_r
 .text._fstat_r
                0x00403954       0x28 c:/program files (x86)/atmel/studio/7.0/toolchain/arm/arm-gnu-toolchain/bin/../lib/gcc/arm-none-eabi/6.3.1/../../../../arm-none-eabi/lib/thumb/v7e-m\libc.a(lib_a-fstatr.o)
                0x00403954                _fstat_r
 .text._isatty_r
                0x0040397c       0x24 c:/program files (x86)/atmel/studio/7.0/toolchain/arm/arm-gnu-toolchain/bin/../lib/gcc/arm-none-eabi/6.3.1/../../../../arm-none-eabi/lib/thumb/v7e-m\libc.a(lib_a-isattyr.o)
                0x0040397c                _isatty_r
 .text._lseek_r
                0x004039a0       0x2c c:/program files (x86)/atmel/studio/7.0/toolchain/arm/arm-gnu-toolchain/bin/../lib/gcc/arm-none-eabi/6.3.1/../../../../arm-none-eabi/lib/thumb/v7e-m\libc.a(lib_a-lseekr.o)
                0x004039a0                _lseek_r
 .text._read_r  0x004039cc       0x2c c:/program files (x86)/atmel/studio/7.0/toolchain/arm/arm-gnu-toolchain/bin/../lib/gcc/arm-none-eabi/6.3.1/../../../../arm-none-eabi/lib/thumb/v7e-m\libc.a(lib_a-readr.o)
                0x004039cc                _read_r
 .text          0x004039f8       0x30 c:/program files (x86)/atmel/studio/7.0/toolchain/arm/arm-gnu-toolchain/bin/../lib/gcc/arm-none-eabi/6.3.1/thumb/v7e-m\libgcc.a(_aeabi_uldivmod.o)
                0x004039f8                __aeabi_uldivmod
 .text          0x00403a28      0x2dc c:/program files (x86)/atmel/studio/7.0/toolchain/arm/arm-gnu-toolchain/bin/../lib/gcc/arm-none-eabi/6.3.1/thumb/v7e-m\libgcc.a(_udivmoddi4.o)
                0x00403a28                __udivmoddi4
 .text          0x00403d04        0x4 c:/program files (x86)/atmel/studio/7.0/toolchain/arm/arm-gnu-toolchain/bin/../lib/gcc/arm-none-eabi/6.3.1/thumb/v7e-m\libgcc.a(_dvmd_tls.o)
                0x00403d04                __aeabi_idiv0
                0x00403d04                __aeabi_ldiv0
 *(.glue_7t)
 .glue_7t       0x00403d08        0x0 linker stubs
 *(.glue_7)
 .glue_7        0x00403d08        0x0 linker stubs
 *(.rodata .rodata* .gnu.linkonce.r.*)
 .rodata.main.str1.4
                0x00403d08       0x64 src/trng_example.o
 .rodata._global_impure_ptr
                0x00403d6c        0x4 c:/program files (x86)/atmel/studio/7.0/toolchain/arm/arm-gnu-toolchain/bin/../lib/gcc/arm-none-eabi/6.3.1/../../../../arm-none-eabi/lib/thumb/v7e-m\libc.a(lib_a-impure.o)
                0x00403d6c                _global_impure_ptr
 .rodata._vfiprintf_r.str1.4
                0x00403d70       0x2f c:/program files (x86)/atmel/studio/7.0/toolchain/arm/arm-gnu-toolchain/bin/../lib/gcc/arm-none-eabi/6.3.1/../../../../arm-none-eabi/lib/thumb/v7e-m\libc.a(lib_a-vfiprintf.o)
 *fill*         0x00403d9f        0x1 
 .rodata.blanks.7217
                0x00403da0       0x10 c:/program files (x86)/atmel/studio/7.0/toolchain/arm/arm-gnu-toolchain/bin/../lib/gcc/arm-none-eabi/6.3.1/../../../../arm-none-eabi/lib/thumb/v7e-m\libc.a(lib_a-vfiprintf.o)
 .rodata.zeroes.7218
                0x00403db0       0x10 c:/program files (x86)/atmel/studio/7.0/toolchain/arm/arm-gnu-toolchain/bin/../lib/gcc/arm-none-eabi/6.3.1/../../../../arm-none-eabi/lib/thumb/v7e-m\libc.a(lib_a-vfiprintf.o)
 .rodata._setlocale_r.str1.4
                0x00403dc0        0xa c:/program files (x86)/atmel/studio/7.0/toolchain/arm/arm-gnu-toolchain/bin/../lib/gcc/arm-none-eabi/6.3.1/../../../../arm-none-eabi/lib/thumb/v7e-m\libc.a(lib_a-locale.o)
                                  0xd (size before relaxing)
 *fill*         0x00403dca        0x2 
 .rodata.str1.4
                0x00403dcc        0x4 c:/program files (x86)/atmel/studio/7.0/toolchain/arm/arm-gnu-toolchain/bin/../lib/gcc/arm-none-eabi/6.3.1/../../../../arm-none-eabi/lib/thumb/v7e-m\libc.a(lib_a-locale.o)
                                  0x2 (size before relaxing)
 .rodata._ctype_
                0x00403dd0      0x101 c:/program files (x86)/atmel/studio/7.0/toolchain/arm/arm-gnu-toolchain/bin/../lib/gcc/arm-none-eabi/6.3.1/../../../../arm-none-eabi/lib/thumb/v7e-m\libc.a(lib_a-ctype_.o)
                0x00403dd0                _ctype_
 *(.ARM.extab* .gnu.linkonce.armextab.*)
                0x00403ed4                . = ALIGN (0x4)
 *fill*         0x00403ed1        0x3 
 *(.init)
 .init          0x00403ed4        0x4 c:/program files (x86)/atmel/studio/7.0/toolchain/arm/arm-gnu-toolchain/bin/../lib/gcc/arm-none-eabi/6.3.1/thumb/v7e-m/crti.o
                0x00403ed4                _init
 .init          0x00403ed8        0x8 c:/program files (x86)/atmel/studio/7.0/toolchain/arm/arm-gnu-toolchain/bin/../lib/gcc/arm-none-eabi/6.3.1/thumb/v7e-m/crtn.o
                0x00403ee0                . = ALIGN (0x4)
                0x00403ee0                __preinit_array_start = .
 *(.preinit_array)
                0x00403ee0                __preinit_array_end = .
                0x00403ee0                . = ALIGN (0x4)
                0x00403ee0                __init_array_start = .
 *(SORT(.init_array.*))
 .init_array.00000
                0x00403ee0        0x4 c:/program files (x86)/atmel/studio/7.0/toolchain/arm/arm-gnu-toolchain/bin/../lib/gcc/arm-none-eabi/6.3.1/../../../../arm-none-eabi/lib/thumb/v7e-m\libc.a(lib_a-__call_atexit.o)
 *(.init_array)
 .init_array    0x00403ee4        0x4 c:/program files (x86)/atmel/studio/7.0/toolchain/arm/arm-gnu-toolchain/bin/../lib/gcc/arm-none-eabi/6.3.1/thumb/v7e-m/crtbegin.o
                0x00403ee8                __init_array_end = .
                0x00403ee8                . = ALIGN (0x4)
 *crtbegin.o(.ctors)
 *(EXCLUDE_FILE(*crtend.o) .ctors)
 *(SORT(.ctors.*))
 *crtend.o(.ctors)
                0x00403ee8                . = ALIGN (0x4)
 *(.fini)
 .fini          0x00403ee8        0x4 c:/program files (x86)/atmel/studio/7.0/toolchain/arm/arm-gnu-toolchain/bin/../lib/gcc/arm-none-eabi/6.3.1/thumb/v7e-m/crti.o
                0x00403ee8                _fini
 .fini          0x00403eec        0x8 c:/program files (x86)/atmel/studio/7.0/toolchain/arm/arm-gnu-toolchain/bin/../lib/gcc/arm-none-eabi/6.3.1/thumb/v7e-m/crtn.o
                0x00403ef4                . = ALIGN (0x4)
                0x00403ef4                __fini_array_start = .
 *(.fini_array)
 .fini_array    0x00403ef4        0x4 c:/program files (x86)/atmel/studio/7.0/toolchain/arm/arm-gnu-toolchain/bin/../lib/gcc/arm-none-eabi/6.3.1/thumb/v7e-m/crtbegin.o
 *(SORT(.fini_array.*))
                0x00403ef8                __fini_array_end = .
 *crtbegin.o(.dtors)
 *(EXCLUDE_FILE(*crtend.o) .dtors)
 *(SORT(.dtors.*))
 *crtend.o(.dtors)
                0x00403ef8                . = ALIGN (0x4)
                0x00403ef8                _efixed = .
                [!provide]                PROVIDE (__exidx_start, .)

.vfp11_veneer   0x00403ef8        0x0
 .vfp11_veneer  0x00403ef8        0x0 linker stubs

.v4_bx          0x00403ef8        0x0
 .v4_bx         0x00403ef8        0x0 linker stubs

.iplt           0x00403ef8        0x0
 .iplt          0x00403ef8        0x0 c:/program files (x86)/atmel/studio/7.0/toolchain/arm/arm-gnu-toolchain/bin/../lib/gcc/arm-none-eabi/6.3.1/thumb/v7e-m/crtbegin.o

.ARM.exidx      0x00403ef8        0x8
 *(.ARM.exidx* .gnu.linkonce.armexidx.*)
 .ARM.exidx     0x00403ef8        0x8 c:/program files (x86)/atmel/studio/7.0/toolchain/arm/arm-gnu-toolchain/bin/../lib/gcc/arm-none-eabi/6.3.1/thumb/v7e-m\libgcc.a(_udivmoddi4.o)
                [!provide]                PROVIDE (__exidx_end, .)

.eh_frame       0x00403f00        0x0
 .eh_frame      0x00403f00        0x0 c:/program files (x86)/atmel/studio/7.0/toolchain/arm/arm-gnu-toolchain/bin/../lib/gcc/arm-none-eabi/6.3.1/thumb/v7e-m/crtbegin.o

.rel.dyn        0x00403f00        0x0
 .rel.iplt      0x00403f00        0x0 c:/program files (x86)/atmel/studio/7.0/toolchain/arm/arm-gnu-toolchain/bin/../lib/gcc/arm-none-eabi/6.3.1/thumb/v7e-m/crtbegin.o

.jcr            0x00403f00        0x0
 .jcr           0x00403f00        0x0 c:/program files (x86)/atmel/studio/7.0/toolchain/arm/arm-gnu-toolchain/bin/../lib/gcc/arm-none-eabi/6.3.1/thumb/v7e-m/crtbegin.o

.igot.plt       0x00403f00        0x0
 .igot.plt      0x00403f00        0x0 c:/program files (x86)/atmel/studio/7.0/toolchain/arm/arm-gnu-toolchain/bin/../lib/gcc/arm-none-eabi/6.3.1/thumb/v7e-m/crtbegin.o
                0x00403f00                . = ALIGN (0x4)
                0x00403f00                _etext = .

.relocate       0x20400000      0x9b8 load address 0x00403f00
                0x20400000                . = ALIGN (0x4)
                0x20400000                _srelocate = .
 *(.ramfunc .ramfunc.*)
 *(.data .data.*)
 .data.g_interrupt_enabled
                0x20400000        0x1 src/ASF/common/utils/interrupt/interrupt_sam_nvic.o
                0x20400000                g_interrupt_enabled
 *fill*         0x20400001        0x3 
 .data.SystemCoreClock
                0x20400004        0x4 src/ASF/sam/utils/cmsis/same70/source/templates/system_same70.o
                0x20400004                SystemCoreClock
 .data._impure_ptr
                0x20400008        0x4 c:/program files (x86)/atmel/studio/7.0/toolchain/arm/arm-gnu-toolchain/bin/../lib/gcc/arm-none-eabi/6.3.1/../../../../arm-none-eabi/lib/thumb/v7e-m\libc.a(lib_a-impure.o)
                0x20400008                _impure_ptr
 *fill*         0x2040000c        0x4 
 .data.impure_data
                0x20400010      0x428 c:/program files (x86)/atmel/studio/7.0/toolchain/arm/arm-gnu-toolchain/bin/../lib/gcc/arm-none-eabi/6.3.1/../../../../arm-none-eabi/lib/thumb/v7e-m\libc.a(lib_a-impure.o)
 .data.__atexit_recursive_mutex
                0x20400438        0x4 c:/program files (x86)/atmel/studio/7.0/toolchain/arm/arm-gnu-toolchain/bin/../lib/gcc/arm-none-eabi/6.3.1/../../../../arm-none-eabi/lib/thumb/v7e-m\libc.a(lib_a-__call_atexit.o)
                0x20400438                __atexit_recursive_mutex
 .data.__global_locale
                0x2040043c      0x16c c:/program files (x86)/atmel/studio/7.0/toolchain/arm/arm-gnu-toolchain/bin/../lib/gcc/arm-none-eabi/6.3.1/../../../../arm-none-eabi/lib/thumb/v7e-m\libc.a(lib_a-locale.o)
                0x2040043c                __global_locale
 .data.__malloc_av_
                0x204005a8      0x408 c:/program files (x86)/atmel/studio/7.0/toolchain/arm/arm-gnu-toolchain/bin/../lib/gcc/arm-none-eabi/6.3.1/../../../../arm-none-eabi/lib/thumb/v7e-m\libc.a(lib_a-mallocr.o)
                0x204005a8                __malloc_av_
 .data.__malloc_sbrk_base
                0x204009b0        0x4 c:/program files (x86)/atmel/studio/7.0/toolchain/arm/arm-gnu-toolchain/bin/../lib/gcc/arm-none-eabi/6.3.1/../../../../arm-none-eabi/lib/thumb/v7e-m\libc.a(lib_a-mallocr.o)
                0x204009b0                __malloc_sbrk_base
 .data.__malloc_trim_threshold
                0x204009b4        0x4 c:/program files (x86)/atmel/studio/7.0/toolchain/arm/arm-gnu-toolchain/bin/../lib/gcc/arm-none-eabi/6.3.1/../../../../arm-none-eabi/lib/thumb/v7e-m\libc.a(lib_a-mallocr.o)
                0x204009b4                __malloc_trim_threshold
                0x204009b8                . = ALIGN (0x4)
                0x204009b8                _erelocate = .

.bss            0x204009b8       0xfc load address 0x004048b8
                0x204009b8                . = ALIGN (0x4)
                0x204009b8                _sbss = .
                0x204009b8                _szero = .
 *(.bss .bss.*)
 .bss           0x204009b8       0x1c c:/program files (x86)/atmel/studio/7.0/toolchain/arm/arm-gnu-toolchain/bin/../lib/gcc/arm-none-eabi/6.3.1/thumb/v7e-m/crtbegin.o
 .bss.gs_interrupt_sources
                0x204009d4       0x70 src/ASF/sam/drivers/pio/pio_handler.o
 .bss.ul_reg_val.9514
                0x20400a44        0x4 src/ASF/sam/drivers/usart/usart.o
 .bss.heap.6420
                0x20400a48        0x4 src/ASF/sam/utils/syscalls/gcc/syscalls.o
 .bss.__malloc_current_mallinfo
                0x20400a4c       0x28 c:/program files (x86)/atmel/studio/7.0/toolchain/arm/arm-gnu-toolchain/bin/../lib/gcc/arm-none-eabi/6.3.1/../../../../arm-none-eabi/lib/thumb/v7e-m\libc.a(lib_a-mallocr.o)
                0x20400a4c                __malloc_current_mallinfo
 .bss.__malloc_max_sbrked_mem
                0x20400a74        0x4 c:/program files (x86)/atmel/studio/7.0/toolchain/arm/arm-gnu-toolchain/bin/../lib/gcc/arm-none-eabi/6.3.1/../../../../arm-none-eabi/lib/thumb/v7e-m\libc.a(lib_a-mallocr.o)
                0x20400a74                __malloc_max_sbrked_mem
 .bss.__malloc_max_total_mem
                0x20400a78        0x4 c:/program files (x86)/atmel/studio/7.0/toolchain/arm/arm-gnu-toolchain/bin/../lib/gcc/arm-none-eabi/6.3.1/../../../../arm-none-eabi/lib/thumb/v7e-m\libc.a(lib_a-mallocr.o)
                0x20400a78                __malloc_max_total_mem
 .bss.__malloc_top_pad
                0x20400a7c        0x4 c:/program files (x86)/atmel/studio/7.0/toolchain/arm/arm-gnu-toolchain/bin/../lib/gcc/arm-none-eabi/6.3.1/../../../../arm-none-eabi/lib/thumb/v7e-m\libc.a(lib_a-mallocr.o)
                0x20400a7c                __malloc_top_pad
 *(COMMON)
 COMMON         0x20400a80        0x4 src/ASF/common/utils/stdio/read.o
                0x20400a80                ptr_get
 COMMON         0x20400a84        0x8 src/ASF/common/utils/stdio/write.o
                0x20400a84                ptr_put
                0x20400a88                stdio_base
 COMMON         0x20400a8c       0x21 c:/program files (x86)/atmel/studio/7.0/toolchain/arm/arm-gnu-toolchain/bin/../lib/gcc/arm-none-eabi/6.3.1/../../../../arm-none-eabi/lib/thumb/v7e-m\libc.a(lib_a-lock.o)
                0x20400a8c                __lock___atexit_recursive_mutex
                0x20400a90                __lock___arc4random_mutex
                0x20400a94                __lock___env_recursive_mutex
                0x20400a98                __lock___sinit_recursive_mutex
                0x20400a9c                __lock___malloc_recursive_mutex
                0x20400aa0                __lock___at_quick_exit_mutex
                0x20400aa4                __lock___dd_hash_mutex
                0x20400aa8                __lock___tz_mutex
                0x20400aac                __lock___sfp_recursive_mutex
 *fill*         0x20400aad        0x3 
 COMMON         0x20400ab0        0x4 c:/program files (x86)/atmel/studio/7.0/toolchain/arm/arm-gnu-toolchain/bin/../lib/gcc/arm-none-eabi/6.3.1/../../../../arm-none-eabi/lib/thumb/v7e-m\libc.a(lib_a-reent.o)
                0x20400ab0                errno
                0x20400ab4                . = ALIGN (0x4)
                0x20400ab4                _ebss = .
                0x20400ab4                _ezero = .

.stack          0x20400ab4     0x2004 load address 0x004049b4
                0x20400ab8                . = ALIGN (0x8)
 *fill*         0x20400ab4        0x4 
                0x20400ab8                _sstack = .
                0x20402ab8                . = (. + STACK_SIZE)
 *fill*         0x20400ab8     0x2000 
                0x20402ab8                . = ALIGN (0x8)
                0x20402ab8                _estack = .

.heap           0x20402ab8      0x200 load address 0x004069b8
                0x20402ab8                . = ALIGN (0x8)
                0x20402ab8                _sheap = .
                0x20402cb8                . = (. + HEAP_SIZE)
 *fill*         0x20402ab8      0x200 
                0x20402cb8                . = ALIGN (0x8)
                0x20402cb8                _eheap = .
                0x20402cb8                . = ALIGN (0x4)
                0x20402cb8                _end = .
                0x2045ffff                _ram_end_ = ((ORIGIN (ram) + LENGTH (ram)) - 0x1)
OUTPUT(TRNG_EXAMPLE1.elf elf32-littlearm)

.ARM.attributes
                0x00000000       0x2e
 .ARM.attributes
                0x00000000       0x1e c:/program files (x86)/atmel/studio/7.0/toolchain/arm/arm-gnu-toolchain/bin/../lib/gcc/arm-none-eabi/6.3.1/thumb/v7e-m/crti.o
 .ARM.attributes
                0x0000001e       0x2e c:/program files (x86)/atmel/studio/7.0/toolchain/arm/arm-gnu-toolchain/bin/../lib/gcc/arm-none-eabi/6.3.1/thumb/v7e-m/crtbegin.o
 .ARM.attributes
                0x0000004c       0x37 src/ASF/common/services/clock/same70/sysclk.o
 .ARM.attributes
                0x00000083       0x37 src/ASF/common/utils/interrupt/interrupt_sam_nvic.o
 .ARM.attributes
                0x000000ba       0x37 src/ASF/common/utils/stdio/read.o
 .ARM.attributes
                0x000000f1       0x37 src/ASF/common/utils/stdio/write.o
 .ARM.attributes
                0x00000128       0x37 src/ASF/sam/boards/same70_xplained/init.o
 .ARM.attributes
                0x0000015f       0x37 src/ASF/sam/drivers/pio/pio.o
 .ARM.attributes
                0x00000196       0x37 src/ASF/sam/drivers/pio/pio_handler.o
 .ARM.attributes
                0x000001cd       0x37 src/ASF/sam/drivers/pmc/pmc.o
 .ARM.attributes
                0x00000204       0x37 src/ASF/sam/drivers/trng/trng.o
 .ARM.attributes
                0x0000023b       0x37 src/ASF/sam/drivers/uart/uart.o
 .ARM.attributes
                0x00000272       0x37 src/ASF/sam/drivers/usart/usart.o
 .ARM.attributes
                0x000002a9       0x37 src/ASF/sam/utils/cmsis/same70/source/templates/gcc/startup_same70.o
 .ARM.attributes
                0x000002e0       0x37 src/ASF/sam/utils/cmsis/same70/source/templates/system_same70.o
 .ARM.attributes
                0x00000317       0x37 src/ASF/sam/utils/syscalls/gcc/syscalls.o
 .ARM.attributes
                0x0000034e       0x37 src/trng_example.o
 .ARM.attributes
                0x00000385       0x2e c:/program files (x86)/atmel/studio/7.0/toolchain/arm/arm-gnu-toolchain/bin/../lib/gcc/arm-none-eabi/6.3.1/../../../../arm-none-eabi/lib/thumb/v7e-m\libc.a(lib_a-impure.o)
 .ARM.attributes
                0x000003b3       0x2e c:/program files (x86)/atmel/studio/7.0/toolchain/arm/arm-gnu-toolchain/bin/../lib/gcc/arm-none-eabi/6.3.1/../../../../arm-none-eabi/lib/thumb/v7e-m\libc.a(lib_a-init.o)
 .ARM.attributes
                0x000003e1       0x2e c:/program files (x86)/atmel/studio/7.0/toolchain/arm/arm-gnu-toolchain/bin/../lib/gcc/arm-none-eabi/6.3.1/../../../../arm-none-eabi/lib/thumb/v7e-m\libc.a(lib_a-iprintf.o)
 .ARM.attributes
                0x0000040f       0x2e c:/program files (x86)/atmel/studio/7.0/toolchain/arm/arm-gnu-toolchain/bin/../lib/gcc/arm-none-eabi/6.3.1/../../../../arm-none-eabi/lib/thumb/v7e-m\libc.a(lib_a-memset.o)
 .ARM.attributes
                0x0000043d       0x2e c:/program files (x86)/atmel/studio/7.0/toolchain/arm/arm-gnu-toolchain/bin/../lib/gcc/arm-none-eabi/6.3.1/../../../../arm-none-eabi/lib/thumb/v7e-m\libc.a(lib_a-rand.o)
 .ARM.attributes
                0x0000046b       0x2e c:/program files (x86)/atmel/studio/7.0/toolchain/arm/arm-gnu-toolchain/bin/../lib/gcc/arm-none-eabi/6.3.1/../../../../arm-none-eabi/lib/thumb/v7e-m\libc.a(lib_a-setbuf.o)
 .ARM.attributes
                0x00000499       0x2e c:/program files (x86)/atmel/studio/7.0/toolchain/arm/arm-gnu-toolchain/bin/../lib/gcc/arm-none-eabi/6.3.1/../../../../arm-none-eabi/lib/thumb/v7e-m\libc.a(lib_a-setvbuf.o)
 .ARM.attributes
                0x000004c7       0x2e c:/program files (x86)/atmel/studio/7.0/toolchain/arm/arm-gnu-toolchain/bin/../lib/gcc/arm-none-eabi/6.3.1/../../../../arm-none-eabi/lib/thumb/v7e-m\libc.a(lib_a-vfiprintf.o)
 .ARM.attributes
                0x000004f5       0x2e c:/program files (x86)/atmel/studio/7.0/toolchain/arm/arm-gnu-toolchain/bin/../lib/gcc/arm-none-eabi/6.3.1/../../../../arm-none-eabi/lib/thumb/v7e-m\libc.a(lib_a-wsetup.o)
 .ARM.attributes
                0x00000523       0x2e c:/program files (x86)/atmel/studio/7.0/toolchain/arm/arm-gnu-toolchain/bin/../lib/gcc/arm-none-eabi/6.3.1/../../../../arm-none-eabi/lib/thumb/v7e-m\libc.a(lib_a-__call_atexit.o)
 .ARM.attributes
                0x00000551       0x2e c:/program files (x86)/atmel/studio/7.0/toolchain/arm/arm-gnu-toolchain/bin/../lib/gcc/arm-none-eabi/6.3.1/../../../../arm-none-eabi/lib/thumb/v7e-m\libc.a(lib_a-atexit.o)
 .ARM.attributes
                0x0000057f       0x2e c:/program files (x86)/atmel/studio/7.0/toolchain/arm/arm-gnu-toolchain/bin/../lib/gcc/arm-none-eabi/6.3.1/../../../../arm-none-eabi/lib/thumb/v7e-m\libc.a(lib_a-fflush.o)
 .ARM.attributes
                0x000005ad       0x2e c:/program files (x86)/atmel/studio/7.0/toolchain/arm/arm-gnu-toolchain/bin/../lib/gcc/arm-none-eabi/6.3.1/../../../../arm-none-eabi/lib/thumb/v7e-m\libc.a(lib_a-findfp.o)
 .ARM.attributes
                0x000005db       0x2e c:/program files (x86)/atmel/studio/7.0/toolchain/arm/arm-gnu-toolchain/bin/../lib/gcc/arm-none-eabi/6.3.1/../../../../arm-none-eabi/lib/thumb/v7e-m\libc.a(lib_a-fini.o)
 .ARM.attributes
                0x00000609       0x2e c:/program files (x86)/atmel/studio/7.0/toolchain/arm/arm-gnu-toolchain/bin/../lib/gcc/arm-none-eabi/6.3.1/../../../../arm-none-eabi/lib/thumb/v7e-m\libc.a(lib_a-fputwc.o)
 .ARM.attributes
                0x00000637       0x2e c:/program files (x86)/atmel/studio/7.0/toolchain/arm/arm-gnu-toolchain/bin/../lib/gcc/arm-none-eabi/6.3.1/../../../../arm-none-eabi/lib/thumb/v7e-m\libc.a(lib_a-freer.o)
 .ARM.attributes
                0x00000665       0x2e c:/program files (x86)/atmel/studio/7.0/toolchain/arm/arm-gnu-toolchain/bin/../lib/gcc/arm-none-eabi/6.3.1/../../../../arm-none-eabi/lib/thumb/v7e-m\libc.a(lib_a-fvwrite.o)
 .ARM.attributes
                0x00000693       0x2e c:/program files (x86)/atmel/studio/7.0/toolchain/arm/arm-gnu-toolchain/bin/../lib/gcc/arm-none-eabi/6.3.1/../../../../arm-none-eabi/lib/thumb/v7e-m\libc.a(lib_a-fwalk.o)
 .ARM.attributes
                0x000006c1       0x2e c:/program files (x86)/atmel/studio/7.0/toolchain/arm/arm-gnu-toolchain/bin/../lib/gcc/arm-none-eabi/6.3.1/../../../../arm-none-eabi/lib/thumb/v7e-m\libc.a(lib_a-locale.o)
 .ARM.attributes
                0x000006ef       0x2e c:/program files (x86)/atmel/studio/7.0/toolchain/arm/arm-gnu-toolchain/bin/../lib/gcc/arm-none-eabi/6.3.1/../../../../arm-none-eabi/lib/thumb/v7e-m\libc.a(lib_a-lock.o)
 .ARM.attributes
                0x0000071d       0x2e c:/program files (x86)/atmel/studio/7.0/toolchain/arm/arm-gnu-toolchain/bin/../lib/gcc/arm-none-eabi/6.3.1/../../../../arm-none-eabi/lib/thumb/v7e-m\libc.a(lib_a-makebuf.o)
 .ARM.attributes
                0x0000074b       0x2e c:/program files (x86)/atmel/studio/7.0/toolchain/arm/arm-gnu-toolchain/bin/../lib/gcc/arm-none-eabi/6.3.1/../../../../arm-none-eabi/lib/thumb/v7e-m\libc.a(lib_a-malloc.o)
 .ARM.attributes
                0x00000779       0x2e c:/program files (x86)/atmel/studio/7.0/toolchain/arm/arm-gnu-toolchain/bin/../lib/gcc/arm-none-eabi/6.3.1/../../../../arm-none-eabi/lib/thumb/v7e-m\libc.a(lib_a-mallocr.o)
 .ARM.attributes
                0x000007a7       0x2e c:/program files (x86)/atmel/studio/7.0/toolchain/arm/arm-gnu-toolchain/bin/../lib/gcc/arm-none-eabi/6.3.1/../../../../arm-none-eabi/lib/thumb/v7e-m\libc.a(lib_a-mbtowc_r.o)
 .ARM.attributes
                0x000007d5       0x1c c:/program files (x86)/atmel/studio/7.0/toolchain/arm/arm-gnu-toolchain/bin/../lib/gcc/arm-none-eabi/6.3.1/../../../../arm-none-eabi/lib/thumb/v7e-m\libc.a(lib_a-memchr.o)
 .ARM.attributes
                0x000007f1       0x1c c:/program files (x86)/atmel/studio/7.0/toolchain/arm/arm-gnu-toolchain/bin/../lib/gcc/arm-none-eabi/6.3.1/../../../../arm-none-eabi/lib/thumb/v7e-m\libc.a(lib_a-memcpy.o)
 .ARM.attributes
                0x0000080d       0x2e c:/program files (x86)/atmel/studio/7.0/toolchain/arm/arm-gnu-toolchain/bin/../lib/gcc/arm-none-eabi/6.3.1/../../../../arm-none-eabi/lib/thumb/v7e-m\libc.a(lib_a-memmove.o)
 .ARM.attributes
                0x0000083b       0x2e c:/program files (x86)/atmel/studio/7.0/toolchain/arm/arm-gnu-toolchain/bin/../lib/gcc/arm-none-eabi/6.3.1/../../../../arm-none-eabi/lib/thumb/v7e-m\libc.a(lib_a-mlock.o)
 .ARM.attributes
                0x00000869       0x2e c:/program files (x86)/atmel/studio/7.0/toolchain/arm/arm-gnu-toolchain/bin/../lib/gcc/arm-none-eabi/6.3.1/../../../../arm-none-eabi/lib/thumb/v7e-m\libc.a(lib_a-reallocr.o)
 .ARM.attributes
                0x00000897       0x2e c:/program files (x86)/atmel/studio/7.0/toolchain/arm/arm-gnu-toolchain/bin/../lib/gcc/arm-none-eabi/6.3.1/../../../../arm-none-eabi/lib/thumb/v7e-m\libc.a(lib_a-sbrkr.o)
 .ARM.attributes
                0x000008c5       0x2e c:/program files (x86)/atmel/studio/7.0/toolchain/arm/arm-gnu-toolchain/bin/../lib/gcc/arm-none-eabi/6.3.1/../../../../arm-none-eabi/lib/thumb/v7e-m\libc.a(lib_a-stdio.o)
 .ARM.attributes
                0x000008f3       0x1c c:/program files (x86)/atmel/studio/7.0/toolchain/arm/arm-gnu-toolchain/bin/../lib/gcc/arm-none-eabi/6.3.1/../../../../arm-none-eabi/lib/thumb/v7e-m\libc.a(lib_a-strlen.o)
 .ARM.attributes
                0x0000090f       0x2e c:/program files (x86)/atmel/studio/7.0/toolchain/arm/arm-gnu-toolchain/bin/../lib/gcc/arm-none-eabi/6.3.1/../../../../arm-none-eabi/lib/thumb/v7e-m\libc.a(lib_a-wbuf.o)
 .ARM.attributes
                0x0000093d       0x2e c:/program files (x86)/atmel/studio/7.0/toolchain/arm/arm-gnu-toolchain/bin/../lib/gcc/arm-none-eabi/6.3.1/../../../../arm-none-eabi/lib/thumb/v7e-m\libc.a(lib_a-wcrtomb.o)
 .ARM.attributes
                0x0000096b       0x2e c:/program files (x86)/atmel/studio/7.0/toolchain/arm/arm-gnu-toolchain/bin/../lib/gcc/arm-none-eabi/6.3.1/../../../../arm-none-eabi/lib/thumb/v7e-m\libc.a(lib_a-wctomb_r.o)
 .ARM.attributes
                0x00000999       0x2e c:/program files (x86)/atmel/studio/7.0/toolchain/arm/arm-gnu-toolchain/bin/../lib/gcc/arm-none-eabi/6.3.1/../../../../arm-none-eabi/lib/thumb/v7e-m\libc.a(lib_a-writer.o)
 .ARM.attributes
                0x000009c7       0x2e c:/program files (x86)/atmel/studio/7.0/toolchain/arm/arm-gnu-toolchain/bin/../lib/gcc/arm-none-eabi/6.3.1/../../../../arm-none-eabi/lib/thumb/v7e-m\libc.a(lib_a-__atexit.o)
 .ARM.attributes
                0x000009f5       0x2e c:/program files (x86)/atmel/studio/7.0/toolchain/arm/arm-gnu-toolchain/bin/../lib/gcc/arm-none-eabi/6.3.1/../../../../arm-none-eabi/lib/thumb/v7e-m\libc.a(lib_a-closer.o)
 .ARM.attributes
                0x00000a23       0x2e c:/program files (x86)/atmel/studio/7.0/toolchain/arm/arm-gnu-toolchain/bin/../lib/gcc/arm-none-eabi/6.3.1/../../../../arm-none-eabi/lib/thumb/v7e-m\libc.a(lib_a-ctype_.o)
 .ARM.attributes
                0x00000a51       0x2e c:/program files (x86)/atmel/studio/7.0/toolchain/arm/arm-gnu-toolchain/bin/../lib/gcc/arm-none-eabi/6.3.1/../../../../arm-none-eabi/lib/thumb/v7e-m\libc.a(lib_a-fclose.o)
 .ARM.attributes
                0x00000a7f       0x2e c:/program files (x86)/atmel/studio/7.0/toolchain/arm/arm-gnu-toolchain/bin/../lib/gcc/arm-none-eabi/6.3.1/../../../../arm-none-eabi/lib/thumb/v7e-m\libc.a(lib_a-fstatr.o)
 .ARM.attributes
                0x00000aad       0x2e c:/program files (x86)/atmel/studio/7.0/toolchain/arm/arm-gnu-toolchain/bin/../lib/gcc/arm-none-eabi/6.3.1/../../../../arm-none-eabi/lib/thumb/v7e-m\libc.a(lib_a-isattyr.o)
 .ARM.attributes
                0x00000adb       0x2e c:/program files (x86)/atmel/studio/7.0/toolchain/arm/arm-gnu-toolchain/bin/../lib/gcc/arm-none-eabi/6.3.1/../../../../arm-none-eabi/lib/thumb/v7e-m\libc.a(lib_a-lseekr.o)
 .ARM.attributes
                0x00000b09       0x2e c:/program files (x86)/atmel/studio/7.0/toolchain/arm/arm-gnu-toolchain/bin/../lib/gcc/arm-none-eabi/6.3.1/../../../../arm-none-eabi/lib/thumb/v7e-m\libc.a(lib_a-readr.o)
 .ARM.attributes
                0x00000b37       0x2e c:/program files (x86)/atmel/studio/7.0/toolchain/arm/arm-gnu-toolchain/bin/../lib/gcc/arm-none-eabi/6.3.1/../../../../arm-none-eabi/lib/thumb/v7e-m\libc.a(lib_a-reent.o)
 .ARM.attributes
                0x00000b65       0x1e c:/program files (x86)/atmel/studio/7.0/toolchain/arm/arm-gnu-toolchain/bin/../lib/gcc/arm-none-eabi/6.3.1/thumb/v7e-m\libgcc.a(_aeabi_uldivmod.o)
 .ARM.attributes
                0x00000b83       0x2e c:/program files (x86)/atmel/studio/7.0/toolchain/arm/arm-gnu-toolchain/bin/../lib/gcc/arm-none-eabi/6.3.1/thumb/v7e-m\libgcc.a(_udivmoddi4.o)
 .ARM.attributes
                0x00000bb1       0x1e c:/program files (x86)/atmel/studio/7.0/toolchain/arm/arm-gnu-toolchain/bin/../lib/gcc/arm-none-eabi/6.3.1/thumb/v7e-m\libgcc.a(_dvmd_tls.o)
 .ARM.attributes
                0x00000bcf       0x1e c:/program files (x86)/atmel/studio/7.0/toolchain/arm/arm-gnu-toolchain/bin/../lib/gcc/arm-none-eabi/6.3.1/thumb/v7e-m/crtn.o

.comment        0x00000000       0x59
 .comment       0x00000000       0x59 src/ASF/common/services/clock/same70/sysclk.o
                                 0x5a (size before relaxing)
 .comment       0x00000059       0x5a src/ASF/common/utils/interrupt/interrupt_sam_nvic.o
 .comment       0x00000059       0x5a src/ASF/common/utils/stdio/read.o
 .comment       0x00000059       0x5a src/ASF/common/utils/stdio/write.o
 .comment       0x00000059       0x5a src/ASF/sam/boards/same70_xplained/init.o
 .comment       0x00000059       0x5a src/ASF/sam/drivers/pio/pio.o
 .comment       0x00000059       0x5a src/ASF/sam/drivers/pio/pio_handler.o
 .comment       0x00000059       0x5a src/ASF/sam/drivers/pmc/pmc.o
 .comment       0x00000059       0x5a src/ASF/sam/drivers/trng/trng.o
 .comment       0x00000059       0x5a src/ASF/sam/drivers/uart/uart.o
 .comment       0x00000059       0x5a src/ASF/sam/drivers/usart/usart.o
 .comment       0x00000059       0x5a src/ASF/sam/utils/cmsis/same70/source/templates/gcc/startup_same70.o
 .comment       0x00000059       0x5a src/ASF/sam/utils/cmsis/same70/source/templates/system_same70.o
 .comment       0x00000059       0x5a src/ASF/sam/utils/syscalls/gcc/syscalls.o
 .comment       0x00000059       0x5a src/trng_example.o

.debug_info     0x00000000    0x137bb
 .debug_info    0x00000000     0x12a4 src/ASF/common/services/clock/same70/sysclk.o
 .debug_info    0x000012a4      0xaff src/ASF/common/utils/interrupt/interrupt_sam_nvic.o
 .debug_info    0x00001da3      0xac9 src/ASF/common/utils/stdio/read.o
 .debug_info    0x0000286c      0xac6 src/ASF/common/utils/stdio/write.o
 .debug_info    0x00003332     0x1fdf src/ASF/sam/boards/same70_xplained/init.o
 .debug_info    0x00005311     0x2174 src/ASF/sam/drivers/pio/pio.o
 .debug_info    0x00007485     0x1bb2 src/ASF/sam/drivers/pio/pio_handler.o
 .debug_info    0x00009037     0x1f1c src/ASF/sam/drivers/pmc/pmc.o
 .debug_info    0x0000af53      0xc3e src/ASF/sam/drivers/trng/trng.o
 .debug_info    0x0000bb91     0x1072 src/ASF/sam/drivers/uart/uart.o
 .debug_info    0x0000cc03     0x23ac src/ASF/sam/drivers/usart/usart.o
 .debug_info    0x0000efaf     0x15fe src/ASF/sam/utils/cmsis/same70/source/templates/gcc/startup_same70.o
 .debug_info    0x000105ad      0x5d0 src/ASF/sam/utils/cmsis/same70/source/templates/system_same70.o
 .debug_info    0x00010b7d      0xdb0 src/ASF/sam/utils/syscalls/gcc/syscalls.o
 .debug_info    0x0001192d     0x1e8e src/trng_example.o

.debug_abbrev   0x00000000     0x29bb
 .debug_abbrev  0x00000000      0x31f src/ASF/common/services/clock/same70/sysclk.o
 .debug_abbrev  0x0000031f      0x221 src/ASF/common/utils/interrupt/interrupt_sam_nvic.o
 .debug_abbrev  0x00000540      0x1fe src/ASF/common/utils/stdio/read.o
 .debug_abbrev  0x0000073e      0x1e9 src/ASF/common/utils/stdio/write.o
 .debug_abbrev  0x00000927      0x338 src/ASF/sam/boards/same70_xplained/init.o
 .debug_abbrev  0x00000c5f      0x410 src/ASF/sam/drivers/pio/pio.o
 .debug_abbrev  0x0000106f      0x34d src/ASF/sam/drivers/pio/pio_handler.o
 .debug_abbrev  0x000013bc      0x398 src/ASF/sam/drivers/pmc/pmc.o
 .debug_abbrev  0x00001754      0x205 src/ASF/sam/drivers/trng/trng.o
 .debug_abbrev  0x00001959      0x27b src/ASF/sam/drivers/uart/uart.o
 .debug_abbrev  0x00001bd4      0x3ca src/ASF/sam/drivers/usart/usart.o
 .debug_abbrev  0x00001f9e      0x2f3 src/ASF/sam/utils/cmsis/same70/source/templates/gcc/startup_same70.o
 .debug_abbrev  0x00002291      0x102 src/ASF/sam/utils/cmsis/same70/source/templates/system_same70.o
 .debug_abbrev  0x00002393      0x264 src/ASF/sam/utils/syscalls/gcc/syscalls.o
 .debug_abbrev  0x000025f7      0x3c4 src/trng_example.o

.debug_loc      0x00000000     0x3dbd
 .debug_loc     0x00000000      0x183 src/ASF/common/services/clock/same70/sysclk.o
 .debug_loc     0x00000183       0xb3 src/ASF/common/utils/stdio/read.o
 .debug_loc     0x00000236      0x12b src/ASF/common/utils/stdio/write.o
 .debug_loc     0x00000361      0x202 src/ASF/sam/boards/same70_xplained/init.o
 .debug_loc     0x00000563      0xea4 src/ASF/sam/drivers/pio/pio.o
 .debug_loc     0x00001407      0x59f src/ASF/sam/drivers/pio/pio_handler.o
 .debug_loc     0x000019a6      0xc33 src/ASF/sam/drivers/pmc/pmc.o
 .debug_loc     0x000025d9       0x63 src/ASF/sam/drivers/trng/trng.o
 .debug_loc     0x0000263c      0x2a3 src/ASF/sam/drivers/uart/uart.o
 .debug_loc     0x000028df      0xf35 src/ASF/sam/drivers/usart/usart.o
 .debug_loc     0x00003814       0x77 src/ASF/sam/utils/cmsis/same70/source/templates/gcc/startup_same70.o
 .debug_loc     0x0000388b       0xfd src/ASF/sam/utils/syscalls/gcc/syscalls.o
 .debug_loc     0x00003988      0x435 src/trng_example.o

.debug_aranges  0x00000000      0xa00
 .debug_aranges
                0x00000000       0x40 src/ASF/common/services/clock/same70/sysclk.o
 .debug_aranges
                0x00000040       0x28 src/ASF/common/utils/interrupt/interrupt_sam_nvic.o
 .debug_aranges
                0x00000068       0x20 src/ASF/common/utils/stdio/read.o
 .debug_aranges
                0x00000088       0x20 src/ASF/common/utils/stdio/write.o
 .debug_aranges
                0x000000a8       0x20 src/ASF/sam/boards/same70_xplained/init.o
 .debug_aranges
                0x000000c8      0x1a8 src/ASF/sam/drivers/pio/pio.o
 .debug_aranges
                0x00000270       0x60 src/ASF/sam/drivers/pio/pio_handler.o
 .debug_aranges
                0x000002d0      0x270 src/ASF/sam/drivers/pmc/pmc.o
 .debug_aranges
                0x00000540       0x50 src/ASF/sam/drivers/trng/trng.o
 .debug_aranges
                0x00000590       0xd8 src/ASF/sam/drivers/uart/uart.o
 .debug_aranges
                0x00000668      0x2a8 src/ASF/sam/drivers/usart/usart.o
 .debug_aranges
                0x00000910       0x28 src/ASF/sam/utils/cmsis/same70/source/templates/gcc/startup_same70.o
 .debug_aranges
                0x00000938       0x30 src/ASF/sam/utils/cmsis/same70/source/templates/system_same70.o
 .debug_aranges
                0x00000968       0x60 src/ASF/sam/utils/syscalls/gcc/syscalls.o
 .debug_aranges
                0x000009c8       0x38 src/trng_example.o

.debug_ranges   0x00000000      0xa30
 .debug_ranges  0x00000000       0x30 src/ASF/common/services/clock/same70/sysclk.o
 .debug_ranges  0x00000030       0x18 src/ASF/common/utils/interrupt/interrupt_sam_nvic.o
 .debug_ranges  0x00000048       0x10 src/ASF/common/utils/stdio/read.o
 .debug_ranges  0x00000058       0x10 src/ASF/common/utils/stdio/write.o
 .debug_ranges  0x00000068       0x10 src/ASF/sam/boards/same70_xplained/init.o
 .debug_ranges  0x00000078      0x2a0 src/ASF/sam/drivers/pio/pio.o
 .debug_ranges  0x00000318       0x68 src/ASF/sam/drivers/pio/pio_handler.o
 .debug_ranges  0x00000380      0x260 src/ASF/sam/drivers/pmc/pmc.o
 .debug_ranges  0x000005e0       0x40 src/ASF/sam/drivers/trng/trng.o
 .debug_ranges  0x00000620       0xc8 src/ASF/sam/drivers/uart/uart.o
 .debug_ranges  0x000006e8      0x298 src/ASF/sam/drivers/usart/usart.o
 .debug_ranges  0x00000980       0x18 src/ASF/sam/utils/cmsis/same70/source/templates/gcc/startup_same70.o
 .debug_ranges  0x00000998       0x20 src/ASF/sam/utils/cmsis/same70/source/templates/system_same70.o
 .debug_ranges  0x000009b8       0x50 src/ASF/sam/utils/syscalls/gcc/syscalls.o
 .debug_ranges  0x00000a08       0x28 src/trng_example.o

.debug_macro    0x00000000    0x203d8
 .debug_macro   0x00000000      0x706 src/ASF/common/services/clock/same70/sysclk.o
 .debug_macro   0x00000706      0x8ce src/ASF/common/services/clock/same70/sysclk.o
 .debug_macro   0x00000fd4      0x71d src/ASF/common/services/clock/same70/sysclk.o
 .debug_macro   0x000016f1       0x3a src/ASF/common/services/clock/same70/sysclk.o
 .debug_macro   0x0000172b      0x16d src/ASF/common/services/clock/same70/sysclk.o
 .debug_macro   0x00001898       0x76 src/ASF/common/services/clock/same70/sysclk.o
 .debug_macro   0x0000190e       0x16 src/ASF/common/services/clock/same70/sysclk.o
 .debug_macro   0x00001924      0x6da src/ASF/common/services/clock/same70/sysclk.o
 .debug_macro   0x00001ffe       0x22 src/ASF/common/services/clock/same70/sysclk.o
 .debug_macro   0x00002020       0x87 src/ASF/common/services/clock/same70/sysclk.o
 .debug_macro   0x000020a7       0x51 src/ASF/common/services/clock/same70/sysclk.o
 .debug_macro   0x000020f8       0xef src/ASF/common/services/clock/same70/sysclk.o
 .debug_macro   0x000021e7       0x6a src/ASF/common/services/clock/same70/sysclk.o
 .debug_macro   0x00002251      0x1df src/ASF/common/services/clock/same70/sysclk.o
 .debug_macro   0x00002430       0x51 src/ASF/common/services/clock/same70/sysclk.o
 .debug_macro   0x00002481       0x1c src/ASF/common/services/clock/same70/sysclk.o
 .debug_macro   0x0000249d       0x22 src/ASF/common/services/clock/same70/sysclk.o
 .debug_macro   0x000024bf       0xdf src/ASF/common/services/clock/same70/sysclk.o
 .debug_macro   0x0000259e     0x12cd src/ASF/common/services/clock/same70/sysclk.o
 .debug_macro   0x0000386b      0x11f src/ASF/common/services/clock/same70/sysclk.o
 .debug_macro   0x0000398a       0x19 src/ASF/common/services/clock/same70/sysclk.o
 .debug_macro   0x000039a3      0x191 src/ASF/common/services/clock/same70/sysclk.o
 .debug_macro   0x00003b34      0x2ee src/ASF/common/services/clock/same70/sysclk.o
 .debug_macro   0x00003e22      0xa23 src/ASF/common/services/clock/same70/sysclk.o
 .debug_macro   0x00004845      0x1b4 src/ASF/common/services/clock/same70/sysclk.o
 .debug_macro   0x000049f9      0x35f src/ASF/common/services/clock/same70/sysclk.o
 .debug_macro   0x00004d58      0x15a src/ASF/common/services/clock/same70/sysclk.o
 .debug_macro   0x00004eb2     0x18b3 src/ASF/common/services/clock/same70/sysclk.o
 .debug_macro   0x00006765       0x1c src/ASF/common/services/clock/same70/sysclk.o
 .debug_macro   0x00006781      0x6a2 src/ASF/common/services/clock/same70/sysclk.o
 .debug_macro   0x00006e23      0x27f src/ASF/common/services/clock/same70/sysclk.o
 .debug_macro   0x000070a2      0x3ba src/ASF/common/services/clock/same70/sysclk.o
 .debug_macro   0x0000745c      0x4f0 src/ASF/common/services/clock/same70/sysclk.o
 .debug_macro   0x0000794c      0x5cb src/ASF/common/services/clock/same70/sysclk.o
 .debug_macro   0x00007f17     0x1527 src/ASF/common/services/clock/same70/sysclk.o
 .debug_macro   0x0000943e     0x2a40 src/ASF/common/services/clock/same70/sysclk.o
 .debug_macro   0x0000be7e     0x113e src/ASF/common/services/clock/same70/sysclk.o
 .debug_macro   0x0000cfbc      0xcdb src/ASF/common/services/clock/same70/sysclk.o
 .debug_macro   0x0000dc97      0x3c6 src/ASF/common/services/clock/same70/sysclk.o
 .debug_macro   0x0000e05d       0xa0 src/ASF/common/services/clock/same70/sysclk.o
 .debug_macro   0x0000e0fd       0x76 src/ASF/common/services/clock/same70/sysclk.o
 .debug_macro   0x0000e173      0x442 src/ASF/common/services/clock/same70/sysclk.o
 .debug_macro   0x0000e5b5       0x64 src/ASF/common/services/clock/same70/sysclk.o
 .debug_macro   0x0000e619      0x299 src/ASF/common/services/clock/same70/sysclk.o
 .debug_macro   0x0000e8b2      0x201 src/ASF/common/services/clock/same70/sysclk.o
 .debug_macro   0x0000eab3      0x280 src/ASF/common/services/clock/same70/sysclk.o
 .debug_macro   0x0000ed33      0x539 src/ASF/common/services/clock/same70/sysclk.o
 .debug_macro   0x0000f26c      0x64f src/ASF/common/services/clock/same70/sysclk.o
 .debug_macro   0x0000f8bb      0x6fd src/ASF/common/services/clock/same70/sysclk.o
 .debug_macro   0x0000ffb8       0x64 src/ASF/common/services/clock/same70/sysclk.o
 .debug_macro   0x0001001c      0x4c4 src/ASF/common/services/clock/same70/sysclk.o
 .debug_macro   0x000104e0      0x237 src/ASF/common/services/clock/same70/sysclk.o
 .debug_macro   0x00010717      0xa06 src/ASF/common/services/clock/same70/sysclk.o
 .debug_macro   0x0001111d     0x14ec src/ASF/common/services/clock/same70/sysclk.o
 .debug_macro   0x00012609       0x40 src/ASF/common/services/clock/same70/sysclk.o
 .debug_macro   0x00012649       0x76 src/ASF/common/services/clock/same70/sysclk.o
 .debug_macro   0x000126bf      0xdd1 src/ASF/common/services/clock/same70/sysclk.o
 .debug_macro   0x00013490       0x88 src/ASF/common/services/clock/same70/sysclk.o
 .debug_macro   0x00013518       0x7c src/ASF/common/services/clock/same70/sysclk.o
 .debug_macro   0x00013594       0x52 src/ASF/common/services/clock/same70/sysclk.o
 .debug_macro   0x000135e6      0x133 src/ASF/common/services/clock/same70/sysclk.o
 .debug_macro   0x00013719      0x133 src/ASF/common/services/clock/same70/sysclk.o
 .debug_macro   0x0001384c      0x133 src/ASF/common/services/clock/same70/sysclk.o
 .debug_macro   0x0001397f       0x76 src/ASF/common/services/clock/same70/sysclk.o
 .debug_macro   0x000139f5       0x76 src/ASF/common/services/clock/same70/sysclk.o
 .debug_macro   0x00013a6b      0x2fe src/ASF/common/services/clock/same70/sysclk.o
 .debug_macro   0x00013d69       0xca src/ASF/common/services/clock/same70/sysclk.o
 .debug_macro   0x00013e33       0xca src/ASF/common/services/clock/same70/sysclk.o
 .debug_macro   0x00013efd       0xca src/ASF/common/services/clock/same70/sysclk.o
 .debug_macro   0x00013fc7      0x13b src/ASF/common/services/clock/same70/sysclk.o
 .debug_macro   0x00014102      0x13b src/ASF/common/services/clock/same70/sysclk.o
 .debug_macro   0x0001423d      0x2cd src/ASF/common/services/clock/same70/sysclk.o
 .debug_macro   0x0001450a       0xbe src/ASF/common/services/clock/same70/sysclk.o
 .debug_macro   0x000145c8       0x64 src/ASF/common/services/clock/same70/sysclk.o
 .debug_macro   0x0001462c       0x46 src/ASF/common/services/clock/same70/sysclk.o
 .debug_macro   0x00014672       0x64 src/ASF/common/services/clock/same70/sysclk.o
 .debug_macro   0x000146d6       0xa6 src/ASF/common/services/clock/same70/sysclk.o
 .debug_macro   0x0001477c      0x4b7 src/ASF/common/services/clock/same70/sysclk.o
 .debug_macro   0x00014c33      0x133 src/ASF/common/services/clock/same70/sysclk.o
 .debug_macro   0x00014d66       0x52 src/ASF/common/services/clock/same70/sysclk.o
 .debug_macro   0x00014db8      0x2fe src/ASF/common/services/clock/same70/sysclk.o
 .debug_macro   0x000150b6       0x76 src/ASF/common/services/clock/same70/sysclk.o
 .debug_macro   0x0001512c       0xbe src/ASF/common/services/clock/same70/sysclk.o
 .debug_macro   0x000151ea       0x70 src/ASF/common/services/clock/same70/sysclk.o
 .debug_macro   0x0001525a       0x34 src/ASF/common/services/clock/same70/sysclk.o
 .debug_macro   0x0001528e      0x9b8 src/ASF/common/services/clock/same70/sysclk.o
 .debug_macro   0x00015c46       0x70 src/ASF/common/services/clock/same70/sysclk.o
 .debug_macro   0x00015cb6       0x8e src/ASF/common/services/clock/same70/sysclk.o
 .debug_macro   0x00015d44       0x5e src/ASF/common/services/clock/same70/sysclk.o
 .debug_macro   0x00015da2       0xfa src/ASF/common/services/clock/same70/sysclk.o
 .debug_macro   0x00015e9c       0x4c src/ASF/common/services/clock/same70/sysclk.o
 .debug_macro   0x00015ee8       0x4c src/ASF/common/services/clock/same70/sysclk.o
 .debug_macro   0x00015f34       0x16 src/ASF/common/services/clock/same70/sysclk.o
 .debug_macro   0x00015f4a       0xfa src/ASF/common/services/clock/same70/sysclk.o
 .debug_macro   0x00016044       0x52 src/ASF/common/services/clock/same70/sysclk.o
 .debug_macro   0x00016096       0x16 src/ASF/common/services/clock/same70/sysclk.o
 .debug_macro   0x000160ac       0x52 src/ASF/common/services/clock/same70/sysclk.o
 .debug_macro   0x000160fe       0x2e src/ASF/common/services/clock/same70/sysclk.o
 .debug_macro   0x0001612c      0x1b3 src/ASF/common/services/clock/same70/sysclk.o
 .debug_macro   0x000162df      0x1b3 src/ASF/common/services/clock/same70/sysclk.o
 .debug_macro   0x00016492      0x1b3 src/ASF/common/services/clock/same70/sysclk.o
 .debug_macro   0x00016645      0x1b3 src/ASF/common/services/clock/same70/sysclk.o
 .debug_macro   0x000167f8      0x1b3 src/ASF/common/services/clock/same70/sysclk.o
 .debug_macro   0x000169ab       0x1c src/ASF/common/services/clock/same70/sysclk.o
 .debug_macro   0x000169c7       0x34 src/ASF/common/services/clock/same70/sysclk.o
 .debug_macro   0x000169fb       0x22 src/ASF/common/services/clock/same70/sysclk.o
 .debug_macro   0x00016a1d       0x1c src/ASF/common/services/clock/same70/sysclk.o
 .debug_macro   0x00016a39       0x5e src/ASF/common/services/clock/same70/sysclk.o
 .debug_macro   0x00016a97       0x10 src/ASF/common/services/clock/same70/sysclk.o
 .debug_macro   0x00016aa7       0x1c src/ASF/common/services/clock/same70/sysclk.o
 .debug_macro   0x00016ac3       0x52 src/ASF/common/services/clock/same70/sysclk.o
 .debug_macro   0x00016b15       0x52 src/ASF/common/services/clock/same70/sysclk.o
 .debug_macro   0x00016b67       0x52 src/ASF/common/services/clock/same70/sysclk.o
 .debug_macro   0x00016bb9      0x33e src/ASF/common/services/clock/same70/sysclk.o
 .debug_macro   0x00016ef7     0x10ab src/ASF/common/services/clock/same70/sysclk.o
 .debug_macro   0x00017fa2      0x107 src/ASF/common/services/clock/same70/sysclk.o
 .debug_macro   0x000180a9       0x58 src/ASF/common/services/clock/same70/sysclk.o
 .debug_macro   0x00018101       0x35 src/ASF/common/services/clock/same70/sysclk.o
 .debug_macro   0x00018136       0x9c src/ASF/common/services/clock/same70/sysclk.o
 .debug_macro   0x000181d2       0x16 src/ASF/common/services/clock/same70/sysclk.o
 .debug_macro   0x000181e8       0x35 src/ASF/common/services/clock/same70/sysclk.o
 .debug_macro   0x0001821d      0x34d src/ASF/common/services/clock/same70/sysclk.o
 .debug_macro   0x0001856a       0x10 src/ASF/common/services/clock/same70/sysclk.o
 .debug_macro   0x0001857a       0x58 src/ASF/common/services/clock/same70/sysclk.o
 .debug_macro   0x000185d2       0x1f src/ASF/common/services/clock/same70/sysclk.o
 .debug_macro   0x000185f1       0x43 src/ASF/common/services/clock/same70/sysclk.o
 .debug_macro   0x00018634       0x20 src/ASF/common/services/clock/same70/sysclk.o
 .debug_macro   0x00018654      0x187 src/ASF/common/services/clock/same70/sysclk.o
 .debug_macro   0x000187db       0x10 src/ASF/common/services/clock/same70/sysclk.o
 .debug_macro   0x000187eb       0x1c src/ASF/common/services/clock/same70/sysclk.o
 .debug_macro   0x00018807       0x52 src/ASF/common/services/clock/same70/sysclk.o
 .debug_macro   0x00018859       0x40 src/ASF/common/services/clock/same70/sysclk.o
 .debug_macro   0x00018899       0x10 src/ASF/common/services/clock/same70/sysclk.o
 .debug_macro   0x000188a9       0x40 src/ASF/common/services/clock/same70/sysclk.o
 .debug_macro   0x000188e9       0xd7 src/ASF/common/services/clock/same70/sysclk.o
 .debug_macro   0x000189c0       0x16 src/ASF/common/services/clock/same70/sysclk.o
 .debug_macro   0x000189d6      0x18b src/ASF/common/services/clock/same70/sysclk.o
 .debug_macro   0x00018b61       0x22 src/ASF/common/services/clock/same70/sysclk.o
 .debug_macro   0x00018b83       0x16 src/ASF/common/services/clock/same70/sysclk.o
 .debug_macro   0x00018b99       0x16 src/ASF/common/services/clock/same70/sysclk.o
 .debug_macro   0x00018baf       0x29 src/ASF/common/services/clock/same70/sysclk.o
 .debug_macro   0x00018bd8       0x73 src/ASF/common/services/clock/same70/sysclk.o
 .debug_macro   0x00018c4b       0x3e src/ASF/common/services/clock/same70/sysclk.o
 .debug_macro   0x00018c89      0x3ca src/ASF/common/services/clock/same70/sysclk.o
 .debug_macro   0x00019053      0x2d9 src/ASF/common/services/clock/same70/sysclk.o
 .debug_macro   0x0001932c      0xa91 src/ASF/common/services/clock/same70/sysclk.o
 .debug_macro   0x00019dbd       0x70 src/ASF/common/services/clock/same70/sysclk.o
 .debug_macro   0x00019e2d       0x64 src/ASF/common/services/clock/same70/sysclk.o
 .debug_macro   0x00019e91       0x5f src/ASF/common/services/clock/same70/sysclk.o
 .debug_macro   0x00019ef0       0xac src/ASF/common/services/clock/same70/sysclk.o
 .debug_macro   0x00019f9c      0x68a src/ASF/common/utils/interrupt/interrupt_sam_nvic.o
 .debug_macro   0x0001a626      0x68a src/ASF/common/utils/stdio/read.o
 .debug_macro   0x0001acb0      0x68a src/ASF/common/utils/stdio/write.o
 .debug_macro   0x0001b33a      0x742 src/ASF/sam/boards/same70_xplained/init.o
 .debug_macro   0x0001ba7c       0x16 src/ASF/sam/boards/same70_xplained/init.o
 .debug_macro   0x0001ba92       0x82 src/ASF/sam/boards/same70_xplained/init.o
 .debug_macro   0x0001bb14       0x94 src/ASF/sam/boards/same70_xplained/init.o
 .debug_macro   0x0001bba8      0x6a1 src/ASF/sam/drivers/pio/pio.o
 .debug_macro   0x0001c249       0x8e src/ASF/sam/drivers/pio/pio.o
 .debug_macro   0x0001c2d7      0x6ac src/ASF/sam/drivers/pio/pio_handler.o
 .debug_macro   0x0001c983      0x6a1 src/ASF/sam/drivers/pmc/pmc.o
 .debug_macro   0x0001d024       0x6a src/ASF/sam/drivers/pmc/pmc.o
 .debug_macro   0x0001d08e      0x696 src/ASF/sam/drivers/trng/trng.o
 .debug_macro   0x0001d724      0x69b src/ASF/sam/drivers/uart/uart.o
 .debug_macro   0x0001ddbf       0x16 src/ASF/sam/drivers/uart/uart.o
 .debug_macro   0x0001ddd5      0x6d1 src/ASF/sam/drivers/usart/usart.o
 .debug_macro   0x0001e4a6       0x28 src/ASF/sam/drivers/usart/usart.o
 .debug_macro   0x0001e4ce      0x69a src/ASF/sam/utils/cmsis/same70/source/templates/gcc/startup_same70.o
 .debug_macro   0x0001eb68       0x10 src/ASF/sam/utils/cmsis/same70/source/templates/gcc/startup_same70.o
 .debug_macro   0x0001eb78      0x486 src/ASF/sam/utils/cmsis/same70/source/templates/system_same70.o
 .debug_macro   0x0001effe      0x1d6 src/ASF/sam/utils/syscalls/gcc/syscalls.o
 .debug_macro   0x0001f1d4       0x52 src/ASF/sam/utils/syscalls/gcc/syscalls.o
 .debug_macro   0x0001f226       0x8d src/ASF/sam/utils/syscalls/gcc/syscalls.o
 .debug_macro   0x0001f2b3       0x57 src/ASF/sam/utils/syscalls/gcc/syscalls.o
 .debug_macro   0x0001f30a       0x97 src/ASF/sam/utils/syscalls/gcc/syscalls.o
 .debug_macro   0x0001f3a1      0x353 src/ASF/sam/utils/syscalls/gcc/syscalls.o
 .debug_macro   0x0001f6f4       0xf6 src/ASF/sam/utils/syscalls/gcc/syscalls.o
 .debug_macro   0x0001f7ea       0x4c src/ASF/sam/utils/syscalls/gcc/syscalls.o
 .debug_macro   0x0001f836       0x16 src/ASF/sam/utils/syscalls/gcc/syscalls.o
 .debug_macro   0x0001f84c       0x10 src/ASF/sam/utils/syscalls/gcc/syscalls.o
 .debug_macro   0x0001f85c       0x10 src/ASF/sam/utils/syscalls/gcc/syscalls.o
 .debug_macro   0x0001f86c       0x35 src/ASF/sam/utils/syscalls/gcc/syscalls.o
 .debug_macro   0x0001f8a1      0x122 src/ASF/sam/utils/syscalls/gcc/syscalls.o
 .debug_macro   0x0001f9c3      0x7d4 src/trng_example.o
 .debug_macro   0x00020197       0x40 src/trng_example.o
 .debug_macro   0x000201d7      0x1cf src/trng_example.o
 .debug_macro   0x000203a6       0x16 src/trng_example.o
 .debug_macro   0x000203bc       0x1c src/trng_example.o

.debug_line     0x00000000     0xad7e
 .debug_line    0x00000000      0xb82 src/ASF/common/services/clock/same70/sysclk.o
 .debug_line    0x00000b82      0xa2f src/ASF/common/utils/interrupt/interrupt_sam_nvic.o
 .debug_line    0x000015b1      0xa1a src/ASF/common/utils/stdio/read.o
 .debug_line    0x00001fcb      0xa12 src/ASF/common/utils/stdio/write.o
 .debug_line    0x000029dd      0xc69 src/ASF/sam/boards/same70_xplained/init.o
 .debug_line    0x00003646      0xf16 src/ASF/sam/drivers/pio/pio.o
 .debug_line    0x0000455c      0xafe src/ASF/sam/drivers/pio/pio_handler.o
 .debug_line    0x0000505a     0x10da src/ASF/sam/drivers/pmc/pmc.o
 .debug_line    0x00006134      0xa6e src/ASF/sam/drivers/trng/trng.o
 .debug_line    0x00006ba2      0xbac src/ASF/sam/drivers/uart/uart.o
 .debug_line    0x0000774e     0x10a9 src/ASF/sam/drivers/usart/usart.o
 .debug_line    0x000087f7      0xa9f src/ASF/sam/utils/cmsis/same70/source/templates/gcc/startup_same70.o
 .debug_line    0x00009296      0x81b src/ASF/sam/utils/cmsis/same70/source/templates/system_same70.o
 .debug_line    0x00009ab1      0x40b src/ASF/sam/utils/syscalls/gcc/syscalls.o
 .debug_line    0x00009ebc      0xec2 src/trng_example.o

.debug_str      0x00000000    0x93aa1
 .debug_str     0x00000000    0x8e5aa src/ASF/common/services/clock/same70/sysclk.o
                              0x8ecc9 (size before relaxing)
 .debug_str     0x0008e5aa       0x94 src/ASF/common/utils/interrupt/interrupt_sam_nvic.o
                              0x8a5db (size before relaxing)
 .debug_str     0x0008e63e       0x3f src/ASF/common/utils/stdio/read.o
                              0x8a584 (size before relaxing)
 .debug_str     0x0008e67d       0x2e src/ASF/common/utils/stdio/write.o
                              0x8a585 (size before relaxing)
 .debug_str     0x0008e6ab      0xffd src/ASF/sam/boards/same70_xplained/init.o
                              0x8f8b3 (size before relaxing)
 .debug_str     0x0008f6a8      0x5b8 src/ASF/sam/drivers/pio/pio.o
                              0x8b13d (size before relaxing)
 .debug_str     0x0008fc60      0x4af src/ASF/sam/drivers/pio/pio_handler.o
                              0x8b318 (size before relaxing)
 .debug_str     0x0009010f      0x709 src/ASF/sam/drivers/pmc/pmc.o
                              0x8b313 (size before relaxing)
 .debug_str     0x00090818      0x112 src/ASF/sam/drivers/trng/trng.o
                              0x8a670 (size before relaxing)
 .debug_str     0x0009092a      0x30e src/ASF/sam/drivers/uart/uart.o
                              0x8a8a2 (size before relaxing)
 .debug_str     0x00090c38      0xb49 src/ASF/sam/drivers/usart/usart.o
                              0x8b116 (size before relaxing)
 .debug_str     0x00091781      0x76f src/ASF/sam/utils/cmsis/same70/source/templates/gcc/startup_same70.o
                              0x8ae74 (size before relaxing)
 .debug_str     0x00091ef0      0x137 src/ASF/sam/utils/cmsis/same70/source/templates/system_same70.o
                              0x7a0be (size before relaxing)
 .debug_str     0x00092027      0x787 src/ASF/sam/utils/syscalls/gcc/syscalls.o
                               0x7476 (size before relaxing)
 .debug_str     0x000927ae     0x12f3 src/trng_example.o
                              0x90bbe (size before relaxing)

.debug_frame    0x00000000     0x21dc
 .debug_frame   0x00000000       0x88 src/ASF/common/services/clock/same70/sysclk.o
 .debug_frame   0x00000088       0x30 src/ASF/common/utils/interrupt/interrupt_sam_nvic.o
 .debug_frame   0x000000b8       0x30 src/ASF/common/utils/stdio/read.o
 .debug_frame   0x000000e8       0x48 src/ASF/common/utils/stdio/write.o
 .debug_frame   0x00000130       0x30 src/ASF/sam/boards/same70_xplained/init.o
 .debug_frame   0x00000160      0x390 src/ASF/sam/drivers/pio/pio.o
 .debug_frame   0x000004f0      0x110 src/ASF/sam/drivers/pio/pio_handler.o
 .debug_frame   0x00000600      0x4ec src/ASF/sam/drivers/pmc/pmc.o
 .debug_frame   0x00000aec       0x80 src/ASF/sam/drivers/trng/trng.o
 .debug_frame   0x00000b6c      0x19c src/ASF/sam/drivers/uart/uart.o
 .debug_frame   0x00000d08      0x5c0 src/ASF/sam/drivers/usart/usart.o
 .debug_frame   0x000012c8       0x38 src/ASF/sam/utils/cmsis/same70/source/templates/gcc/startup_same70.o
 .debug_frame   0x00001300       0x40 src/ASF/sam/utils/cmsis/same70/source/templates/system_same70.o
 .debug_frame   0x00001340       0xa0 src/ASF/sam/utils/syscalls/gcc/syscalls.o
 .debug_frame   0x000013e0       0x8c src/trng_example.o
 .debug_frame   0x0000146c       0x2c c:/program files (x86)/atmel/studio/7.0/toolchain/arm/arm-gnu-toolchain/bin/../lib/gcc/arm-none-eabi/6.3.1/../../../../arm-none-eabi/lib/thumb/v7e-m\libc.a(lib_a-init.o)
 .debug_frame   0x00001498       0x74 c:/program files (x86)/atmel/studio/7.0/toolchain/arm/arm-gnu-toolchain/bin/../lib/gcc/arm-none-eabi/6.3.1/../../../../arm-none-eabi/lib/thumb/v7e-m\libc.a(lib_a-iprintf.o)
 .debug_frame   0x0000150c       0x34 c:/program files (x86)/atmel/studio/7.0/toolchain/arm/arm-gnu-toolchain/bin/../lib/gcc/arm-none-eabi/6.3.1/../../../../arm-none-eabi/lib/thumb/v7e-m\libc.a(lib_a-memset.o)
 .debug_frame   0x00001540       0x3c c:/program files (x86)/atmel/studio/7.0/toolchain/arm/arm-gnu-toolchain/bin/../lib/gcc/arm-none-eabi/6.3.1/../../../../arm-none-eabi/lib/thumb/v7e-m\libc.a(lib_a-rand.o)
 .debug_frame   0x0000157c       0x20 c:/program files (x86)/atmel/studio/7.0/toolchain/arm/arm-gnu-toolchain/bin/../lib/gcc/arm-none-eabi/6.3.1/../../../../arm-none-eabi/lib/thumb/v7e-m\libc.a(lib_a-setbuf.o)
 .debug_frame   0x0000159c       0x48 c:/program files (x86)/atmel/studio/7.0/toolchain/arm/arm-gnu-toolchain/bin/../lib/gcc/arm-none-eabi/6.3.1/../../../../arm-none-eabi/lib/thumb/v7e-m\libc.a(lib_a-setvbuf.o)
 .debug_frame   0x000015e4       0xd8 c:/program files (x86)/atmel/studio/7.0/toolchain/arm/arm-gnu-toolchain/bin/../lib/gcc/arm-none-eabi/6.3.1/../../../../arm-none-eabi/lib/thumb/v7e-m\libc.a(lib_a-vfiprintf.o)
 .debug_frame   0x000016bc       0x2c c:/program files (x86)/atmel/studio/7.0/toolchain/arm/arm-gnu-toolchain/bin/../lib/gcc/arm-none-eabi/6.3.1/../../../../arm-none-eabi/lib/thumb/v7e-m\libc.a(lib_a-wsetup.o)
 .debug_frame   0x000016e8       0x5c c:/program files (x86)/atmel/studio/7.0/toolchain/arm/arm-gnu-toolchain/bin/../lib/gcc/arm-none-eabi/6.3.1/../../../../arm-none-eabi/lib/thumb/v7e-m\libc.a(lib_a-__call_atexit.o)
 .debug_frame   0x00001744       0x20 c:/program files (x86)/atmel/studio/7.0/toolchain/arm/arm-gnu-toolchain/bin/../lib/gcc/arm-none-eabi/6.3.1/../../../../arm-none-eabi/lib/thumb/v7e-m\libc.a(lib_a-atexit.o)
 .debug_frame   0x00001764       0x5c c:/program files (x86)/atmel/studio/7.0/toolchain/arm/arm-gnu-toolchain/bin/../lib/gcc/arm-none-eabi/6.3.1/../../../../arm-none-eabi/lib/thumb/v7e-m\libc.a(lib_a-fflush.o)
 .debug_frame   0x000017c0      0x148 c:/program files (x86)/atmel/studio/7.0/toolchain/arm/arm-gnu-toolchain/bin/../lib/gcc/arm-none-eabi/6.3.1/../../../../arm-none-eabi/lib/thumb/v7e-m\libc.a(lib_a-findfp.o)
 .debug_frame   0x00001908       0x34 c:/program files (x86)/atmel/studio/7.0/toolchain/arm/arm-gnu-toolchain/bin/../lib/gcc/arm-none-eabi/6.3.1/../../../../arm-none-eabi/lib/thumb/v7e-m\libc.a(lib_a-fini.o)
 .debug_frame   0x0000193c       0x94 c:/program files (x86)/atmel/studio/7.0/toolchain/arm/arm-gnu-toolchain/bin/../lib/gcc/arm-none-eabi/6.3.1/../../../../arm-none-eabi/lib/thumb/v7e-m\libc.a(lib_a-fputwc.o)
 .debug_frame   0x000019d0       0x74 c:/program files (x86)/atmel/studio/7.0/toolchain/arm/arm-gnu-toolchain/bin/../lib/gcc/arm-none-eabi/6.3.1/../../../../arm-none-eabi/lib/thumb/v7e-m\libc.a(lib_a-freer.o)
 .debug_frame   0x00001a44       0x68 c:/program files (x86)/atmel/studio/7.0/toolchain/arm/arm-gnu-toolchain/bin/../lib/gcc/arm-none-eabi/6.3.1/../../../../arm-none-eabi/lib/thumb/v7e-m\libc.a(lib_a-fvwrite.o)
 .debug_frame   0x00001aac       0x54 c:/program files (x86)/atmel/studio/7.0/toolchain/arm/arm-gnu-toolchain/bin/../lib/gcc/arm-none-eabi/6.3.1/../../../../arm-none-eabi/lib/thumb/v7e-m\libc.a(lib_a-fwalk.o)
 .debug_frame   0x00001b00       0x6c c:/program files (x86)/atmel/studio/7.0/toolchain/arm/arm-gnu-toolchain/bin/../lib/gcc/arm-none-eabi/6.3.1/../../../../arm-none-eabi/lib/thumb/v7e-m\libc.a(lib_a-locale.o)
 .debug_frame   0x00001b6c       0xb0 c:/program files (x86)/atmel/studio/7.0/toolchain/arm/arm-gnu-toolchain/bin/../lib/gcc/arm-none-eabi/6.3.1/../../../../arm-none-eabi/lib/thumb/v7e-m\libc.a(lib_a-lock.o)
 .debug_frame   0x00001c1c       0x68 c:/program files (x86)/atmel/studio/7.0/toolchain/arm/arm-gnu-toolchain/bin/../lib/gcc/arm-none-eabi/6.3.1/../../../../arm-none-eabi/lib/thumb/v7e-m\libc.a(lib_a-makebuf.o)
 .debug_frame   0x00001c84       0x30 c:/program files (x86)/atmel/studio/7.0/toolchain/arm/arm-gnu-toolchain/bin/../lib/gcc/arm-none-eabi/6.3.1/../../../../arm-none-eabi/lib/thumb/v7e-m\libc.a(lib_a-malloc.o)
 .debug_frame   0x00001cb4       0x58 c:/program files (x86)/atmel/studio/7.0/toolchain/arm/arm-gnu-toolchain/bin/../lib/gcc/arm-none-eabi/6.3.1/../../../../arm-none-eabi/lib/thumb/v7e-m\libc.a(lib_a-mallocr.o)
 .debug_frame   0x00001d0c       0x4c c:/program files (x86)/atmel/studio/7.0/toolchain/arm/arm-gnu-toolchain/bin/../lib/gcc/arm-none-eabi/6.3.1/../../../../arm-none-eabi/lib/thumb/v7e-m\libc.a(lib_a-mbtowc_r.o)
 .debug_frame   0x00001d58       0x30 c:/program files (x86)/atmel/studio/7.0/toolchain/arm/arm-gnu-toolchain/bin/../lib/gcc/arm-none-eabi/6.3.1/../../../../arm-none-eabi/lib/thumb/v7e-m\libc.a(lib_a-memmove.o)
 .debug_frame   0x00001d88       0x30 c:/program files (x86)/atmel/studio/7.0/toolchain/arm/arm-gnu-toolchain/bin/../lib/gcc/arm-none-eabi/6.3.1/../../../../arm-none-eabi/lib/thumb/v7e-m\libc.a(lib_a-mlock.o)
 .debug_frame   0x00001db8       0x68 c:/program files (x86)/atmel/studio/7.0/toolchain/arm/arm-gnu-toolchain/bin/../lib/gcc/arm-none-eabi/6.3.1/../../../../arm-none-eabi/lib/thumb/v7e-m\libc.a(lib_a-reallocr.o)
 .debug_frame   0x00001e20       0x2c c:/program files (x86)/atmel/studio/7.0/toolchain/arm/arm-gnu-toolchain/bin/../lib/gcc/arm-none-eabi/6.3.1/../../../../arm-none-eabi/lib/thumb/v7e-m\libc.a(lib_a-sbrkr.o)
 .debug_frame   0x00001e4c       0x88 c:/program files (x86)/atmel/studio/7.0/toolchain/arm/arm-gnu-toolchain/bin/../lib/gcc/arm-none-eabi/6.3.1/../../../../arm-none-eabi/lib/thumb/v7e-m\libc.a(lib_a-stdio.o)
 .debug_frame   0x00001ed4       0x40 c:/program files (x86)/atmel/studio/7.0/toolchain/arm/arm-gnu-toolchain/bin/../lib/gcc/arm-none-eabi/6.3.1/../../../../arm-none-eabi/lib/thumb/v7e-m\libc.a(lib_a-wbuf.o)
 .debug_frame   0x00001f14       0x5c c:/program files (x86)/atmel/studio/7.0/toolchain/arm/arm-gnu-toolchain/bin/../lib/gcc/arm-none-eabi/6.3.1/../../../../arm-none-eabi/lib/thumb/v7e-m\libc.a(lib_a-wcrtomb.o)
 .debug_frame   0x00001f70       0x3c c:/program files (x86)/atmel/studio/7.0/toolchain/arm/arm-gnu-toolchain/bin/../lib/gcc/arm-none-eabi/6.3.1/../../../../arm-none-eabi/lib/thumb/v7e-m\libc.a(lib_a-wctomb_r.o)
 .debug_frame   0x00001fac       0x2c c:/program files (x86)/atmel/studio/7.0/toolchain/arm/arm-gnu-toolchain/bin/../lib/gcc/arm-none-eabi/6.3.1/../../../../arm-none-eabi/lib/thumb/v7e-m\libc.a(lib_a-writer.o)
 .debug_frame   0x00001fd8       0x34 c:/program files (x86)/atmel/studio/7.0/toolchain/arm/arm-gnu-toolchain/bin/../lib/gcc/arm-none-eabi/6.3.1/../../../../arm-none-eabi/lib/thumb/v7e-m\libc.a(lib_a-__atexit.o)
 .debug_frame   0x0000200c       0x2c c:/program files (x86)/atmel/studio/7.0/toolchain/arm/arm-gnu-toolchain/bin/../lib/gcc/arm-none-eabi/6.3.1/../../../../arm-none-eabi/lib/thumb/v7e-m\libc.a(lib_a-closer.o)
 .debug_frame   0x00002038       0x3c c:/program files (x86)/atmel/studio/7.0/toolchain/arm/arm-gnu-toolchain/bin/../lib/gcc/arm-none-eabi/6.3.1/../../../../arm-none-eabi/lib/thumb/v7e-m\libc.a(lib_a-fclose.o)
 .debug_frame   0x00002074       0x2c c:/program files (x86)/atmel/studio/7.0/toolchain/arm/arm-gnu-toolchain/bin/../lib/gcc/arm-none-eabi/6.3.1/../../../../arm-none-eabi/lib/thumb/v7e-m\libc.a(lib_a-fstatr.o)
 .debug_frame   0x000020a0       0x2c c:/program files (x86)/atmel/studio/7.0/toolchain/arm/arm-gnu-toolchain/bin/../lib/gcc/arm-none-eabi/6.3.1/../../../../arm-none-eabi/lib/thumb/v7e-m\libc.a(lib_a-isattyr.o)
 .debug_frame   0x000020cc       0x2c c:/program files (x86)/atmel/studio/7.0/toolchain/arm/arm-gnu-toolchain/bin/../lib/gcc/arm-none-eabi/6.3.1/../../../../arm-none-eabi/lib/thumb/v7e-m\libc.a(lib_a-lseekr.o)
 .debug_frame   0x000020f8       0x2c c:/program files (x86)/atmel/studio/7.0/toolchain/arm/arm-gnu-toolchain/bin/../lib/gcc/arm-none-eabi/6.3.1/../../../../arm-none-eabi/lib/thumb/v7e-m\libc.a(lib_a-readr.o)
 .debug_frame   0x00002124       0x58 c:/program files (x86)/atmel/studio/7.0/toolchain/arm/arm-gnu-toolchain/bin/../lib/gcc/arm-none-eabi/6.3.1/../../../../arm-none-eabi/lib/thumb/v7e-m\libc.a(lib_a-reent.o)
 .debug_frame   0x0000217c       0x2c c:/program files (x86)/atmel/studio/7.0/toolchain/arm/arm-gnu-toolchain/bin/../lib/gcc/arm-none-eabi/6.3.1/thumb/v7e-m\libgcc.a(_aeabi_uldivmod.o)
 .debug_frame   0x000021a8       0x34 c:/program files (x86)/atmel/studio/7.0/toolchain/arm/arm-gnu-toolchain/bin/../lib/gcc/arm-none-eabi/6.3.1/thumb/v7e-m\libgcc.a(_udivmoddi4.o)

Cross Reference Table

Symbol                                            File
ACC_Handler                                       src/ASF/sam/utils/cmsis/same70/source/templates/gcc/startup_same70.o
AES_Handler                                       src/ASF/sam/utils/cmsis/same70/source/templates/gcc/startup_same70.o
AFEC0_Handler                                     src/ASF/sam/utils/cmsis/same70/source/templates/gcc/startup_same70.o
AFEC1_Handler                                     src/ASF/sam/utils/cmsis/same70/source/templates/gcc/startup_same70.o
BusFault_Handler                                  src/ASF/sam/utils/cmsis/same70/source/templates/gcc/startup_same70.o
CCF_Handler                                       src/ASF/sam/utils/cmsis/same70/source/templates/gcc/startup_same70.o
CCW_Handler                                       src/ASF/sam/utils/cmsis/same70/source/templates/gcc/startup_same70.o
DACC_Handler                                      src/ASF/sam/utils/cmsis/same70/source/templates/gcc/startup_same70.o